Sep  5 18:13:41 lnicosia kernel: klogd 1.5.1, log source = /proc/kmsg started.
Sep  5 18:13:42 lnicosia kernel: Cannot find map file.
Sep  5 18:13:42 lnicosia kernel: Loaded 129373 symbols from 1 module.
Sep  5 18:13:42 lnicosia kernel: [    0.000000] Linux version 6.0.0-rc2-00160-gbabef25032bd-dirty (root@lnicosia) (gcc (GCC) 11.2.0, GNU ld (GNU Binutils) 2.37) #2 SMP PREEMPT_DYNAMIC Wed Aug 31 17:41:27 CEST 2022
Sep  5 18:13:42 lnicosia kernel: [    0.000000] Command line: BOOT_IMAGE=/vmlinuz-master-thor root=/dev/sda4 ro
Sep  5 18:13:42 lnicosia kernel: [    0.000000] x86/fpu: Supporting XSAVE feature 0x001: 'x87 floating point registers'
Sep  5 18:13:42 lnicosia kernel: [    0.000000] x86/fpu: Supporting XSAVE feature 0x002: 'SSE registers'
Sep  5 18:13:42 lnicosia kernel: [    0.000000] x86/fpu: Supporting XSAVE feature 0x004: 'AVX registers'
Sep  5 18:13:42 lnicosia kernel: [    0.000000] x86/fpu: xstate_offset[2]:  576, xstate_sizes[2]:  256
Sep  5 18:13:42 lnicosia kernel: [    0.000000] x86/fpu: Enabled xstate features 0x7, context size is 832 bytes, using 'standard' format.
Sep  5 18:13:42 lnicosia kernel: [    0.000000] signal: max sigframe size: 1776
Sep  5 18:13:42 lnicosia kernel: [    0.000000] BIOS-provided physical RAM map:
Sep  5 18:13:42 lnicosia kernel: [    0.000000] BIOS-e820: [mem 0x0000000000000000-0x000000000009fbff] usable
Sep  5 18:13:42 lnicosia kernel: [    0.000000] BIOS-e820: [mem 0x000000000009fc00-0x000000000009ffff] reserved
Sep  5 18:13:42 lnicosia kernel: [    0.000000] BIOS-e820: [mem 0x00000000000f0000-0x00000000000fffff] reserved
Sep  5 18:13:42 lnicosia kernel: [    0.000000] BIOS-e820: [mem 0x0000000000100000-0x000000007ffeffff] usable
Sep  5 18:13:42 lnicosia kernel: [    0.000000] BIOS-e820: [mem 0x000000007fff0000-0x000000007fffffff] ACPI data
Sep  5 18:13:42 lnicosia kernel: [    0.000000] BIOS-e820: [mem 0x00000000fec00000-0x00000000fec00fff] reserved
Sep  5 18:13:42 lnicosia kernel: [    0.000000] BIOS-e820: [mem 0x00000000fee00000-0x00000000fee00fff] reserved
Sep  5 18:13:42 lnicosia kernel: [    0.000000] BIOS-e820: [mem 0x00000000fffc0000-0x00000000ffffffff] reserved
Sep  5 18:13:42 lnicosia kernel: [    0.000000] NX (Execute Disable) protection: active
Sep  5 18:13:42 lnicosia kernel: [    0.000000] SMBIOS 2.5 present.
Sep  5 18:13:42 lnicosia kernel: [    0.000000] DMI: innotek GmbH VirtualBox/VirtualBox, BIOS VirtualBox 12/01/2006
Sep  5 18:13:42 lnicosia kernel: [    0.000000] Hypervisor detected: KVM
Sep  5 18:13:42 lnicosia kernel: [    0.000000] kvm-clock: Using msrs 4b564d01 and 4b564d00
Sep  5 18:13:42 lnicosia kernel: [    0.000002] kvm-clock: using sched offset of 79865201393 cycles
Sep  5 18:13:42 lnicosia kernel: [    0.000004] clocksource: kvm-clock: mask: 0xffffffffffffffff max_cycles: 0x1cd42e4dffb, max_idle_ns: 881590591483 ns
Sep  5 18:13:42 lnicosia kernel: [    0.000006] tsc: Detected 3229.260 MHz processor
Sep  5 18:13:42 lnicosia kernel: [    0.000481] e820: update [mem 0x00000000-0x00000fff] usable ==> reserved
Sep  5 18:13:42 lnicosia kernel: [    0.000484] e820: remove [mem 0x000a0000-0x000fffff] usable
Sep  5 18:13:42 lnicosia kernel: [    0.000487] last_pfn = 0x7fff0 max_arch_pfn = 0x400000000
Sep  5 18:13:42 lnicosia kernel: [    0.000514] Disabled
Sep  5 18:13:42 lnicosia kernel: [    0.000514] x86/PAT: MTRRs disabled, skipping PAT initialization too.
Sep  5 18:13:42 lnicosia kernel: [    0.000520] CPU MTRRs all blank - virtualized system.
Sep  5 18:13:42 lnicosia kernel: [    0.000526] x86/PAT: Configuration [0-7]: WB  WT  UC- UC  WB  WT  UC- UC  
Sep  5 18:13:42 lnicosia kernel: [    0.000580] found SMP MP-table at [mem 0x0009fff0-0x0009ffff]
Sep  5 18:13:42 lnicosia kernel: [    0.000696] ACPI: Early table checksum verification disabled
Sep  5 18:13:42 lnicosia kernel: [    0.000699] ACPI: RSDP 0x00000000000E0000 000024 (v02 VBOX  )
Sep  5 18:13:42 lnicosia kernel: [    0.000703] ACPI: XSDT 0x000000007FFF0030 00003C (v01 VBOX   VBOXXSDT 00000001 ASL  00000061)
Sep  5 18:13:42 lnicosia kernel: [    0.000708] ACPI: FACP 0x000000007FFF00F0 0000F4 (v04 VBOX   VBOXFACP 00000001 ASL  00000061)
Sep  5 18:13:42 lnicosia kernel: [    0.000712] ACPI: DSDT 0x000000007FFF0480 002325 (v02 VBOX   VBOXBIOS 00000002 INTL 20190509)
Sep  5 18:13:42 lnicosia kernel: [    0.000716] ACPI: FACS 0x000000007FFF0200 000040
Sep  5 18:13:42 lnicosia kernel: [    0.000718] ACPI: FACS 0x000000007FFF0200 000040
Sep  5 18:13:42 lnicosia kernel: [    0.000721] ACPI: APIC 0x000000007FFF0240 00006C (v02 VBOX   VBOXAPIC 00000001 ASL  00000061)
Sep  5 18:13:42 lnicosia kernel: [    0.000723] ACPI: SSDT 0x000000007FFF02B0 0001CC (v01 VBOX   VBOXCPUT 00000002 INTL 20190509)
Sep  5 18:13:42 lnicosia kernel: [    0.000726] ACPI: Reserving FACP table memory at [mem 0x7fff00f0-0x7fff01e3]
Sep  5 18:13:42 lnicosia kernel: [    0.000727] ACPI: Reserving DSDT table memory at [mem 0x7fff0480-0x7fff27a4]
Sep  5 18:13:42 lnicosia kernel: [    0.000727] ACPI: Reserving FACS table memory at [mem 0x7fff0200-0x7fff023f]
Sep  5 18:13:42 lnicosia kernel: [    0.000728] ACPI: Reserving FACS table memory at [mem 0x7fff0200-0x7fff023f]
Sep  5 18:13:42 lnicosia kernel: [    0.000729] ACPI: Reserving APIC table memory at [mem 0x7fff0240-0x7fff02ab]
Sep  5 18:13:42 lnicosia kernel: [    0.000729] ACPI: Reserving SSDT table memory at [mem 0x7fff02b0-0x7fff047b]
Sep  5 18:13:42 lnicosia kernel: [    0.001071] No NUMA configuration found
Sep  5 18:13:42 lnicosia kernel: [    0.001072] Faking a node at [mem 0x0000000000000000-0x000000007ffeffff]
Sep  5 18:13:42 lnicosia kernel: [    0.001074] NODE_DATA(0) allocated [mem 0x7ffec000-0x7ffeffff]
Sep  5 18:13:42 lnicosia kernel: [    0.001083] Zone ranges:
Sep  5 18:13:42 lnicosia kernel: [    0.001084]   DMA      [mem 0x0000000000001000-0x0000000000ffffff]
Sep  5 18:13:42 lnicosia kernel: [    0.001086]   DMA32    [mem 0x0000000001000000-0x000000007ffeffff]
Sep  5 18:13:42 lnicosia kernel: [    0.001087]   Normal   empty
Sep  5 18:13:42 lnicosia kernel: [    0.001088] Movable zone start for each node
Sep  5 18:13:42 lnicosia kernel: [    0.001088] Early memory node ranges
Sep  5 18:13:42 lnicosia kernel: [    0.001088]   node   0: [mem 0x0000000000001000-0x000000000009efff]
Sep  5 18:13:42 lnicosia kernel: [    0.001089]   node   0: [mem 0x0000000000100000-0x000000007ffeffff]
Sep  5 18:13:42 lnicosia kernel: [    0.001091] Initmem setup node 0 [mem 0x0000000000001000-0x000000007ffeffff]
Sep  5 18:13:42 lnicosia kernel: [    0.001584] On node 0, zone DMA: 1 pages in unavailable ranges
Sep  5 18:13:42 lnicosia kernel: [    0.001602] On node 0, zone DMA: 97 pages in unavailable ranges
Sep  5 18:13:42 lnicosia kernel: [    0.007589] On node 0, zone DMA32: 16 pages in unavailable ranges
Sep  5 18:13:42 lnicosia kernel: [    0.007900] ACPI: PM-Timer IO Port: 0x4008
Sep  5 18:13:42 lnicosia kernel: [    0.007949] IOAPIC[0]: apic_id 4, version 32, address 0xfec00000, GSI 0-23
Sep  5 18:13:42 lnicosia kernel: [    0.007952] ACPI: INT_SRC_OVR (bus 0 bus_irq 0 global_irq 2 dfl dfl)
Sep  5 18:13:42 lnicosia kernel: [    0.007953] ACPI: INT_SRC_OVR (bus 0 bus_irq 9 global_irq 9 low level)
Sep  5 18:13:42 lnicosia kernel: [    0.007957] ACPI: Using ACPI (MADT) for SMP configuration information
Sep  5 18:13:42 lnicosia kernel: [    0.007963] smpboot: Allowing 4 CPUs, 0 hotplug CPUs
Sep  5 18:13:42 lnicosia kernel: [    0.007980] PM: hibernation: Registered nosave memory: [mem 0x00000000-0x00000fff]
Sep  5 18:13:42 lnicosia kernel: [    0.007981] PM: hibernation: Registered nosave memory: [mem 0x0009f000-0x0009ffff]
Sep  5 18:13:42 lnicosia kernel: [    0.007982] PM: hibernation: Registered nosave memory: [mem 0x000a0000-0x000effff]
Sep  5 18:13:42 lnicosia kernel: [    0.007982] PM: hibernation: Registered nosave memory: [mem 0x000f0000-0x000fffff]
Sep  5 18:13:42 lnicosia kernel: [    0.007984] [mem 0x80000000-0xfebfffff] available for PCI devices
Sep  5 18:13:42 lnicosia kernel: [    0.007985] Booting paravirtualized kernel on KVM
Sep  5 18:13:42 lnicosia kernel: [    0.007986] clocksource: refined-jiffies: mask: 0xffffffff max_cycles: 0xffffffff, max_idle_ns: 1910969940391419 ns
Sep  5 18:13:42 lnicosia kernel: [    0.013095] setup_percpu: NR_CPUS:64 nr_cpumask_bits:64 nr_cpu_ids:4 nr_node_ids:1
Sep  5 18:13:42 lnicosia kernel: [    0.013666] percpu: Embedded 52 pages/cpu s176040 r8192 d28760 u524288
Sep  5 18:13:42 lnicosia kernel: [    0.013671] pcpu-alloc: s176040 r8192 d28760 u524288 alloc=1*2097152
Sep  5 18:13:42 lnicosia kernel: [    0.013674] pcpu-alloc: [0] 0 1 2 3 
Sep  5 18:13:42 lnicosia kernel: [    0.013689] Fallback order for Node 0: 0 
Sep  5 18:13:42 lnicosia kernel: [    0.013691] Built 1 zonelists, mobility grouping on.  Total pages: 515824
Sep  5 18:13:42 lnicosia kernel: [    0.013692] Policy zone: DMA32
Sep  5 18:13:42 lnicosia kernel: [    0.013693] Kernel command line: BOOT_IMAGE=/vmlinuz-master-thor root=/dev/sda4 ro
Sep  5 18:13:42 lnicosia kernel: [    0.013712] Unknown kernel command line parameters "BOOT_IMAGE=/vmlinuz-master-thor", will be passed to user space.
Sep  5 18:13:42 lnicosia kernel: [    0.014236] Dentry cache hash table entries: 262144 (order: 9, 2097152 bytes, linear)
Sep  5 18:13:42 lnicosia kernel: [    0.014275] Inode-cache hash table entries: 131072 (order: 8, 1048576 bytes, linear)
Sep  5 18:13:42 lnicosia kernel: [    0.014346] mem auto-init: stack:off, heap alloc:off, heap free:off
Sep  5 18:13:42 lnicosia kernel: [    0.018169] Memory: 2024184K/2096696K available (16396K kernel code, 2662K rwdata, 5164K rodata, 1528K init, 936K bss, 72252K reserved, 0K cma-reserved)
Sep  5 18:13:42 lnicosia kernel: [    0.018195] SLUB: HWalign=64, Order=0-3, MinObjects=0, CPUs=4, Nodes=1
Sep  5 18:13:42 lnicosia kernel: [    0.018203] Kernel/User page tables isolation: enabled
Sep  5 18:13:42 lnicosia kernel: [    0.019029] Dynamic Preempt: voluntary
Sep  5 18:13:42 lnicosia kernel: [    0.019048] rcu: Preemptible hierarchical RCU implementation.
Sep  5 18:13:42 lnicosia kernel: [    0.019049] rcu: ^IRCU event tracing is enabled.
Sep  5 18:13:42 lnicosia kernel: [    0.019049] rcu: ^IRCU restricting CPUs from NR_CPUS=64 to nr_cpu_ids=4.
Sep  5 18:13:42 lnicosia kernel: [    0.019050] ^ITrampoline variant of Tasks RCU enabled.
Sep  5 18:13:42 lnicosia kernel: [    0.019051] rcu: RCU calculated value of scheduler-enlistment delay is 100 jiffies.
Sep  5 18:13:42 lnicosia kernel: [    0.019052] rcu: Adjusting geometry for rcu_fanout_leaf=16, nr_cpu_ids=4
Sep  5 18:13:42 lnicosia kernel: [    0.020132] NR_IRQS: 4352, nr_irqs: 456, preallocated irqs: 16
Sep  5 18:13:42 lnicosia kernel: [    0.020289] rcu: srcu_init: Setting srcu_struct sizes based on contention.
Sep  5 18:13:42 lnicosia kernel: [    0.020599] random: crng init done
Sep  5 18:13:42 lnicosia kernel: [    0.025329] Console: colour VGA+ 80x25
Sep  5 18:13:42 lnicosia kernel: [    0.025338] printk: console [tty0] enabled
Sep  5 18:13:42 lnicosia kernel: [    0.025348] ACPI: Core revision 20220331
Sep  5 18:13:42 lnicosia kernel: [    0.025414] APIC: Switch to symmetric I/O mode setup
Sep  5 18:13:42 lnicosia kernel: [    0.026424] ..TIMER: vector=0x30 apic1=0 pin1=2 apic2=-1 pin2=-1
Sep  5 18:13:42 lnicosia kernel: [    0.026443] clocksource: tsc-early: mask: 0xffffffffffffffff max_cycles: 0x2e8c42a72a8, max_idle_ns: 440795245067 ns
Sep  5 18:13:42 lnicosia kernel: [    0.026447] Calibrating delay loop (skipped) preset value.. 6458.52 BogoMIPS (lpj=3229260)
Sep  5 18:13:42 lnicosia kernel: [    0.026450] pid_max: default: 32768 minimum: 301
Sep  5 18:13:42 lnicosia kernel: [    0.026460] LSM: Security Framework initializing
Sep  5 18:13:42 lnicosia kernel: [    0.026465] SELinux:  Initializing.
Sep  5 18:13:42 lnicosia kernel: [    0.026484] Mount-cache hash table entries: 4096 (order: 3, 32768 bytes, linear)
Sep  5 18:13:42 lnicosia kernel: [    0.026488] Mountpoint-cache hash table entries: 4096 (order: 3, 32768 bytes, linear)
Sep  5 18:13:42 lnicosia kernel: [    0.026728] Last level iTLB entries: 4KB 128, 2MB 8, 4MB 8
Sep  5 18:13:42 lnicosia kernel: [    0.026729] Last level dTLB entries: 4KB 64, 2MB 0, 4MB 0, 1GB 4
Sep  5 18:13:42 lnicosia kernel: [    0.026733] Spectre V1 : Mitigation: usercopy/swapgs barriers and __user pointer sanitization
Sep  5 18:13:42 lnicosia kernel: [    0.026734] Spectre V2 : Mitigation: Retpolines
Sep  5 18:13:42 lnicosia kernel: [    0.026735] Spectre V2 : Spectre v2 / SpectreRSB mitigation: Filling RSB on context switch
Sep  5 18:13:42 lnicosia kernel: [    0.026735] Spectre V2 : Spectre v2 / SpectreRSB : Filling RSB on VMEXIT
Sep  5 18:13:42 lnicosia kernel: [    0.026736] RETBleed: WARNING: Spectre v2 mitigation leaves CPU vulnerable to RETBleed attacks, data leaks possible!
Sep  5 18:13:42 lnicosia kernel: [    0.027017] RETBleed: Vulnerable
Sep  5 18:13:42 lnicosia kernel: [    0.027018] Speculative Store Bypass: Vulnerable
Sep  5 18:13:42 lnicosia kernel: [    0.027024] MDS: Mitigation: Clear CPU buffers
Sep  5 18:13:42 lnicosia kernel: [    0.027025] MMIO Stale Data: Mitigation: Clear CPU buffers
Sep  5 18:13:42 lnicosia kernel: [    0.027026] SRBDS: Unknown: Dependent on hypervisor status
Sep  5 18:13:42 lnicosia kernel: [    0.039531] Freeing SMP alternatives memory: 44K
Sep  5 18:13:42 lnicosia kernel: [    0.142822] APIC calibration not consistent with PM-Timer: 101ms instead of 100ms
Sep  5 18:13:42 lnicosia kernel: [    0.142825] APIC delta adjusted to PM-Timer: 6249999 (6329689)
Sep  5 18:13:42 lnicosia kernel: [    0.142878] smpboot: CPU0: Intel(R) Core(TM) i5-6500 CPU @ 3.20GHz (family: 0x6, model: 0x5e, stepping: 0x3)
Sep  5 18:13:42 lnicosia kernel: [    0.142979] cblist_init_generic: Setting adjustable number of callback queues.
Sep  5 18:13:42 lnicosia kernel: [    0.142981] cblist_init_generic: Setting shift to 2 and lim to 1.
Sep  5 18:13:42 lnicosia kernel: [    0.142990] Performance Events: unsupported p6 CPU model 94 no PMU driver, software events only.
Sep  5 18:13:42 lnicosia kernel: [    0.143062] rcu: Hierarchical SRCU implementation.
Sep  5 18:13:42 lnicosia kernel: [    0.143063] rcu: ^IMax phase no-delay instances is 400.
Sep  5 18:13:42 lnicosia kernel: [    0.143286] smp: Bringing up secondary CPUs ...
Sep  5 18:13:42 lnicosia kernel: [    0.143335] x86: Booting SMP configuration:
Sep  5 18:13:42 lnicosia kernel: [    0.143336] .... node  #0, CPUs:      #1 #2 #3
Sep  5 18:13:42 lnicosia kernel: [    0.147686] smp: Brought up 1 node, 4 CPUs
Sep  5 18:13:42 lnicosia kernel: [    0.147689] smpboot: Max logical packages: 1
Sep  5 18:13:42 lnicosia kernel: [    0.147690] smpboot: Total of 4 processors activated (25834.08 BogoMIPS)
Sep  5 18:13:42 lnicosia kernel: [    0.147840] devtmpfs: initialized
Sep  5 18:13:42 lnicosia kernel: [    0.148522] clocksource: jiffies: mask: 0xffffffff max_cycles: 0xffffffff, max_idle_ns: 1911260446275000 ns
Sep  5 18:13:42 lnicosia kernel: [    0.148526] futex hash table entries: 1024 (order: 4, 65536 bytes, linear)
Sep  5 18:13:42 lnicosia kernel: [    0.148587] PM: RTC time: 16:12:48, date: 2022-09-05
Sep  5 18:13:42 lnicosia kernel: [    0.148814] NET: Registered PF_NETLINK/PF_ROUTE protocol family
Sep  5 18:13:42 lnicosia kernel: [    0.148868] audit: initializing netlink subsys (disabled)
Sep  5 18:13:42 lnicosia kernel: [    0.148907] audit: type=2000 audit(1662394449.068:1): state=initialized audit_enabled=0 res=1
Sep  5 18:13:42 lnicosia kernel: [    0.148907] thermal_sys: Registered thermal governor 'step_wise'
Sep  5 18:13:42 lnicosia kernel: [    0.148907] thermal_sys: Registered thermal governor 'user_space'
Sep  5 18:13:42 lnicosia kernel: [    0.148907] cpuidle: using governor menu
Sep  5 18:13:42 lnicosia kernel: [    0.148907] PCI: Using configuration type 1 for base access
Sep  5 18:13:42 lnicosia kernel: [    0.150977] kprobes: kprobe jump-optimization is enabled. All kprobes are optimized if possible.
Sep  5 18:13:42 lnicosia kernel: [    0.235626] HugeTLB: registered 2.00 MiB page size, pre-allocated 0 pages
Sep  5 18:13:42 lnicosia kernel: [    0.235626] HugeTLB: 28 KiB vmemmap can be freed for a 2.00 MiB page
Sep  5 18:13:42 lnicosia kernel: [    0.235626] ACPI: Added _OSI(Module Device)
Sep  5 18:13:42 lnicosia kernel: [    0.235626] ACPI: Added _OSI(Processor Device)
Sep  5 18:13:42 lnicosia kernel: [    0.235626] ACPI: Added _OSI(3.0 _SCP Extensions)
Sep  5 18:13:42 lnicosia kernel: [    0.235626] ACPI: Added _OSI(Processor Aggregator Device)
Sep  5 18:13:42 lnicosia kernel: [    0.235626] ACPI: Added _OSI(Linux-Dell-Video)
Sep  5 18:13:42 lnicosia kernel: [    0.235626] ACPI: Added _OSI(Linux-Lenovo-NV-HDMI-Audio)
Sep  5 18:13:42 lnicosia kernel: [    0.235626] ACPI: Added _OSI(Linux-HPI-Hybrid-Graphics)
Sep  5 18:13:42 lnicosia kernel: [    0.237135] ACPI: 2 ACPI AML tables successfully acquired and loaded
Sep  5 18:13:42 lnicosia kernel: [    0.237971] ACPI: Interpreter enabled
Sep  5 18:13:42 lnicosia kernel: [    0.237971] ACPI: PM: (supports S0 S5)
Sep  5 18:13:42 lnicosia kernel: [    0.237971] ACPI: Using IOAPIC for interrupt routing
Sep  5 18:13:42 lnicosia kernel: [    0.237971] PCI: Using host bridge windows from ACPI; if necessary, use "pci=nocrs" and report a bug
Sep  5 18:13:42 lnicosia kernel: [    0.237971] PCI: Using E820 reservations for host bridge windows
Sep  5 18:13:42 lnicosia kernel: [    0.238487] ACPI: Enabled 2 GPEs in block 00 to 07
Sep  5 18:13:42 lnicosia kernel: [    0.241346] ACPI: PCI Root Bridge [PCI0] (domain 0000 [bus 00-ff])
Sep  5 18:13:42 lnicosia kernel: [    0.241351] acpi PNP0A03:00: _OSC: OS supports [ASPM ClockPM Segments MSI HPX-Type3]
Sep  5 18:13:42 lnicosia kernel: [    0.241353] acpi PNP0A03:00: _OSC: not requesting OS control; OS requires [ExtendedConfig ASPM ClockPM MSI]
Sep  5 18:13:42 lnicosia kernel: [    0.241626] acpi PNP0A03:00: fail to add MMCONFIG information, can't access extended PCI configuration space under this bridge.
Sep  5 18:13:42 lnicosia kernel: [    0.241706] PCI host bridge to bus 0000:00
Sep  5 18:13:42 lnicosia kernel: [    0.241707] pci_bus 0000:00: root bus resource [io  0x0000-0x0cf7 window]
Sep  5 18:13:42 lnicosia kernel: [    0.241709] pci_bus 0000:00: root bus resource [io  0x0d00-0xffff window]
Sep  5 18:13:42 lnicosia kernel: [    0.241711] pci_bus 0000:00: root bus resource [mem 0x000a0000-0x000bffff window]
Sep  5 18:13:42 lnicosia kernel: [    0.241712] pci_bus 0000:00: root bus resource [mem 0x80000000-0xfdffffff window]
Sep  5 18:13:42 lnicosia kernel: [    0.241713] pci_bus 0000:00: root bus resource [bus 00-ff]
Sep  5 18:13:42 lnicosia kernel: [    0.241844] pci 0000:00:00.0: [8086:1237] type 00 class 0x060000
Sep  5 18:13:42 lnicosia kernel: [    0.242194] pci 0000:00:01.0: [8086:7000] type 00 class 0x060100
Sep  5 18:13:42 lnicosia kernel: [    0.242732] pci 0000:00:01.1: [8086:7111] type 00 class 0x01018a
Sep  5 18:13:42 lnicosia kernel: [    0.242990] pci 0000:00:01.1: reg 0x20: [io  0xd000-0xd00f]
Sep  5 18:13:42 lnicosia kernel: [    0.243095] pci 0000:00:01.1: legacy IDE quirk: reg 0x10: [io  0x01f0-0x01f7]
Sep  5 18:13:42 lnicosia kernel: [    0.243096] pci 0000:00:01.1: legacy IDE quirk: reg 0x14: [io  0x03f6]
Sep  5 18:13:42 lnicosia kernel: [    0.243097] pci 0000:00:01.1: legacy IDE quirk: reg 0x18: [io  0x0170-0x0177]
Sep  5 18:13:42 lnicosia kernel: [    0.243098] pci 0000:00:01.1: legacy IDE quirk: reg 0x1c: [io  0x0376]
Sep  5 18:13:42 lnicosia kernel: [    0.243213] pci 0000:00:02.0: [15ad:0405] type 00 class 0x030000
Sep  5 18:13:42 lnicosia kernel: [    0.244469] pci 0000:00:02.0: reg 0x10: [io  0xd010-0xd01f]
Sep  5 18:13:42 lnicosia kernel: [    0.246467] pci 0000:00:02.0: reg 0x14: [mem 0xe0000000-0xe7ffffff pref]
Sep  5 18:13:42 lnicosia kernel: [    0.249471] pci 0000:00:02.0: reg 0x18: [mem 0xf0000000-0xf01fffff]
Sep  5 18:13:42 lnicosia kernel: [    0.259555] pci 0000:00:02.0: Video device with shadowed ROM at [mem 0x000c0000-0x000dffff]
Sep  5 18:13:42 lnicosia kernel: [    0.260621] pci 0000:00:03.0: [8086:100e] type 00 class 0x020000
Sep  5 18:13:42 lnicosia kernel: [    0.261446] pci 0000:00:03.0: reg 0x10: [mem 0xf0200000-0xf021ffff]
Sep  5 18:13:42 lnicosia kernel: [    0.262548] pci 0000:00:03.0: reg 0x18: [io  0xd020-0xd027]
Sep  5 18:13:42 lnicosia kernel: [    0.266829] pci 0000:00:04.0: [80ee:cafe] type 00 class 0x088000
Sep  5 18:13:42 lnicosia kernel: [    0.267536] pci 0000:00:04.0: reg 0x10: [io  0xd040-0xd05f]
Sep  5 18:13:42 lnicosia kernel: [    0.268475] pci 0000:00:04.0: reg 0x14: [mem 0xf0400000-0xf07fffff]
Sep  5 18:13:42 lnicosia kernel: [    0.269497] pci 0000:00:04.0: reg 0x18: [mem 0xf0800000-0xf0803fff pref]
Sep  5 18:13:42 lnicosia kernel: [    0.273480] pci 0000:00:05.0: [8086:2415] type 00 class 0x040100
Sep  5 18:13:42 lnicosia kernel: [    0.273573] pci 0000:00:05.0: reg 0x10: [io  0xd100-0xd1ff]
Sep  5 18:13:42 lnicosia kernel: [    0.273618] pci 0000:00:05.0: reg 0x14: [io  0xd200-0xd23f]
Sep  5 18:13:42 lnicosia kernel: [    0.273959] pci 0000:00:07.0: [8086:7113] type 00 class 0x068000
Sep  5 18:13:42 lnicosia kernel: [    0.274487] pci 0000:00:07.0: quirk: [io  0x4000-0x403f] claimed by PIIX4 ACPI
Sep  5 18:13:42 lnicosia kernel: [    0.274495] pci 0000:00:07.0: quirk: [io  0x4100-0x410f] claimed by PIIX4 SMB
Sep  5 18:13:42 lnicosia kernel: [    0.274661] pci 0000:00:0c.0: [8086:1e31] type 00 class 0x0c0330
Sep  5 18:13:42 lnicosia kernel: [    0.275446] pci 0000:00:0c.0: reg 0x10: [mem 0xf0810000-0xf081ffff]
Sep  5 18:13:42 lnicosia kernel: [    0.280643] pci 0000:00:0d.0: [8086:2829] type 00 class 0x010601
Sep  5 18:13:42 lnicosia kernel: [    0.281446] pci 0000:00:0d.0: reg 0x10: [io  0xd240-0xd247]
Sep  5 18:13:42 lnicosia kernel: [    0.281536] pci 0000:00:0d.0: reg 0x14: [io  0xd248-0xd24b]
Sep  5 18:13:42 lnicosia kernel: [    0.282543] pci 0000:00:0d.0: reg 0x18: [io  0xd250-0xd257]
Sep  5 18:13:42 lnicosia kernel: [    0.283549] pci 0000:00:0d.0: reg 0x1c: [io  0xd258-0xd25b]
Sep  5 18:13:42 lnicosia kernel: [    0.284562] pci 0000:00:0d.0: reg 0x20: [io  0xd260-0xd26f]
Sep  5 18:13:42 lnicosia kernel: [    0.285486] pci 0000:00:0d.0: reg 0x24: [mem 0xf0820000-0xf0821fff]
Sep  5 18:13:42 lnicosia kernel: [    0.287944] ACPI: PCI: Interrupt link LNKA configured for IRQ 11
Sep  5 18:13:42 lnicosia kernel: [    0.288120] ACPI: PCI: Interrupt link LNKB configured for IRQ 10
Sep  5 18:13:42 lnicosia kernel: [    0.288177] ACPI: PCI: Interrupt link LNKC configured for IRQ 9
Sep  5 18:13:42 lnicosia kernel: [    0.288232] ACPI: PCI: Interrupt link LNKD configured for IRQ 11
Sep  5 18:13:42 lnicosia kernel: [    0.288352] iommu: Default domain type: Translated 
Sep  5 18:13:42 lnicosia kernel: [    0.288355] iommu: DMA domain TLB invalidation policy: lazy mode 
Sep  5 18:13:42 lnicosia kernel: [    0.288447] SCSI subsystem initialized
Sep  5 18:13:42 lnicosia kernel: [    0.288513] libata version 3.00 loaded.
Sep  5 18:13:42 lnicosia kernel: [    0.288528] ACPI: bus type USB registered
Sep  5 18:13:42 lnicosia kernel: [    0.288549] usbcore: registered new interface driver usbfs
Sep  5 18:13:42 lnicosia kernel: [    0.288554] usbcore: registered new interface driver hub
Sep  5 18:13:42 lnicosia kernel: [    0.288559] usbcore: registered new device driver usb
Sep  5 18:13:42 lnicosia kernel: [    0.288568] pps_core: LinuxPPS API ver. 1 registered
Sep  5 18:13:42 lnicosia kernel: [    0.288569] pps_core: Software ver. 5.3.6 - Copyright 2005-2007 Rodolfo Giometti <giometti@linux.it>
Sep  5 18:13:42 lnicosia kernel: [    0.288570] PTP clock support registered
Sep  5 18:13:42 lnicosia kernel: [    0.288607] Advanced Linux Sound Architecture Driver Initialized.
Sep  5 18:13:42 lnicosia kernel: [    0.288679] NetLabel: Initializing
Sep  5 18:13:42 lnicosia kernel: [    0.288680] NetLabel:  domain hash size = 128
Sep  5 18:13:42 lnicosia kernel: [    0.288681] NetLabel:  protocols = UNLABELED CIPSOv4 CALIPSO
Sep  5 18:13:42 lnicosia kernel: [    0.288696] NetLabel:  unlabeled traffic allowed by default
Sep  5 18:13:42 lnicosia kernel: [    0.288716] PCI: Using ACPI for IRQ routing
Sep  5 18:13:42 lnicosia kernel: [    0.288716] PCI: pci_cache_line_size set to 64 bytes
Sep  5 18:13:42 lnicosia kernel: [    0.289551] e820: reserve RAM buffer [mem 0x0009fc00-0x0009ffff]
Sep  5 18:13:42 lnicosia kernel: [    0.289555] e820: reserve RAM buffer [mem 0x7fff0000-0x7fffffff]
Sep  5 18:13:42 lnicosia kernel: [    0.289578] pci 0000:00:02.0: vgaarb: setting as boot VGA device
Sep  5 18:13:42 lnicosia kernel: [    0.289578] pci 0000:00:02.0: vgaarb: bridge control possible
Sep  5 18:13:42 lnicosia kernel: [    0.289578] pci 0000:00:02.0: vgaarb: VGA device added: decodes=io+mem,owns=io+mem,locks=none
Sep  5 18:13:42 lnicosia kernel: [    0.289578] vgaarb: loaded
Sep  5 18:13:42 lnicosia kernel: [    0.289620] clocksource: Switched to clocksource kvm-clock
Sep  5 18:13:42 lnicosia kernel: [    0.296232] VFS: Disk quotas dquot_6.6.0
Sep  5 18:13:42 lnicosia kernel: [    0.296242] VFS: Dquot-cache hash table entries: 512 (order 0, 4096 bytes)
Sep  5 18:13:42 lnicosia kernel: [    0.296278] pnp: PnP ACPI init
Sep  5 18:13:42 lnicosia kernel: [    0.296815] pnp: PnP ACPI: found 2 devices
Sep  5 18:13:42 lnicosia kernel: [    0.309774] clocksource: acpi_pm: mask: 0xffffff max_cycles: 0xffffff, max_idle_ns: 2085701024 ns
Sep  5 18:13:42 lnicosia kernel: [    0.309799] NET: Registered PF_INET protocol family
Sep  5 18:13:42 lnicosia kernel: [    0.309840] IP idents hash table entries: 32768 (order: 6, 262144 bytes, linear)
Sep  5 18:13:42 lnicosia kernel: [    0.310170] tcp_listen_portaddr_hash hash table entries: 1024 (order: 2, 16384 bytes, linear)
Sep  5 18:13:42 lnicosia kernel: [    0.310174] Table-perturb hash table entries: 65536 (order: 6, 262144 bytes, linear)
Sep  5 18:13:42 lnicosia kernel: [    0.310176] TCP established hash table entries: 16384 (order: 5, 131072 bytes, linear)
Sep  5 18:13:42 lnicosia kernel: [    0.310192] TCP bind hash table entries: 16384 (order: 6, 262144 bytes, linear)
Sep  5 18:13:42 lnicosia kernel: [    0.310219] TCP: Hash tables configured (established 16384 bind 16384)
Sep  5 18:13:42 lnicosia kernel: [    0.310239] UDP hash table entries: 1024 (order: 3, 32768 bytes, linear)
Sep  5 18:13:42 lnicosia kernel: [    0.310243] UDP-Lite hash table entries: 1024 (order: 3, 32768 bytes, linear)
Sep  5 18:13:42 lnicosia kernel: [    0.310264] NET: Registered PF_UNIX/PF_LOCAL protocol family
Sep  5 18:13:42 lnicosia kernel: [    0.310598] RPC: Registered named UNIX socket transport module.
Sep  5 18:13:42 lnicosia kernel: [    0.310599] RPC: Registered udp transport module.
Sep  5 18:13:42 lnicosia kernel: [    0.310599] RPC: Registered tcp transport module.
Sep  5 18:13:42 lnicosia kernel: [    0.310600] RPC: Registered tcp NFSv4.1 backchannel transport module.
Sep  5 18:13:42 lnicosia kernel: [    0.310851] pci_bus 0000:00: resource 4 [io  0x0000-0x0cf7 window]
Sep  5 18:13:42 lnicosia kernel: [    0.310854] pci_bus 0000:00: resource 5 [io  0x0d00-0xffff window]
Sep  5 18:13:42 lnicosia kernel: [    0.310856] pci_bus 0000:00: resource 6 [mem 0x000a0000-0x000bffff window]
Sep  5 18:13:42 lnicosia kernel: [    0.310857] pci_bus 0000:00: resource 7 [mem 0x80000000-0xfdffffff window]
Sep  5 18:13:42 lnicosia kernel: [    0.310882] pci 0000:00:00.0: Limiting direct PCI/PCI transfers
Sep  5 18:13:42 lnicosia kernel: [    0.311660] PCI: CLS 0 bytes, default 64
Sep  5 18:13:42 lnicosia kernel: [    0.311945] RAPL PMU: API unit is 2^-32 Joules, 0 fixed counters, 10737418240 ms ovfl timer
Sep  5 18:13:42 lnicosia kernel: [    0.311952] clocksource: tsc: mask: 0xffffffffffffffff max_cycles: 0x2e8c42a72a8, max_idle_ns: 440795245067 ns
Sep  5 18:13:42 lnicosia kernel: [    0.312077] clocksource: Switched to clocksource tsc
Sep  5 18:13:42 lnicosia kernel: [    0.312089] platform rtc_cmos: registered platform RTC device (no PNP device found)
Sep  5 18:13:42 lnicosia kernel: [    0.313695] Initialise system trusted keyrings
Sep  5 18:13:42 lnicosia kernel: [    0.313856] workingset: timestamp_bits=56 max_order=19 bucket_order=0
Sep  5 18:13:42 lnicosia kernel: [    0.314998] NFS: Registering the id_resolver key type
Sep  5 18:13:42 lnicosia kernel: [    0.315001] Key type id_resolver registered
Sep  5 18:13:42 lnicosia kernel: [    0.315002] Key type id_legacy registered
Sep  5 18:13:42 lnicosia kernel: [    0.315061] 9p: Installing v9fs 9p2000 file system support
Sep  5 18:13:42 lnicosia kernel: [    0.322364] Key type asymmetric registered
Sep  5 18:13:42 lnicosia kernel: [    0.322365] Asymmetric key parser 'x509' registered
Sep  5 18:13:42 lnicosia kernel: [    0.322373] Block layer SCSI generic (bsg) driver version 0.4 loaded (major 251)
Sep  5 18:13:42 lnicosia kernel: [    0.322380] io scheduler mq-deadline registered
Sep  5 18:13:42 lnicosia kernel: [    0.322380] io scheduler kyber registered
Sep  5 18:13:42 lnicosia kernel: [    0.322819] ACPI: AC: AC Adapter [AC] (on-line)
Sep  5 18:13:42 lnicosia kernel: [    0.322851] input: Power Button as /devices/LNXSYSTM:00/LNXPWRBN:00/input/input0
Sep  5 18:13:42 lnicosia kernel: [    0.322877] ACPI: button: Power Button [PWRF]
Sep  5 18:13:42 lnicosia kernel: [    0.322923] input: Sleep Button as /devices/LNXSYSTM:00/LNXSLPBN:00/input/input1
Sep  5 18:13:42 lnicosia kernel: [    0.322934] ACPI: button: Sleep Button [SLPF]
Sep  5 18:13:42 lnicosia kernel: [    0.322989] ACPI: video: Video Device [GFX0] (multi-head: yes  rom: no  post: no)
Sep  5 18:13:42 lnicosia kernel: [    0.323025] input: Video Bus as /devices/LNXSYSTM:00/LNXSYBUS:00/PNP0A03:00/LNXVIDEO:00/input/input2
Sep  5 18:13:42 lnicosia kernel: [    0.323483] Serial: 8250/16550 driver, 4 ports, IRQ sharing enabled
Sep  5 18:13:42 lnicosia kernel: [    0.324328] Non-volatile memory driver v1.3
Sep  5 18:13:42 lnicosia kernel: [    0.324329] Linux agpgart interface v0.103
Sep  5 18:13:42 lnicosia kernel: [    0.324382] ACPI: bus type drm_connector registered
Sep  5 18:13:42 lnicosia kernel: [    0.326455] loop: module loaded
Sep  5 18:13:42 lnicosia kernel: [    0.326498] ahci 0000:00:0d.0: version 3.0
Sep  5 18:13:42 lnicosia kernel: [    0.326886] ahci 0000:00:0d.0: SSS flag set, parallel bus scan disabled
Sep  5 18:13:42 lnicosia kernel: [    0.326972] ahci 0000:00:0d.0: AHCI 0001.0100 32 slots 1 ports 3 Gbps 0x1 impl SATA mode
Sep  5 18:13:42 lnicosia kernel: [    0.326975] ahci 0000:00:0d.0: flags: 64bit ncq stag only ccc 
Sep  5 18:13:42 lnicosia kernel: [    0.327354] scsi host0: ahci
Sep  5 18:13:42 lnicosia kernel: [    0.327399] ata1: SATA max UDMA/133 abar m8192@0xf0820000 port 0xf0820100 irq 21
Sep  5 18:13:42 lnicosia kernel: [    0.327426] ata_piix 0000:00:01.1: version 2.13
Sep  5 18:13:42 lnicosia kernel: [    0.327925] scsi host1: ata_piix
Sep  5 18:13:42 lnicosia kernel: [    0.328211] scsi host2: ata_piix
Sep  5 18:13:42 lnicosia kernel: [    0.328230] ata2: PATA max UDMA/33 cmd 0x1f0 ctl 0x3f6 bmdma 0xd000 irq 14
Sep  5 18:13:42 lnicosia kernel: [    0.328232] ata3: PATA max UDMA/33 cmd 0x170 ctl 0x376 bmdma 0xd008 irq 15
Sep  5 18:13:42 lnicosia kernel: [    0.328403] e100: Intel(R) PRO/100 Network Driver
Sep  5 18:13:42 lnicosia kernel: [    0.328404] e100: Copyright(c) 1999-2006 Intel Corporation
Sep  5 18:13:42 lnicosia kernel: [    0.328409] e1000: Intel(R) PRO/1000 Network Driver
Sep  5 18:13:42 lnicosia kernel: [    0.328410] e1000: Copyright (c) 1999-2006 Intel Corporation.
Sep  5 18:13:42 lnicosia kernel: [    0.493265] ata3.00: ATAPI: VBOX CD-ROM, 1.0, max UDMA/133
Sep  5 18:13:42 lnicosia kernel: [    0.640316] ata1: SATA link up 3.0 Gbps (SStatus 123 SControl 300)
Sep  5 18:13:42 lnicosia kernel: [    0.640443] ata1.00: ATA-6: VBOX HARDDISK, 1.0, max UDMA/133
Sep  5 18:13:42 lnicosia kernel: [    0.640445] ata1.00: 134217728 sectors, multi 128: LBA48 NCQ (depth 32)
Sep  5 18:13:42 lnicosia kernel: [    0.640740] ata1.00: configured for UDMA/133
Sep  5 18:13:42 lnicosia kernel: [    0.640794] scsi 0:0:0:0: Direct-Access     ATA      VBOX HARDDISK    1.0  PQ: 0 ANSI: 5
Sep  5 18:13:42 lnicosia kernel: [    0.641127] scsi 0:0:0:0: Attached scsi generic sg0 type 0
Sep  5 18:13:42 lnicosia kernel: [    0.641249] sd 0:0:0:0: [sda] 134217728 512-byte logical blocks: (68.7 GB/64.0 GiB)
Sep  5 18:13:42 lnicosia kernel: [    0.641255] sd 0:0:0:0: [sda] Write Protect is off
Sep  5 18:13:42 lnicosia kernel: [    0.641256] sd 0:0:0:0: [sda] Mode Sense: 00 3a 00 00
Sep  5 18:13:42 lnicosia kernel: [    0.641263] sd 0:0:0:0: [sda] Write cache: enabled, read cache: enabled, doesn't support DPO or FUA
Sep  5 18:13:42 lnicosia kernel: [    0.641271] sd 0:0:0:0: [sda] Preferred minimum I/O size 512 bytes
Sep  5 18:13:42 lnicosia kernel: [    0.641832] scsi 2:0:0:0: CD-ROM            VBOX     CD-ROM           1.0  PQ: 0 ANSI: 5
Sep  5 18:13:42 lnicosia kernel: [    0.659052] sr 2:0:0:0: [sr0] scsi3-mmc drive: 32x/32x xa/form2 tray
Sep  5 18:13:42 lnicosia kernel: [    0.659054] cdrom: Uniform CD-ROM driver Revision: 3.20
Sep  5 18:13:42 lnicosia kernel: [    0.675952] sr 2:0:0:0: Attached scsi CD-ROM sr0
Sep  5 18:13:42 lnicosia kernel: [    0.676084] sr 2:0:0:0: Attached scsi generic sg1 type 5
Sep  5 18:13:42 lnicosia kernel: [    0.709367]  sda: sda1 sda2 sda3 sda4
Sep  5 18:13:42 lnicosia kernel: [    0.710303] sd 0:0:0:0: [sda] Attached SCSI disk
Sep  5 18:13:42 lnicosia kernel: [    0.936516] e1000 0000:00:03.0 eth0: (PCI:33MHz:32-bit) 08:00:27:64:f3:dd
Sep  5 18:13:42 lnicosia kernel: [    0.936516] e1000 0000:00:03.0 eth0: Intel(R) PRO/1000 Network Connection
Sep  5 18:13:42 lnicosia kernel: [    0.936516] e1000e: Intel(R) PRO/1000 Network Driver
Sep  5 18:13:42 lnicosia kernel: [    0.936516] e1000e: Copyright(c) 1999 - 2015 Intel Corporation.
Sep  5 18:13:42 lnicosia kernel: [    0.936516] sky2: driver version 1.30
Sep  5 18:13:42 lnicosia kernel: [    0.937612] ehci_hcd: USB 2.0 'Enhanced' Host Controller (EHCI) Driver
Sep  5 18:13:42 lnicosia kernel: [    0.937613] ehci-pci: EHCI PCI platform driver
Sep  5 18:13:42 lnicosia kernel: [    0.937622] ohci_hcd: USB 1.1 'Open' Host Controller (OHCI) Driver
Sep  5 18:13:42 lnicosia kernel: [    0.937624] ohci-pci: OHCI PCI platform driver
Sep  5 18:13:42 lnicosia kernel: [    0.937630] uhci_hcd: USB Universal Host Controller Interface driver
Sep  5 18:13:42 lnicosia kernel: [    0.938073] xhci_hcd 0000:00:0c.0: xHCI Host Controller
Sep  5 18:13:42 lnicosia kernel: [    0.938222] xhci_hcd 0000:00:0c.0: new USB bus registered, assigned bus number 1
Sep  5 18:13:42 lnicosia kernel: [    0.939492] xhci_hcd 0000:00:0c.0: hcc params 0x04000000 hci version 0x100 quirks 0x000000000000b930
Sep  5 18:13:42 lnicosia kernel: [    0.939714] xhci_hcd 0000:00:0c.0: xHCI Host Controller
Sep  5 18:13:42 lnicosia kernel: [    0.939849] xhci_hcd 0000:00:0c.0: new USB bus registered, assigned bus number 2
Sep  5 18:13:42 lnicosia kernel: [    0.939851] xhci_hcd 0000:00:0c.0: Host supports USB 3.0 SuperSpeed
Sep  5 18:13:42 lnicosia kernel: [    0.939922] usb usb1: New USB device found, idVendor=1d6b, idProduct=0002, bcdDevice= 6.00
Sep  5 18:13:42 lnicosia kernel: [    0.939925] usb usb1: New USB device strings: Mfr=3, Product=2, SerialNumber=1
Sep  5 18:13:42 lnicosia kernel: [    0.939926] usb usb1: Product: xHCI Host Controller
Sep  5 18:13:42 lnicosia kernel: [    0.939927] usb usb1: Manufacturer: Linux 6.0.0-rc2-00160-gbabef25032bd-dirty xhci-hcd
Sep  5 18:13:42 lnicosia kernel: [    0.939928] usb usb1: SerialNumber: 0000:00:0c.0
Sep  5 18:13:42 lnicosia kernel: [    0.940134] hub 1-0:1.0: USB hub found
Sep  5 18:13:42 lnicosia kernel: [    0.940175] hub 1-0:1.0: 8 ports detected
Sep  5 18:13:42 lnicosia kernel: [    0.940421] usb usb2: New USB device found, idVendor=1d6b, idProduct=0003, bcdDevice= 6.00
Sep  5 18:13:42 lnicosia kernel: [    0.940423] usb usb2: New USB device strings: Mfr=3, Product=2, SerialNumber=1
Sep  5 18:13:42 lnicosia kernel: [    0.940425] usb usb2: Product: xHCI Host Controller
Sep  5 18:13:42 lnicosia kernel: [    0.940426] usb usb2: Manufacturer: Linux 6.0.0-rc2-00160-gbabef25032bd-dirty xhci-hcd
Sep  5 18:13:42 lnicosia kernel: [    0.940427] usb usb2: SerialNumber: 0000:00:0c.0
Sep  5 18:13:42 lnicosia kernel: [    0.940630] hub 2-0:1.0: USB hub found
Sep  5 18:13:42 lnicosia kernel: [    0.940653] hub 2-0:1.0: 6 ports detected
Sep  5 18:13:42 lnicosia kernel: [    0.940830] usbcore: registered new interface driver usblp
Sep  5 18:13:42 lnicosia kernel: [    0.940839] usbcore: registered new interface driver usb-storage
Sep  5 18:13:42 lnicosia kernel: [    0.940869] i8042: PNP: PS/2 Controller [PNP0303:PS2K,PNP0f03:PS2M] at 0x60,0x64 irq 1,12
Sep  5 18:13:42 lnicosia kernel: [    0.941264] serio: i8042 KBD port at 0x60,0x64 irq 1
Sep  5 18:13:42 lnicosia kernel: [    0.941268] serio: i8042 AUX port at 0x60,0x64 irq 12
Sep  5 18:13:42 lnicosia kernel: [    0.942228] input: AT Translated Set 2 keyboard as /devices/platform/i8042/serio0/input/input3
Sep  5 18:13:42 lnicosia kernel: [    0.948660] rtc_cmos rtc_cmos: registered as rtc0
Sep  5 18:13:42 lnicosia kernel: [    0.949145] rtc_cmos rtc_cmos: alarms up to one day, 114 bytes nvram
Sep  5 18:13:42 lnicosia kernel: [    0.949167] fail to initialize ptp_kvm
Sep  5 18:13:42 lnicosia kernel: [    0.949315] device-mapper: ioctl: 4.47.0-ioctl (2022-07-28) initialised: dm-devel@redhat.com
Sep  5 18:13:42 lnicosia kernel: [    0.949466] intel_pstate: CPU model not supported
Sep  5 18:13:42 lnicosia kernel: [    0.949477] hid: raw HID events driver (C) Jiri Kosina
Sep  5 18:13:42 lnicosia kernel: [    0.949580] usbcore: registered new interface driver usbhid
Sep  5 18:13:42 lnicosia kernel: [    0.949581] usbhid: USB HID core driver
Sep  5 18:13:42 lnicosia kernel: [    0.950090] Initializing XFRM netlink socket
Sep  5 18:13:42 lnicosia kernel: [    0.950151] NET: Registered PF_INET6 protocol family
Sep  5 18:13:42 lnicosia kernel: [    0.950706] Segment Routing with IPv6
Sep  5 18:13:42 lnicosia kernel: [    0.950711] In-situ OAM (IOAM) with IPv6
Sep  5 18:13:42 lnicosia kernel: [    0.950735] sit: IPv6, IPv4 and MPLS over IPv4 tunneling driver
Sep  5 18:13:42 lnicosia kernel: [    0.950828] NET: Registered PF_PACKET protocol family
Sep  5 18:13:42 lnicosia kernel: [    0.950853] 9pnet: Installing 9P2000 support
Sep  5 18:13:42 lnicosia kernel: [    0.950863] Key type dns_resolver registered
Sep  5 18:13:42 lnicosia kernel: [    0.951381] IPI shorthand broadcast: enabled
Sep  5 18:13:42 lnicosia kernel: [    0.951398] sched_clock: Marking stable (945476897, 5882899)->(950512621, 847175)
Sep  5 18:13:42 lnicosia kernel: [    0.951673] registered taskstats version 1
Sep  5 18:13:42 lnicosia kernel: [    0.951674] Loading compiled-in X.509 certificates
Sep  5 18:13:42 lnicosia kernel: [    0.951948] cryptomgr_test (67) used greatest stack depth: 15528 bytes left
Sep  5 18:13:42 lnicosia kernel: [    0.955012] PM:   Magic number: 6:259:236
Sep  5 18:13:42 lnicosia kernel: [    0.955032] rtc_cmos rtc_cmos: hash matches
Sep  5 18:13:42 lnicosia kernel: [    0.955048] printk: console [netcon0] enabled
Sep  5 18:13:42 lnicosia kernel: [    0.955050] netconsole: network logging started
Sep  5 18:13:42 lnicosia kernel: [    0.955203] cfg80211: Loading compiled-in X.509 certificates for regulatory database
Sep  5 18:13:42 lnicosia kernel: [    0.955321] kworker/u8:3 (89) used greatest stack depth: 14776 bytes left
Sep  5 18:13:42 lnicosia kernel: [    0.955829] cfg80211: Loaded X.509 cert 'sforshee: 00b28ddf47aef9cea7'
Sep  5 18:13:42 lnicosia kernel: [    0.955834] ALSA device list:
Sep  5 18:13:42 lnicosia kernel: [    0.955835]   No soundcards found.
Sep  5 18:13:42 lnicosia kernel: [    0.955863] platform regulatory.0: Direct firmware load for regulatory.db failed with error -2
Sep  5 18:13:42 lnicosia kernel: [    0.955865] cfg80211: failed to load regulatory.db
Sep  5 18:13:42 lnicosia kernel: [    1.553073] input: ImExPS/2 Generic Explorer Mouse as /devices/platform/i8042/serio1/input/input5
Sep  5 18:13:42 lnicosia kernel: [    1.554022] md: Waiting for all devices to be available before autodetect
Sep  5 18:13:42 lnicosia kernel: [    1.554027] md: If you don't use raid, use raid=noautodetect
Sep  5 18:13:42 lnicosia kernel: [    1.554030] md: Autodetecting RAID arrays.
Sep  5 18:13:42 lnicosia kernel: [    1.554032] md: autorun ...
Sep  5 18:13:42 lnicosia kernel: [    1.554034] md: ... autorun DONE.
Sep  5 18:13:42 lnicosia kernel: [    1.635141] usb 1-1: new full-speed USB device number 2 using xhci_hcd
Sep  5 18:13:42 lnicosia kernel: [    1.798654] EXT4-fs (sda4): INFO: recovery required on readonly filesystem
Sep  5 18:13:42 lnicosia kernel: [    1.798663] EXT4-fs (sda4): write access will be enabled during recovery
Sep  5 18:13:42 lnicosia kernel: [    1.863381] usb 1-1: New USB device found, idVendor=80ee, idProduct=0021, bcdDevice= 1.00
Sep  5 18:13:42 lnicosia kernel: [    1.863395] usb 1-1: New USB device strings: Mfr=1, Product=3, SerialNumber=0
Sep  5 18:13:42 lnicosia kernel: [    1.863400] usb 1-1: Product: USB Tablet
Sep  5 18:13:42 lnicosia kernel: [    1.863405] usb 1-1: Manufacturer: VirtualBox
Sep  5 18:13:42 lnicosia kernel: [    1.868797] input: VirtualBox USB Tablet as /devices/pci0000:00/0000:00:0c.0/usb1/1-1/1-1:1.0/0003:80EE:0021.0001/input/input6
Sep  5 18:13:42 lnicosia kernel: [    1.869794] hid-generic 0003:80EE:0021.0001: input,hidraw0: USB HID v1.10 Mouse [VirtualBox USB Tablet] on usb-0000:00:0c.0-1/input0
Sep  5 18:13:42 lnicosia kernel: [   22.190615] EXT4-fs (sda4): recovery complete
Sep  5 18:13:42 lnicosia kernel: [   22.253924] EXT4-fs (sda4): mounted filesystem with ordered data mode. Quota mode: none.
Sep  5 18:13:42 lnicosia kernel: [   22.253994] VFS: Mounted root (ext4 filesystem) readonly on device 8:4.
Sep  5 18:13:42 lnicosia kernel: [   22.515813] devtmpfs: mounted
Sep  5 18:13:42 lnicosia kernel: [   22.517346] Freeing unused kernel image (initmem) memory: 1528K
Sep  5 18:13:42 lnicosia kernel: [   22.517605] Write protecting the kernel read-only data: 24576k
Sep  5 18:13:42 lnicosia kernel: [   22.519421] Freeing unused kernel image (text/rodata gap) memory: 2032K
Sep  5 18:13:42 lnicosia kernel: [   22.520344] Freeing unused kernel image (rodata/data gap) memory: 980K
Sep  5 18:13:42 lnicosia kernel: [   22.520608] Run /sbin/init as init process
Sep  5 18:13:42 lnicosia kernel: [   22.520612]   with arguments:
Sep  5 18:13:42 lnicosia kernel: [   22.520614]     /sbin/init
Sep  5 18:13:42 lnicosia kernel: [   22.520616]   with environment:
Sep  5 18:13:42 lnicosia kernel: [   22.520618]     HOME=/
Sep  5 18:13:42 lnicosia kernel: [   22.520620]     TERM=linux
Sep  5 18:13:42 lnicosia kernel: [   22.520622]     BOOT_IMAGE=/vmlinuz-master-thor
Sep  5 18:13:42 lnicosia kernel: [   23.553243] ext4lazyinit (96) used greatest stack depth: 14544 bytes left
Sep  5 18:13:42 lnicosia kernel: [   27.843417] stty (99) used greatest stack depth: 13720 bytes left
Sep  5 18:13:42 lnicosia kernel: [   28.893656] dmesg (100) used greatest stack depth: 13704 bytes left
Sep  5 18:13:42 lnicosia kernel: [   30.311247] mountpoint (105) used greatest stack depth: 13600 bytes left
Sep  5 18:13:42 lnicosia kernel: [   32.234418] date (114) used greatest stack depth: 13456 bytes left
Sep  5 18:13:42 lnicosia kernel: [   34.001022] ip (151) used greatest stack depth: 13104 bytes left
Sep  5 18:13:42 lnicosia kernel: <30>[   35.783875] udevd[176]: starting version 3.2.10
Sep  5 18:13:42 lnicosia kernel: <30>[   42.116683] udevd[177]: starting eudev-3.2.10
Sep  5 18:13:42 lnicosia kernel: [   43.773280] e1000 0000:00:03.0 enp0s3: renamed from eth0
Sep  5 18:13:42 lnicosia kernel: [   44.393899] Adding 2097148k swap on /dev/sda2.  Priority:1 extents:1 across:2097148k 
Sep  5 18:13:42 lnicosia kernel: [   44.563809] EXT4-fs (sda4): re-mounted. Quota mode: none.
Sep  5 18:13:42 lnicosia kernel: [   45.983660] super_cool_keyboard_module: version magic '6.0.0-rc2-00159-g4c612826bec1 SMP preempt mod_unload ' should be '6.0.0-rc2-00160-gbabef25032bd-dirty SMP preempt mod_unload '
Sep  5 18:13:42 lnicosia kernel: [   45.983754] super_cool_keyboard_module: version magic '6.0.0-rc2-00159-g4c612826bec1 SMP preempt mod_unload ' should be '6.0.0-rc2-00160-gbabef25032bd-dirty SMP preempt mod_unload '
Sep  5 18:13:42 lnicosia kernel: [   45.992086] super_cool_keyboard_module: version magic '6.0.0-rc2-00159-g4c612826bec1 SMP preempt mod_unload ' should be '6.0.0-rc2-00160-gbabef25032bd-dirty SMP preempt mod_unload '
Sep  5 18:13:42 lnicosia kernel: [   45.992404] super_cool_keyboard_module: version magic '6.0.0-rc2-00159-g4c612826bec1 SMP preempt mod_unload ' should be '6.0.0-rc2-00160-gbabef25032bd-dirty SMP preempt mod_unload '
Sep  5 18:13:42 lnicosia kernel: [   46.179540] super_cool_keyboard_module: version magic '6.0.0-rc2-00159-g4c612826bec1 SMP preempt mod_unload ' should be '6.0.0-rc2-00160-gbabef25032bd-dirty SMP preempt mod_unload '
Sep  5 18:13:42 lnicosia kernel: [   46.185847] super_cool_keyboard_module: version magic '6.0.0-rc2-00159-g4c612826bec1 SMP preempt mod_unload ' should be '6.0.0-rc2-00160-gbabef25032bd-dirty SMP preempt mod_unload '
Sep  5 18:13:42 lnicosia kernel: [   46.348884] EXT4-fs (sda4): re-mounted. Quota mode: none.
Sep  5 18:13:42 lnicosia kernel: [   46.984220] EXT4-fs (sda3): warning: mounting unchecked fs, running e2fsck is recommended
Sep  5 18:13:42 lnicosia kernel: [   47.044140] EXT4-fs (sda3): mounted filesystem without journal. Quota mode: none.
Sep  5 18:13:43 lnicosia kernel: [   54.567086] e1000: enp0s3 NIC Link is Up 1000 Mbps Full Duplex, Flow Control: RX
Sep  5 18:13:43 lnicosia kernel: [   54.569253] IPv6: ADDRCONF(NETDEV_CHANGE): enp0s3: link becomes ready
