Aug 31 17:21:58 lnicosia kernel: klogd 1.5.1, log source = /proc/kmsg started.
Aug 31 17:21:58 lnicosia kernel: Cannot find map file.
Aug 31 17:21:59 lnicosia kernel: Loaded 129821 symbols from 1 module.
Aug 31 17:21:59 lnicosia kernel: [    0.000000] Linux version 6.0.0-rc3-next-20220829 (root@lnicosia) (gcc (GCC) 11.2.0, GNU ld (GNU Binutils) 2.37) #1 SMP PREEMPT_DYNAMIC Mon Aug 29 11:25:32 CEST 2022
Aug 31 17:21:59 lnicosia kernel: [    0.000000] Command line: BOOT_IMAGE=/vmlinuz-next root=/dev/sda4 ro
Aug 31 17:21:59 lnicosia kernel: [    0.000000] x86/fpu: Supporting XSAVE feature 0x001: 'x87 floating point registers'
Aug 31 17:21:59 lnicosia kernel: [    0.000000] x86/fpu: Supporting XSAVE feature 0x002: 'SSE registers'
Aug 31 17:21:59 lnicosia kernel: [    0.000000] x86/fpu: Supporting XSAVE feature 0x004: 'AVX registers'
Aug 31 17:21:59 lnicosia kernel: [    0.000000] x86/fpu: xstate_offset[2]:  576, xstate_sizes[2]:  256
Aug 31 17:21:59 lnicosia kernel: [    0.000000] x86/fpu: Enabled xstate features 0x7, context size is 832 bytes, using 'standard' format.
Aug 31 17:21:59 lnicosia kernel: [    0.000000] signal: max sigframe size: 1776
Aug 31 17:21:59 lnicosia kernel: [    0.000000] BIOS-provided physical RAM map:
Aug 31 17:21:59 lnicosia kernel: [    0.000000] BIOS-e820: [mem 0x0000000000000000-0x000000000009fbff] usable
Aug 31 17:21:59 lnicosia kernel: [    0.000000] BIOS-e820: [mem 0x000000000009fc00-0x000000000009ffff] reserved
Aug 31 17:21:59 lnicosia kernel: [    0.000000] BIOS-e820: [mem 0x00000000000f0000-0x00000000000fffff] reserved
Aug 31 17:21:59 lnicosia kernel: [    0.000000] BIOS-e820: [mem 0x0000000000100000-0x000000007ffeffff] usable
Aug 31 17:21:59 lnicosia kernel: [    0.000000] BIOS-e820: [mem 0x000000007fff0000-0x000000007fffffff] ACPI data
Aug 31 17:21:59 lnicosia kernel: [    0.000000] BIOS-e820: [mem 0x00000000fec00000-0x00000000fec00fff] reserved
Aug 31 17:21:59 lnicosia kernel: [    0.000000] BIOS-e820: [mem 0x00000000fee00000-0x00000000fee00fff] reserved
Aug 31 17:21:59 lnicosia kernel: [    0.000000] BIOS-e820: [mem 0x00000000fffc0000-0x00000000ffffffff] reserved
Aug 31 17:21:59 lnicosia kernel: [    0.000000] NX (Execute Disable) protection: active
Aug 31 17:21:59 lnicosia kernel: [    0.000000] SMBIOS 2.5 present.
Aug 31 17:21:59 lnicosia kernel: [    0.000000] DMI: innotek GmbH VirtualBox/VirtualBox, BIOS VirtualBox 12/01/2006
Aug 31 17:21:59 lnicosia kernel: [    0.000000] Hypervisor detected: KVM
Aug 31 17:21:59 lnicosia kernel: [    0.000000] kvm-clock: Using msrs 4b564d01 and 4b564d00
Aug 31 17:21:59 lnicosia kernel: [    0.000003] kvm-clock: using sched offset of 16243642545 cycles
Aug 31 17:21:59 lnicosia kernel: [    0.000007] clocksource: kvm-clock: mask: 0xffffffffffffffff max_cycles: 0x1cd42e4dffb, max_idle_ns: 881590591483 ns
Aug 31 17:21:59 lnicosia kernel: [    0.000010] tsc: Detected 2890.470 MHz processor
Aug 31 17:21:59 lnicosia kernel: [    0.000697] e820: update [mem 0x00000000-0x00000fff] usable ==> reserved
Aug 31 17:21:59 lnicosia kernel: [    0.000701] e820: remove [mem 0x000a0000-0x000fffff] usable
Aug 31 17:21:59 lnicosia kernel: [    0.000706] last_pfn = 0x7fff0 max_arch_pfn = 0x400000000
Aug 31 17:21:59 lnicosia kernel: [    0.000717] Disabled
Aug 31 17:21:59 lnicosia kernel: [    0.000718] x86/PAT: MTRRs disabled, skipping PAT initialization too.
Aug 31 17:21:59 lnicosia kernel: [    0.000720] CPU MTRRs all blank - virtualized system.
Aug 31 17:21:59 lnicosia kernel: [    0.000723] x86/PAT: Configuration [0-7]: WB  WT  UC- UC  WB  WT  UC- UC  
Aug 31 17:21:59 lnicosia kernel: [    0.000794] found SMP MP-table at [mem 0x0009fff0-0x0009ffff]
Aug 31 17:21:59 lnicosia kernel: [    0.000973] ACPI: Early table checksum verification disabled
Aug 31 17:21:59 lnicosia kernel: [    0.000977] ACPI: RSDP 0x00000000000E0000 000024 (v02 VBOX  )
Aug 31 17:21:59 lnicosia kernel: [    0.000982] ACPI: XSDT 0x000000007FFF0030 00003C (v01 VBOX   VBOXXSDT 00000001 ASL  00000061)
Aug 31 17:21:59 lnicosia kernel: [    0.000988] ACPI: FACP 0x000000007FFF00F0 0000F4 (v04 VBOX   VBOXFACP 00000001 ASL  00000061)
Aug 31 17:21:59 lnicosia kernel: [    0.000995] ACPI: DSDT 0x000000007FFF0480 002325 (v02 VBOX   VBOXBIOS 00000002 INTL 20190509)
Aug 31 17:21:59 lnicosia kernel: [    0.000999] ACPI: FACS 0x000000007FFF0200 000040
Aug 31 17:21:59 lnicosia kernel: [    0.001002] ACPI: FACS 0x000000007FFF0200 000040
Aug 31 17:21:59 lnicosia kernel: [    0.001006] ACPI: APIC 0x000000007FFF0240 00006C (v02 VBOX   VBOXAPIC 00000001 ASL  00000061)
Aug 31 17:21:59 lnicosia kernel: [    0.001010] ACPI: SSDT 0x000000007FFF02B0 0001CC (v01 VBOX   VBOXCPUT 00000002 INTL 20190509)
Aug 31 17:21:59 lnicosia kernel: [    0.001012] ACPI: Reserving FACP table memory at [mem 0x7fff00f0-0x7fff01e3]
Aug 31 17:21:59 lnicosia kernel: [    0.001014] ACPI: Reserving DSDT table memory at [mem 0x7fff0480-0x7fff27a4]
Aug 31 17:21:59 lnicosia kernel: [    0.001015] ACPI: Reserving FACS table memory at [mem 0x7fff0200-0x7fff023f]
Aug 31 17:21:59 lnicosia kernel: [    0.001016] ACPI: Reserving FACS table memory at [mem 0x7fff0200-0x7fff023f]
Aug 31 17:21:59 lnicosia kernel: [    0.001016] ACPI: Reserving APIC table memory at [mem 0x7fff0240-0x7fff02ab]
Aug 31 17:21:59 lnicosia kernel: [    0.001017] ACPI: Reserving SSDT table memory at [mem 0x7fff02b0-0x7fff047b]
Aug 31 17:21:59 lnicosia kernel: [    0.001201] No NUMA configuration found
Aug 31 17:21:59 lnicosia kernel: [    0.001202] Faking a node at [mem 0x0000000000000000-0x000000007ffeffff]
Aug 31 17:21:59 lnicosia kernel: [    0.001205] NODE_DATA(0) allocated [mem 0x7ffec000-0x7ffeffff]
Aug 31 17:21:59 lnicosia kernel: [    0.001218] Zone ranges:
Aug 31 17:21:59 lnicosia kernel: [    0.001218]   DMA      [mem 0x0000000000001000-0x0000000000ffffff]
Aug 31 17:21:59 lnicosia kernel: [    0.001220]   DMA32    [mem 0x0000000001000000-0x000000007ffeffff]
Aug 31 17:21:59 lnicosia kernel: [    0.001221]   Normal   empty
Aug 31 17:21:59 lnicosia kernel: [    0.001222] Movable zone start for each node
Aug 31 17:21:59 lnicosia kernel: [    0.001223] Early memory node ranges
Aug 31 17:21:59 lnicosia kernel: [    0.001223]   node   0: [mem 0x0000000000001000-0x000000000009efff]
Aug 31 17:21:59 lnicosia kernel: [    0.001224]   node   0: [mem 0x0000000000100000-0x000000007ffeffff]
Aug 31 17:21:59 lnicosia kernel: [    0.001226] Initmem setup node 0 [mem 0x0000000000001000-0x000000007ffeffff]
Aug 31 17:21:59 lnicosia kernel: [    0.001890] On node 0, zone DMA: 1 pages in unavailable ranges
Aug 31 17:21:59 lnicosia kernel: [    0.001918] On node 0, zone DMA: 97 pages in unavailable ranges
Aug 31 17:21:59 lnicosia kernel: [    0.010558] On node 0, zone DMA32: 16 pages in unavailable ranges
Aug 31 17:21:59 lnicosia kernel: [    0.010972] ACPI: PM-Timer IO Port: 0x4008
Aug 31 17:21:59 lnicosia kernel: [    0.011039] IOAPIC[0]: apic_id 4, version 32, address 0xfec00000, GSI 0-23
Aug 31 17:21:59 lnicosia kernel: [    0.011044] ACPI: INT_SRC_OVR (bus 0 bus_irq 0 global_irq 2 dfl dfl)
Aug 31 17:21:59 lnicosia kernel: [    0.011047] ACPI: INT_SRC_OVR (bus 0 bus_irq 9 global_irq 9 low level)
Aug 31 17:21:59 lnicosia kernel: [    0.011052] ACPI: Using ACPI (MADT) for SMP configuration information
Aug 31 17:21:59 lnicosia kernel: [    0.011060] smpboot: Allowing 4 CPUs, 0 hotplug CPUs
Aug 31 17:21:59 lnicosia kernel: [    0.011083] PM: hibernation: Registered nosave memory: [mem 0x00000000-0x00000fff]
Aug 31 17:21:59 lnicosia kernel: [    0.011085] PM: hibernation: Registered nosave memory: [mem 0x0009f000-0x0009ffff]
Aug 31 17:21:59 lnicosia kernel: [    0.011086] PM: hibernation: Registered nosave memory: [mem 0x000a0000-0x000effff]
Aug 31 17:21:59 lnicosia kernel: [    0.011086] PM: hibernation: Registered nosave memory: [mem 0x000f0000-0x000fffff]
Aug 31 17:21:59 lnicosia kernel: [    0.011088] [mem 0x80000000-0xfebfffff] available for PCI devices
Aug 31 17:21:59 lnicosia kernel: [    0.011089] Booting paravirtualized kernel on KVM
Aug 31 17:21:59 lnicosia kernel: [    0.011091] clocksource: refined-jiffies: mask: 0xffffffff max_cycles: 0xffffffff, max_idle_ns: 1910969940391419 ns
Aug 31 17:21:59 lnicosia kernel: [    0.016411] setup_percpu: NR_CPUS:64 nr_cpumask_bits:64 nr_cpu_ids:4 nr_node_ids:1
Aug 31 17:21:59 lnicosia kernel: [    0.017233] percpu: Embedded 52 pages/cpu s176040 r8192 d28760 u524288
Aug 31 17:21:59 lnicosia kernel: [    0.017239] pcpu-alloc: s176040 r8192 d28760 u524288 alloc=1*2097152
Aug 31 17:21:59 lnicosia kernel: [    0.017242] pcpu-alloc: [0] 0 1 2 3 
Aug 31 17:21:59 lnicosia kernel: [    0.017263] Fallback order for Node 0: 0 
Aug 31 17:21:59 lnicosia kernel: [    0.017265] Built 1 zonelists, mobility grouping on.  Total pages: 515824
Aug 31 17:21:59 lnicosia kernel: [    0.017267] Policy zone: DMA32
Aug 31 17:21:59 lnicosia kernel: [    0.017268] Kernel command line: BOOT_IMAGE=/vmlinuz-next root=/dev/sda4 ro
Aug 31 17:21:59 lnicosia kernel: [    0.017295] Unknown kernel command line parameters "BOOT_IMAGE=/vmlinuz-next", will be passed to user space.
Aug 31 17:21:59 lnicosia kernel: [    0.017946] Dentry cache hash table entries: 262144 (order: 9, 2097152 bytes, linear)
Aug 31 17:21:59 lnicosia kernel: [    0.018001] Inode-cache hash table entries: 131072 (order: 8, 1048576 bytes, linear)
Aug 31 17:21:59 lnicosia kernel: [    0.018090] mem auto-init: stack:off, heap alloc:off, heap free:off
Aug 31 17:21:59 lnicosia kernel: [    0.023123] Memory: 2024184K/2096696K available (16396K kernel code, 2667K rwdata, 5180K rodata, 1532K init, 908K bss, 72252K reserved, 0K cma-reserved)
Aug 31 17:21:59 lnicosia kernel: [    0.023163] SLUB: HWalign=64, Order=0-3, MinObjects=0, CPUs=4, Nodes=1
Aug 31 17:21:59 lnicosia kernel: [    0.023171] Kernel/User page tables isolation: enabled
Aug 31 17:21:59 lnicosia kernel: [    0.024159] Dynamic Preempt: voluntary
Aug 31 17:21:59 lnicosia kernel: [    0.024186] rcu: Preemptible hierarchical RCU implementation.
Aug 31 17:21:59 lnicosia kernel: [    0.024186] rcu: ^IRCU event tracing is enabled.
Aug 31 17:21:59 lnicosia kernel: [    0.024187] rcu: ^IRCU restricting CPUs from NR_CPUS=64 to nr_cpu_ids=4.
Aug 31 17:21:59 lnicosia kernel: [    0.024188] ^ITrampoline variant of Tasks RCU enabled.
Aug 31 17:21:59 lnicosia kernel: [    0.024189] rcu: RCU calculated value of scheduler-enlistment delay is 100 jiffies.
Aug 31 17:21:59 lnicosia kernel: [    0.024190] rcu: Adjusting geometry for rcu_fanout_leaf=16, nr_cpu_ids=4
Aug 31 17:21:59 lnicosia kernel: [    0.025525] NR_IRQS: 4352, nr_irqs: 456, preallocated irqs: 16
Aug 31 17:21:59 lnicosia kernel: [    0.025722] rcu: srcu_init: Setting srcu_struct sizes based on contention.
Aug 31 17:21:59 lnicosia kernel: [    0.025910] random: crng init done
Aug 31 17:21:59 lnicosia kernel: [    0.031422] Console: colour VGA+ 80x25
Aug 31 17:21:59 lnicosia kernel: [    0.058804] printk: console [tty0] enabled
Aug 31 17:21:59 lnicosia kernel: [    0.059017] ACPI: Core revision 20220331
Aug 31 17:21:59 lnicosia kernel: [    0.059345] APIC: Switch to symmetric I/O mode setup
Aug 31 17:21:59 lnicosia kernel: [    0.060739] ..TIMER: vector=0x30 apic1=0 pin1=2 apic2=-1 pin2=-1
Aug 31 17:21:59 lnicosia kernel: [    0.061021] clocksource: tsc-early: mask: 0xffffffffffffffff max_cycles: 0x29aa186bb31, max_idle_ns: 440795249787 ns
Aug 31 17:21:59 lnicosia kernel: [    0.061460] Calibrating delay loop (skipped) preset value.. 5780.94 BogoMIPS (lpj=2890470)
Aug 31 17:21:59 lnicosia kernel: [    0.061856] pid_max: default: 32768 minimum: 301
Aug 31 17:21:59 lnicosia kernel: [    0.062090] LSM: Security Framework initializing
Aug 31 17:21:59 lnicosia kernel: [    0.062319] SELinux:  Initializing.
Aug 31 17:21:59 lnicosia kernel: [    0.062455] Mount-cache hash table entries: 4096 (order: 3, 32768 bytes, linear)
Aug 31 17:21:59 lnicosia kernel: [    0.062455] Mountpoint-cache hash table entries: 4096 (order: 3, 32768 bytes, linear)
Aug 31 17:21:59 lnicosia kernel: [    0.062455] Last level iTLB entries: 4KB 512, 2MB 8, 4MB 8
Aug 31 17:21:59 lnicosia kernel: [    0.062455] Last level dTLB entries: 4KB 512, 2MB 32, 4MB 32, 1GB 0
Aug 31 17:21:59 lnicosia kernel: [    0.062464] Spectre V1 : Mitigation: usercopy/swapgs barriers and __user pointer sanitization
Aug 31 17:21:59 lnicosia kernel: [    0.062876] Spectre V2 : Mitigation: Retpolines
Aug 31 17:21:59 lnicosia kernel: [    0.063092] Spectre V2 : Spectre v2 / SpectreRSB mitigation: Filling RSB on context switch
Aug 31 17:21:59 lnicosia kernel: [    0.063455] Spectre V2 : Spectre v2 / SpectreRSB : Filling RSB on VMEXIT
Aug 31 17:21:59 lnicosia kernel: [    0.063455] Speculative Store Bypass: Vulnerable
Aug 31 17:21:59 lnicosia kernel: [    0.063455] MDS: Mitigation: Clear CPU buffers
Aug 31 17:21:59 lnicosia kernel: [    0.063455] MMIO Stale Data: Unknown: No mitigations
Aug 31 17:21:59 lnicosia kernel: [    0.063455] SRBDS: Unknown: Dependent on hypervisor status
Aug 31 17:21:59 lnicosia kernel: [    0.076904] Freeing SMP alternatives memory: 44K
Aug 31 17:21:59 lnicosia kernel: [    0.181108] smpboot: CPU0: Intel(R) Core(TM) i5-3470S CPU @ 2.90GHz (family: 0x6, model: 0x3a, stepping: 0x9)
Aug 31 17:21:59 lnicosia kernel: [    0.181455] cblist_init_generic: Setting adjustable number of callback queues.
Aug 31 17:21:59 lnicosia kernel: [    0.181455] cblist_init_generic: Setting shift to 2 and lim to 1.
Aug 31 17:21:59 lnicosia kernel: [    0.181474] Performance Events: unsupported p6 CPU model 58 no PMU driver, software events only.
Aug 31 17:21:59 lnicosia kernel: [    0.181890] rcu: Hierarchical SRCU implementation.
Aug 31 17:21:59 lnicosia kernel: [    0.182115] rcu: ^IMax phase no-delay instances is 400.
Aug 31 17:21:59 lnicosia kernel: [    0.182725] smp: Bringing up secondary CPUs ...
Aug 31 17:21:59 lnicosia kernel: [    0.183033] x86: Booting SMP configuration:
Aug 31 17:21:59 lnicosia kernel: [    0.183250] .... node  #0, CPUs:      #1 #2 #3
Aug 31 17:21:59 lnicosia kernel: [    0.194282] smp: Brought up 1 node, 4 CPUs
Aug 31 17:21:59 lnicosia kernel: [    0.194684] smpboot: Max logical packages: 1
Aug 31 17:21:59 lnicosia kernel: [    0.194890] smpboot: Total of 4 processors activated (23123.76 BogoMIPS)
Aug 31 17:21:59 lnicosia kernel: [    0.195563] devtmpfs: initialized
Aug 31 17:21:59 lnicosia kernel: [    0.195850] clocksource: jiffies: mask: 0xffffffff max_cycles: 0xffffffff, max_idle_ns: 1911260446275000 ns
Aug 31 17:21:59 lnicosia kernel: [    0.196460] futex hash table entries: 1024 (order: 4, 65536 bytes, linear)
Aug 31 17:21:59 lnicosia kernel: [    0.196821] PM: RTC time: 15:21:43, date: 2022-08-31
Aug 31 17:21:59 lnicosia kernel: [    0.197714] NET: Registered PF_NETLINK/PF_ROUTE protocol family
Aug 31 17:21:59 lnicosia kernel: [    0.198054] audit: initializing netlink subsys (disabled)
Aug 31 17:21:59 lnicosia kernel: [    0.198465] audit: type=2000 audit(1661959321.137:1): state=initialized audit_enabled=0 res=1
Aug 31 17:21:59 lnicosia kernel: [    0.198553] thermal_sys: Registered thermal governor 'step_wise'
Aug 31 17:21:59 lnicosia kernel: [    0.198917] thermal_sys: Registered thermal governor 'user_space'
Aug 31 17:21:59 lnicosia kernel: [    0.199225] cpuidle: using governor menu
Aug 31 17:21:59 lnicosia kernel: [    0.199783] PCI: Using configuration type 1 for base access
Aug 31 17:21:59 lnicosia kernel: [    0.202379] kprobes: kprobe jump-optimization is enabled. All kprobes are optimized if possible.
Aug 31 17:21:59 lnicosia kernel: [    0.289573] HugeTLB: registered 2.00 MiB page size, pre-allocated 0 pages
Aug 31 17:21:59 lnicosia kernel: [    0.289815] HugeTLB: 28 KiB vmemmap can be freed for a 2.00 MiB page
Aug 31 17:21:59 lnicosia kernel: [    0.291019] ACPI: Added _OSI(Module Device)
Aug 31 17:21:59 lnicosia kernel: [    0.291019] ACPI: Added _OSI(Processor Device)
Aug 31 17:21:59 lnicosia kernel: [    0.291457] ACPI: Added _OSI(3.0 _SCP Extensions)
Aug 31 17:21:59 lnicosia kernel: [    0.291679] ACPI: Added _OSI(Processor Aggregator Device)
Aug 31 17:21:59 lnicosia kernel: [    0.291921] ACPI: Added _OSI(Linux-Dell-Video)
Aug 31 17:21:59 lnicosia kernel: [    0.292143] ACPI: Added _OSI(Linux-Lenovo-NV-HDMI-Audio)
Aug 31 17:21:59 lnicosia kernel: [    0.292392] ACPI: Added _OSI(Linux-HPI-Hybrid-Graphics)
Aug 31 17:21:59 lnicosia kernel: [    0.293756] ACPI: 2 ACPI AML tables successfully acquired and loaded
Aug 31 17:21:59 lnicosia kernel: [    0.309273] ACPI: Interpreter enabled
Aug 31 17:21:59 lnicosia kernel: [    0.309474] ACPI: PM: (supports S0 S5)
Aug 31 17:21:59 lnicosia kernel: [    0.309474] ACPI: Using IOAPIC for interrupt routing
Aug 31 17:21:59 lnicosia kernel: [    0.309843] PCI: Using host bridge windows from ACPI; if necessary, use "pci=nocrs" and report a bug
Aug 31 17:21:59 lnicosia kernel: [    0.309843] PCI: Using E820 reservations for host bridge windows
Aug 31 17:21:59 lnicosia kernel: [    0.310144] ACPI: Enabled 2 GPEs in block 00 to 07
Aug 31 17:21:59 lnicosia kernel: [    0.310176] ACPI: PCI Root Bridge [PCI0] (domain 0000 [bus 00-ff])
Aug 31 17:21:59 lnicosia kernel: [    0.310176] acpi PNP0A03:00: _OSC: OS supports [ASPM ClockPM Segments MSI HPX-Type3]
Aug 31 17:21:59 lnicosia kernel: [    0.310176] acpi PNP0A03:00: _OSC: not requesting OS control; OS requires [ExtendedConfig ASPM ClockPM MSI]
Aug 31 17:21:59 lnicosia kernel: [    0.311742] acpi PNP0A03:00: fail to add MMCONFIG information, can't access extended PCI configuration space under this bridge.
Aug 31 17:21:59 lnicosia kernel: [    0.312348] PCI host bridge to bus 0000:00
Aug 31 17:21:59 lnicosia kernel: [    0.312458] pci_bus 0000:00: root bus resource [io  0x0000-0x0cf7 window]
Aug 31 17:21:59 lnicosia kernel: [    0.312745] pci_bus 0000:00: root bus resource [io  0x0d00-0xffff window]
Aug 31 17:21:59 lnicosia kernel: [    0.313029] pci_bus 0000:00: root bus resource [mem 0x000a0000-0x000bffff window]
Aug 31 17:21:59 lnicosia kernel: [    0.313457] pci_bus 0000:00: root bus resource [mem 0x80000000-0xfdffffff window]
Aug 31 17:21:59 lnicosia kernel: [    0.313877] pci_bus 0000:00: root bus resource [bus 00-ff]
Aug 31 17:21:59 lnicosia kernel: [    0.314485] pci 0000:00:00.0: [8086:1237] type 00 class 0x060000
Aug 31 17:21:59 lnicosia kernel: [    0.315258] pci 0000:00:01.0: [8086:7000] type 00 class 0x060100
Aug 31 17:21:59 lnicosia kernel: [    0.316146] pci 0000:00:01.1: [8086:7111] type 00 class 0x01018a
Aug 31 17:21:59 lnicosia kernel: [    0.316815] pci 0000:00:01.1: reg 0x20: [io  0xd000-0xd00f]
Aug 31 17:21:59 lnicosia kernel: [    0.317234] pci 0000:00:01.1: legacy IDE quirk: reg 0x10: [io  0x01f0-0x01f7]
Aug 31 17:21:59 lnicosia kernel: [    0.317457] pci 0000:00:01.1: legacy IDE quirk: reg 0x14: [io  0x03f6]
Aug 31 17:21:59 lnicosia kernel: [    0.317786] pci 0000:00:01.1: legacy IDE quirk: reg 0x18: [io  0x0170-0x0177]
Aug 31 17:21:59 lnicosia kernel: [    0.318119] pci 0000:00:01.1: legacy IDE quirk: reg 0x1c: [io  0x0376]
Aug 31 17:21:59 lnicosia kernel: [    0.318621] pci 0000:00:02.0: [15ad:0405] type 00 class 0x030000
Aug 31 17:21:59 lnicosia kernel: [    0.321491] pci 0000:00:02.0: reg 0x10: [io  0xd010-0xd01f]
Aug 31 17:21:59 lnicosia kernel: [    0.323485] pci 0000:00:02.0: reg 0x14: [mem 0xe0000000-0xe7ffffff pref]
Aug 31 17:21:59 lnicosia kernel: [    0.325485] pci 0000:00:02.0: reg 0x18: [mem 0xf0000000-0xf01fffff]
Aug 31 17:21:59 lnicosia kernel: [    0.339604] pci 0000:00:02.0: Video device with shadowed ROM at [mem 0x000c0000-0x000dffff]
Aug 31 17:21:59 lnicosia kernel: [    0.342742] pci 0000:00:03.0: [8086:100e] type 00 class 0x020000
Aug 31 17:21:59 lnicosia kernel: [    0.343668] pci 0000:00:03.0: reg 0x10: [mem 0xf0200000-0xf021ffff]
Aug 31 17:21:59 lnicosia kernel: [    0.347506] pci 0000:00:03.0: reg 0x18: [io  0xd020-0xd027]
Aug 31 17:21:59 lnicosia kernel: [    0.353857] pci 0000:00:04.0: [80ee:cafe] type 00 class 0x088000
Aug 31 17:21:59 lnicosia kernel: [    0.354552] pci 0000:00:04.0: reg 0x10: [io  0xd040-0xd05f]
Aug 31 17:21:59 lnicosia kernel: [    0.356645] pci 0000:00:04.0: reg 0x14: [mem 0xf0400000-0xf07fffff]
Aug 31 17:21:59 lnicosia kernel: [    0.358564] pci 0000:00:04.0: reg 0x18: [mem 0xf0800000-0xf0803fff pref]
Aug 31 17:21:59 lnicosia kernel: [    0.365744] pci 0000:00:05.0: [8086:2415] type 00 class 0x040100
Aug 31 17:21:59 lnicosia kernel: [    0.366315] pci 0000:00:05.0: reg 0x10: [io  0xd100-0xd1ff]
Aug 31 17:21:59 lnicosia kernel: [    0.366538] pci 0000:00:05.0: reg 0x14: [io  0xd200-0xd23f]
Aug 31 17:21:59 lnicosia kernel: [    0.367799] pci 0000:00:07.0: [8086:7113] type 00 class 0x068000
Aug 31 17:21:59 lnicosia kernel: [    0.369040] pci 0000:00:07.0: quirk: [io  0x4000-0x403f] claimed by PIIX4 ACPI
Aug 31 17:21:59 lnicosia kernel: [    0.369473] pci 0000:00:07.0: quirk: [io  0x4100-0x410f] claimed by PIIX4 SMB
Aug 31 17:21:59 lnicosia kernel: [    0.370602] pci 0000:00:0c.0: [8086:1e31] type 00 class 0x0c0330
Aug 31 17:21:59 lnicosia kernel: [    0.372507] pci 0000:00:0c.0: reg 0x10: [mem 0xf0810000-0xf081ffff]
Aug 31 17:21:59 lnicosia kernel: [    0.380581] pci 0000:00:0d.0: [8086:2829] type 00 class 0x010601
Aug 31 17:21:59 lnicosia kernel: [    0.381558] pci 0000:00:0d.0: reg 0x10: [io  0xd240-0xd247]
Aug 31 17:21:59 lnicosia kernel: [    0.382560] pci 0000:00:0d.0: reg 0x14: [io  0xd248-0xd24b]
Aug 31 17:21:59 lnicosia kernel: [    0.384544] pci 0000:00:0d.0: reg 0x18: [io  0xd250-0xd257]
Aug 31 17:21:59 lnicosia kernel: [    0.385587] pci 0000:00:0d.0: reg 0x1c: [io  0xd258-0xd25b]
Aug 31 17:21:59 lnicosia kernel: [    0.387546] pci 0000:00:0d.0: reg 0x20: [io  0xd260-0xd26f]
Aug 31 17:21:59 lnicosia kernel: [    0.389579] pci 0000:00:0d.0: reg 0x24: [mem 0xf0820000-0xf0821fff]
Aug 31 17:21:59 lnicosia kernel: [    0.393994] ACPI: PCI: Interrupt link LNKA configured for IRQ 11
Aug 31 17:21:59 lnicosia kernel: [    0.394732] ACPI: PCI: Interrupt link LNKB configured for IRQ 10
Aug 31 17:21:59 lnicosia kernel: [    0.395221] ACPI: PCI: Interrupt link LNKC configured for IRQ 9
Aug 31 17:21:59 lnicosia kernel: [    0.395570] ACPI: PCI: Interrupt link LNKD configured for IRQ 11
Aug 31 17:21:59 lnicosia kernel: [    0.396155] iommu: Default domain type: Translated 
Aug 31 17:21:59 lnicosia kernel: [    0.396457] iommu: DMA domain TLB invalidation policy: lazy mode 
Aug 31 17:21:59 lnicosia kernel: [    0.396968] SCSI subsystem initialized
Aug 31 17:21:59 lnicosia kernel: [    0.397545] libata version 3.00 loaded.
Aug 31 17:21:59 lnicosia kernel: [    0.397559] ACPI: bus type USB registered
Aug 31 17:21:59 lnicosia kernel: [    0.397907] usbcore: registered new interface driver usbfs
Aug 31 17:21:59 lnicosia kernel: [    0.398469] usbcore: registered new interface driver hub
Aug 31 17:21:59 lnicosia kernel: [    0.398821] usbcore: registered new device driver usb
Aug 31 17:21:59 lnicosia kernel: [    0.399202] pps_core: LinuxPPS API ver. 1 registered
Aug 31 17:21:59 lnicosia kernel: [    0.399456] pps_core: Software ver. 5.3.6 - Copyright 2005-2007 Rodolfo Giometti <giometti@linux.it>
Aug 31 17:21:59 lnicosia kernel: [    0.400455] PTP clock support registered
Aug 31 17:21:59 lnicosia kernel: [    0.400455] Advanced Linux Sound Architecture Driver Initialized.
Aug 31 17:21:59 lnicosia kernel: [    0.402546] NetLabel: Initializing
Aug 31 17:21:59 lnicosia kernel: [    0.402744] NetLabel:  domain hash size = 128
Aug 31 17:21:59 lnicosia kernel: [    0.402958] NetLabel:  protocols = UNLABELED CIPSOv4 CALIPSO
Aug 31 17:21:59 lnicosia kernel: [    0.402958] NetLabel:  unlabeled traffic allowed by default
Aug 31 17:21:59 lnicosia kernel: [    0.402958] PCI: Using ACPI for IRQ routing
Aug 31 17:21:59 lnicosia kernel: [    0.402958] PCI: pci_cache_line_size set to 64 bytes
Aug 31 17:21:59 lnicosia kernel: [    0.402958] e820: reserve RAM buffer [mem 0x0009fc00-0x0009ffff]
Aug 31 17:21:59 lnicosia kernel: [    0.402958] e820: reserve RAM buffer [mem 0x7fff0000-0x7fffffff]
Aug 31 17:21:59 lnicosia kernel: [    0.402958] pci 0000:00:02.0: vgaarb: setting as boot VGA device
Aug 31 17:21:59 lnicosia kernel: [    0.402958] pci 0000:00:02.0: vgaarb: bridge control possible
Aug 31 17:21:59 lnicosia kernel: [    0.403109] pci 0000:00:02.0: vgaarb: VGA device added: decodes=io+mem,owns=io+mem,locks=none
Aug 31 17:21:59 lnicosia kernel: [    0.403109] vgaarb: loaded
Aug 31 17:21:59 lnicosia kernel: [    0.403583] clocksource: Switched to clocksource kvm-clock
Aug 31 17:21:59 lnicosia kernel: [    0.404051] VFS: Disk quotas dquot_6.6.0
Aug 31 17:21:59 lnicosia kernel: [    0.404274] VFS: Dquot-cache hash table entries: 512 (order 0, 4096 bytes)
Aug 31 17:21:59 lnicosia kernel: [    0.404724] pnp: PnP ACPI init
Aug 31 17:21:59 lnicosia kernel: [    0.405599] pnp: PnP ACPI: found 2 devices
Aug 31 17:21:59 lnicosia kernel: [    0.411554] clocksource: acpi_pm: mask: 0xffffff max_cycles: 0xffffff, max_idle_ns: 2085701024 ns
Aug 31 17:21:59 lnicosia kernel: [    0.411978] NET: Registered PF_INET protocol family
Aug 31 17:21:59 lnicosia kernel: [    0.412263] IP idents hash table entries: 32768 (order: 6, 262144 bytes, linear)
Aug 31 17:21:59 lnicosia kernel: [    0.412543] tcp_listen_portaddr_hash hash table entries: 1024 (order: 2, 16384 bytes, linear)
Aug 31 17:21:59 lnicosia kernel: [    0.412543] Table-perturb hash table entries: 65536 (order: 6, 262144 bytes, linear)
Aug 31 17:21:59 lnicosia kernel: [    0.412543] TCP established hash table entries: 16384 (order: 5, 131072 bytes, linear)
Aug 31 17:21:59 lnicosia kernel: [    0.412543] TCP bind hash table entries: 16384 (order: 7, 524288 bytes, linear)
Aug 31 17:21:59 lnicosia kernel: [    0.412543] TCP: Hash tables configured (established 16384 bind 16384)
Aug 31 17:21:59 lnicosia kernel: [    0.412543] UDP hash table entries: 1024 (order: 3, 32768 bytes, linear)
Aug 31 17:21:59 lnicosia kernel: [    0.412543] UDP-Lite hash table entries: 1024 (order: 3, 32768 bytes, linear)
Aug 31 17:21:59 lnicosia kernel: [    0.412543] NET: Registered PF_UNIX/PF_LOCAL protocol family
Aug 31 17:21:59 lnicosia kernel: [    0.416161] RPC: Registered named UNIX socket transport module.
Aug 31 17:21:59 lnicosia kernel: [    0.416423] RPC: Registered udp transport module.
Aug 31 17:21:59 lnicosia kernel: [    0.416643] RPC: Registered tcp transport module.
Aug 31 17:21:59 lnicosia kernel: [    0.416886] RPC: Registered tcp NFSv4.1 backchannel transport module.
Aug 31 17:21:59 lnicosia kernel: [    0.417590] pci_bus 0000:00: resource 4 [io  0x0000-0x0cf7 window]
Aug 31 17:21:59 lnicosia kernel: [    0.417877] pci_bus 0000:00: resource 5 [io  0x0d00-0xffff window]
Aug 31 17:21:59 lnicosia kernel: [    0.418144] pci_bus 0000:00: resource 6 [mem 0x000a0000-0x000bffff window]
Aug 31 17:21:59 lnicosia kernel: [    0.418426] pci_bus 0000:00: resource 7 [mem 0x80000000-0xfdffffff window]
Aug 31 17:21:59 lnicosia kernel: [    0.418539] pci 0000:00:00.0: Limiting direct PCI/PCI transfers
Aug 31 17:21:59 lnicosia kernel: [    0.419968] PCI: CLS 0 bytes, default 64
Aug 31 17:21:59 lnicosia kernel: [    0.421029] RAPL PMU: API unit is 2^-32 Joules, 0 fixed counters, 10737418240 ms ovfl timer
Aug 31 17:21:59 lnicosia kernel: [    0.421475] clocksource: tsc: mask: 0xffffffffffffffff max_cycles: 0x29aa186bb31, max_idle_ns: 440795249787 ns
Aug 31 17:21:59 lnicosia kernel: [    0.436978] clocksource: Switched to clocksource tsc
Aug 31 17:21:59 lnicosia kernel: [    0.437287] platform rtc_cmos: registered platform RTC device (no PNP device found)
Aug 31 17:21:59 lnicosia kernel: [    0.440317] Initialise system trusted keyrings
Aug 31 17:21:59 lnicosia kernel: [    0.441153] workingset: timestamp_bits=56 max_order=19 bucket_order=0
Aug 31 17:21:59 lnicosia kernel: [    0.444082] NFS: Registering the id_resolver key type
Aug 31 17:21:59 lnicosia kernel: [    0.444944] Key type id_resolver registered
Aug 31 17:21:59 lnicosia kernel: [    0.445159] Key type id_legacy registered
Aug 31 17:21:59 lnicosia kernel: [    0.445446] 9p: Installing v9fs 9p2000 file system support
Aug 31 17:21:59 lnicosia kernel: [    0.462256] Key type asymmetric registered
Aug 31 17:21:59 lnicosia kernel: [    0.462501] Asymmetric key parser 'x509' registered
Aug 31 17:21:59 lnicosia kernel: [    0.462776] Block layer SCSI generic (bsg) driver version 0.4 loaded (major 251)
Aug 31 17:21:59 lnicosia kernel: [    0.462914] io scheduler mq-deadline registered
Aug 31 17:21:59 lnicosia kernel: [    0.462914] io scheduler kyber registered
Aug 31 17:21:59 lnicosia kernel: [    0.464652] ACPI: AC: AC Adapter [AC] (on-line)
Aug 31 17:21:59 lnicosia kernel: [    0.464945] input: Power Button as /devices/LNXSYSTM:00/LNXPWRBN:00/input/input0
Aug 31 17:21:59 lnicosia kernel: [    0.465610] ACPI: button: Power Button [PWRF]
Aug 31 17:21:59 lnicosia kernel: [    0.465896] input: Sleep Button as /devices/LNXSYSTM:00/LNXSLPBN:00/input/input1
Aug 31 17:21:59 lnicosia kernel: [    0.466267] ACPI: button: Sleep Button [SLPF]
Aug 31 17:21:59 lnicosia kernel: [    0.466600] ACPI: video: Video Device [GFX0] (multi-head: yes  rom: no  post: no)
Aug 31 17:21:59 lnicosia kernel: [    0.467003] input: Video Bus as /devices/LNXSYSTM:00/LNXSYBUS:00/PNP0A03:00/LNXVIDEO:00/input/input2
Aug 31 17:21:59 lnicosia kernel: [    0.467742] Serial: 8250/16550 driver, 4 ports, IRQ sharing enabled
Aug 31 17:21:59 lnicosia kernel: [    0.468325] Non-volatile memory driver v1.3
Aug 31 17:21:59 lnicosia kernel: [    0.468539] Linux agpgart interface v0.103
Aug 31 17:21:59 lnicosia kernel: [    0.468861] ACPI: bus type drm_connector registered
Aug 31 17:21:59 lnicosia kernel: [    0.470952] loop: module loaded
Aug 31 17:21:59 lnicosia kernel: [    0.471212] ahci 0000:00:0d.0: version 3.0
Aug 31 17:21:59 lnicosia kernel: [    0.471698] ahci 0000:00:0d.0: SSS flag set, parallel bus scan disabled
Aug 31 17:21:59 lnicosia kernel: [    0.472090] ahci 0000:00:0d.0: AHCI 0001.0100 32 slots 1 ports 3 Gbps 0x1 impl SATA mode
Aug 31 17:21:59 lnicosia kernel: [    0.472460] ahci 0000:00:0d.0: flags: 64bit ncq stag only ccc 
Aug 31 17:21:59 lnicosia kernel: [    0.473304] scsi host0: ahci
Aug 31 17:21:59 lnicosia kernel: [    0.473571] ata1: SATA max UDMA/133 abar m8192@0xf0820000 port 0xf0820100 irq 21
Aug 31 17:21:59 lnicosia kernel: [    0.473962] ata_piix 0000:00:01.1: version 2.13
Aug 31 17:21:59 lnicosia kernel: [    0.474543] scsi host1: ata_piix
Aug 31 17:21:59 lnicosia kernel: [    0.475043] scsi host2: ata_piix
Aug 31 17:21:59 lnicosia kernel: [    0.475309] ata2: PATA max UDMA/33 cmd 0x1f0 ctl 0x3f6 bmdma 0xd000 irq 14
Aug 31 17:21:59 lnicosia kernel: [    0.475659] ata3: PATA max UDMA/33 cmd 0x170 ctl 0x376 bmdma 0xd008 irq 15
Aug 31 17:21:59 lnicosia kernel: [    0.476249] e100: Intel(R) PRO/100 Network Driver
Aug 31 17:21:59 lnicosia kernel: [    0.476515] e100: Copyright(c) 1999-2006 Intel Corporation
Aug 31 17:21:59 lnicosia kernel: [    0.476635] e1000: Intel(R) PRO/1000 Network Driver
Aug 31 17:21:59 lnicosia kernel: [    0.477116] e1000: Copyright (c) 1999-2006 Intel Corporation.
Aug 31 17:21:59 lnicosia kernel: [    0.631880] ata3.00: ATAPI: VBOX CD-ROM, 1.0, max UDMA/133
Aug 31 17:21:59 lnicosia kernel: [    0.781253] ata1: SATA link up 3.0 Gbps (SStatus 123 SControl 300)
Aug 31 17:21:59 lnicosia kernel: [    0.793398] ata1.00: ATA-6: VBOX HARDDISK, 1.0, max UDMA/133
Aug 31 17:21:59 lnicosia kernel: [    0.798112] ata1.00: 134217728 sectors, multi 128: LBA48 NCQ (depth 32)
Aug 31 17:21:59 lnicosia kernel: [    0.798830] ata1.00: configured for UDMA/133
Aug 31 17:21:59 lnicosia kernel: [    0.799164] scsi 0:0:0:0: Direct-Access     ATA      VBOX HARDDISK    1.0  PQ: 0 ANSI: 5
Aug 31 17:21:59 lnicosia kernel: [    0.800059] scsi 0:0:0:0: Attached scsi generic sg0 type 0
Aug 31 17:21:59 lnicosia kernel: [    0.800179] sd 0:0:0:0: [sda] 134217728 512-byte logical blocks: (68.7 GB/64.0 GiB)
Aug 31 17:21:59 lnicosia kernel: [    0.800874] sd 0:0:0:0: [sda] Write Protect is off
Aug 31 17:21:59 lnicosia kernel: [    0.801251] sd 0:0:0:0: [sda] Mode Sense: 00 3a 00 00
Aug 31 17:21:59 lnicosia kernel: [    0.801269] sd 0:0:0:0: [sda] Write cache: enabled, read cache: enabled, doesn't support DPO or FUA
Aug 31 17:21:59 lnicosia kernel: [    0.801421] scsi 2:0:0:0: CD-ROM            VBOX     CD-ROM           1.0  PQ: 0 ANSI: 5
Aug 31 17:21:59 lnicosia kernel: [    0.801805] sd 0:0:0:0: [sda] Preferred minimum I/O size 512 bytes
Aug 31 17:21:59 lnicosia kernel: [    0.821140] sr 2:0:0:0: [sr0] scsi3-mmc drive: 32x/32x xa/form2 tray
Aug 31 17:21:59 lnicosia kernel: [    0.821504] cdrom: Uniform CD-ROM driver Revision: 3.20
Aug 31 17:21:59 lnicosia kernel: [    0.839355] sr 2:0:0:0: Attached scsi CD-ROM sr0
Aug 31 17:21:59 lnicosia kernel: [    0.839662] sr 2:0:0:0: Attached scsi generic sg1 type 5
Aug 31 17:21:59 lnicosia kernel: [    0.875336]  sda: sda1 sda2 sda3 sda4
Aug 31 17:21:59 lnicosia kernel: [    0.875941] sd 0:0:0:0: [sda] Attached SCSI disk
Aug 31 17:21:59 lnicosia kernel: [    1.233564] e1000 0000:00:03.0 eth0: (PCI:33MHz:32-bit) 08:00:27:64:f3:dd
Aug 31 17:21:59 lnicosia kernel: [    1.233564] e1000 0000:00:03.0 eth0: Intel(R) PRO/1000 Network Connection
Aug 31 17:21:59 lnicosia kernel: [    1.233564] e1000e: Intel(R) PRO/1000 Network Driver
Aug 31 17:21:59 lnicosia kernel: [    1.234996] e1000e: Copyright(c) 1999 - 2015 Intel Corporation.
Aug 31 17:21:59 lnicosia kernel: [    1.235274] sky2: driver version 1.30
Aug 31 17:21:59 lnicosia kernel: [    1.235746] ehci_hcd: USB 2.0 'Enhanced' Host Controller (EHCI) Driver
Aug 31 17:21:59 lnicosia kernel: [    1.236050] ehci-pci: EHCI PCI platform driver
Aug 31 17:21:59 lnicosia kernel: [    1.236295] ohci_hcd: USB 1.1 'Open' Host Controller (OHCI) Driver
Aug 31 17:21:59 lnicosia kernel: [    1.236569] ohci-pci: OHCI PCI platform driver
Aug 31 17:21:59 lnicosia kernel: [    1.236698] uhci_hcd: USB Universal Host Controller Interface driver
Aug 31 17:21:59 lnicosia kernel: [    1.237666] xhci_hcd 0000:00:0c.0: xHCI Host Controller
Aug 31 17:21:59 lnicosia kernel: [    1.238366] xhci_hcd 0000:00:0c.0: new USB bus registered, assigned bus number 1
Aug 31 17:21:59 lnicosia kernel: [    1.240376] xhci_hcd 0000:00:0c.0: hcc params 0x04000000 hci version 0x100 quirks 0x000000000000b930
Aug 31 17:21:59 lnicosia kernel: [    1.241089] xhci_hcd 0000:00:0c.0: xHCI Host Controller
Aug 31 17:21:59 lnicosia kernel: [    1.241520] xhci_hcd 0000:00:0c.0: new USB bus registered, assigned bus number 2
Aug 31 17:21:59 lnicosia kernel: [    1.241897] xhci_hcd 0000:00:0c.0: Host supports USB 3.0 SuperSpeed
Aug 31 17:21:59 lnicosia kernel: [    1.242376] usb usb1: New USB device found, idVendor=1d6b, idProduct=0002, bcdDevice= 6.00
Aug 31 17:21:59 lnicosia kernel: [    1.242972] usb usb1: New USB device strings: Mfr=3, Product=2, SerialNumber=1
Aug 31 17:21:59 lnicosia kernel: [    1.243446] usb usb1: Product: xHCI Host Controller
Aug 31 17:21:59 lnicosia kernel: [    1.243732] usb usb1: Manufacturer: Linux 6.0.0-rc3-next-20220829 xhci-hcd
Aug 31 17:21:59 lnicosia kernel: [    1.244246] usb usb1: SerialNumber: 0000:00:0c.0
Aug 31 17:21:59 lnicosia kernel: [    1.244749] hub 1-0:1.0: USB hub found
Aug 31 17:21:59 lnicosia kernel: [    1.244986] hub 1-0:1.0: 8 ports detected
Aug 31 17:21:59 lnicosia kernel: [    1.245531] usb usb2: New USB device found, idVendor=1d6b, idProduct=0003, bcdDevice= 6.00
Aug 31 17:21:59 lnicosia kernel: [    1.245923] usb usb2: New USB device strings: Mfr=3, Product=2, SerialNumber=1
Aug 31 17:21:59 lnicosia kernel: [    1.246343] usb usb2: Product: xHCI Host Controller
Aug 31 17:21:59 lnicosia kernel: [    1.246604] usb usb2: Manufacturer: Linux 6.0.0-rc3-next-20220829 xhci-hcd
Aug 31 17:21:59 lnicosia kernel: [    1.247007] usb usb2: SerialNumber: 0000:00:0c.0
Aug 31 17:21:59 lnicosia kernel: [    1.247453] hub 2-0:1.0: USB hub found
Aug 31 17:21:59 lnicosia kernel: [    1.247756] hub 2-0:1.0: 6 ports detected
Aug 31 17:21:59 lnicosia kernel: [    1.248266] usbcore: registered new interface driver usblp
Aug 31 17:21:59 lnicosia kernel: [    1.248595] usbcore: registered new interface driver usb-storage
Aug 31 17:21:59 lnicosia kernel: [    1.248958] i8042: PNP: PS/2 Controller [PNP0303:PS2K,PNP0f03:PS2M] at 0x60,0x64 irq 1,12
Aug 31 17:21:59 lnicosia kernel: [    1.250996] serio: i8042 KBD port at 0x60,0x64 irq 1
Aug 31 17:21:59 lnicosia kernel: [    1.251277] serio: i8042 AUX port at 0x60,0x64 irq 12
Aug 31 17:21:59 lnicosia kernel: [    1.252460] input: AT Translated Set 2 keyboard as /devices/platform/i8042/serio0/input/input3
Aug 31 17:21:59 lnicosia kernel: [    1.253255] rtc_cmos rtc_cmos: registered as rtc0
Aug 31 17:21:59 lnicosia kernel: [    1.253565] rtc_cmos rtc_cmos: alarms up to one day, 114 bytes nvram
Aug 31 17:21:59 lnicosia kernel: [    1.253993] fail to initialize ptp_kvm
Aug 31 17:21:59 lnicosia kernel: [    1.254193] device-mapper: ioctl: 4.47.0-ioctl (2022-07-28) initialised: dm-devel@redhat.com
Aug 31 17:21:59 lnicosia kernel: [    1.254823] intel_pstate: CPU model not supported
Aug 31 17:21:59 lnicosia kernel: [    1.255086] hid: raw HID events driver (C) Jiri Kosina
Aug 31 17:21:59 lnicosia kernel: [    1.255557] usbcore: registered new interface driver usbhid
Aug 31 17:21:59 lnicosia kernel: [    1.255816] usbhid: USB HID core driver
Aug 31 17:21:59 lnicosia kernel: [    1.256688] Initializing XFRM netlink socket
Aug 31 17:21:59 lnicosia kernel: [    1.257112] NET: Registered PF_INET6 protocol family
Aug 31 17:21:59 lnicosia kernel: [    1.258275] Segment Routing with IPv6
Aug 31 17:21:59 lnicosia kernel: [    1.258518] In-situ OAM (IOAM) with IPv6
Aug 31 17:21:59 lnicosia kernel: [    1.258755] sit: IPv6, IPv4 and MPLS over IPv4 tunneling driver
Aug 31 17:21:59 lnicosia kernel: [    1.259126] NET: Registered PF_PACKET protocol family
Aug 31 17:21:59 lnicosia kernel: [    1.259403] 9pnet: Installing 9P2000 support
Aug 31 17:21:59 lnicosia kernel: [    1.259650] Key type dns_resolver registered
Aug 31 17:21:59 lnicosia kernel: [    1.260228] IPI shorthand broadcast: enabled
Aug 31 17:21:59 lnicosia kernel: [    1.260462] sched_clock: Marking stable (1224556743, 35573163)->(1281256363, -21126457)
Aug 31 17:21:59 lnicosia kernel: [    1.261130] registered taskstats version 1
Aug 31 17:21:59 lnicosia kernel: [    1.261341] Loading compiled-in X.509 certificates
Aug 31 17:21:59 lnicosia kernel: [    1.264532] cryptomgr_test (67) used greatest stack depth: 15736 bytes left
Aug 31 17:21:59 lnicosia kernel: [    1.266160] cryptomgr_test (70) used greatest stack depth: 15528 bytes left
Aug 31 17:21:59 lnicosia kernel: [    1.300645] cryptomgr_test (85) used greatest stack depth: 15224 bytes left
Aug 31 17:21:59 lnicosia kernel: [    1.302179] PM:   Magic number: 2:756:387
Aug 31 17:21:59 lnicosia kernel: [    1.302411] thermal cooling_device2: hash matches
Aug 31 17:21:59 lnicosia kernel: [    1.302735] printk: console [netcon0] enabled
Aug 31 17:21:59 lnicosia kernel: [    1.302958] netconsole: network logging started
Aug 31 17:21:59 lnicosia kernel: [    1.303388] cfg80211: Loading compiled-in X.509 certificates for regulatory database
Aug 31 17:21:59 lnicosia kernel: [    1.304036] kworker/u8:3 (89) used greatest stack depth: 14264 bytes left
Aug 31 17:21:59 lnicosia kernel: [    1.304991] cfg80211: Loaded X.509 cert 'sforshee: 00b28ddf47aef9cea7'
Aug 31 17:21:59 lnicosia kernel: [    1.305296] platform regulatory.0: Direct firmware load for regulatory.db failed with error -2
Aug 31 17:21:59 lnicosia kernel: [    1.305746] cfg80211: failed to load regulatory.db
Aug 31 17:21:59 lnicosia kernel: [    1.305992] ALSA device list:
Aug 31 17:21:59 lnicosia kernel: [    1.306170]   No soundcards found.
Aug 31 17:21:59 lnicosia kernel: [    1.552233] input: ImExPS/2 Generic Explorer Mouse as /devices/platform/i8042/serio1/input/input5
Aug 31 17:21:59 lnicosia kernel: [    1.553117] md: Waiting for all devices to be available before autodetect
Aug 31 17:21:59 lnicosia kernel: [    1.553413] md: If you don't use raid, use raid=noautodetect
Aug 31 17:21:59 lnicosia kernel: [    1.553697] md: Autodetecting RAID arrays.
Aug 31 17:21:59 lnicosia kernel: [    1.553909] md: autorun ...
Aug 31 17:21:59 lnicosia kernel: [    1.554132] md: ... autorun DONE.
Aug 31 17:21:59 lnicosia kernel: [    1.706705] EXT4-fs (sda4): INFO: recovery required on readonly filesystem
Aug 31 17:21:59 lnicosia kernel: [    1.707107] EXT4-fs (sda4): write access will be enabled during recovery
Aug 31 17:21:59 lnicosia kernel: [    1.727494] usb 1-1: new full-speed USB device number 2 using xhci_hcd
Aug 31 17:21:59 lnicosia kernel: [    1.873725] usb 1-1: New USB device found, idVendor=80ee, idProduct=0021, bcdDevice= 1.00
Aug 31 17:21:59 lnicosia kernel: [    1.874142] usb 1-1: New USB device strings: Mfr=1, Product=3, SerialNumber=0
Aug 31 17:21:59 lnicosia kernel: [    1.874474] usb 1-1: Product: USB Tablet
Aug 31 17:21:59 lnicosia kernel: [    1.874680] usb 1-1: Manufacturer: VirtualBox
Aug 31 17:21:59 lnicosia kernel: [    1.877971] input: VirtualBox USB Tablet as /devices/pci0000:00/0000:00:0c.0/usb1/1-1/1-1:1.0/0003:80EE:0021.0001/input/input6
Aug 31 17:21:59 lnicosia kernel: [    1.878926] hid-generic 0003:80EE:0021.0001: input,hidraw0: USB HID v1.10 Mouse [VirtualBox USB Tablet] on usb-0000:00:0c.0-1/input0
Aug 31 17:21:59 lnicosia kernel: [    1.879637] EXT4-fs (sda4): recovery complete
Aug 31 17:21:59 lnicosia kernel: [    1.893384] EXT4-fs (sda4): mounted filesystem with ordered data mode. Quota mode: none.
Aug 31 17:21:59 lnicosia kernel: [    1.894037] VFS: Mounted root (ext4 filesystem) readonly on device 8:4.
Aug 31 17:21:59 lnicosia kernel: [    1.977231] devtmpfs: mounted
Aug 31 17:21:59 lnicosia kernel: [    1.982551] Freeing unused kernel image (initmem) memory: 1532K
Aug 31 17:21:59 lnicosia kernel: [    1.983097] Write protecting the kernel read-only data: 24576k
Aug 31 17:21:59 lnicosia kernel: [    1.984381] Freeing unused kernel image (text/rodata gap) memory: 2032K
Aug 31 17:21:59 lnicosia kernel: [    1.985390] Freeing unused kernel image (rodata/data gap) memory: 964K
Aug 31 17:21:59 lnicosia kernel: [    1.985923] Run /sbin/init as init process
Aug 31 17:21:59 lnicosia kernel: [    1.986138]   with arguments:
Aug 31 17:21:59 lnicosia kernel: [    1.986139]     /sbin/init
Aug 31 17:21:59 lnicosia kernel: [    1.986140]   with environment:
Aug 31 17:21:59 lnicosia kernel: [    1.986141]     HOME=/
Aug 31 17:21:59 lnicosia kernel: [    1.986141]     TERM=linux
Aug 31 17:21:59 lnicosia kernel: [    1.986142]     BOOT_IMAGE=/vmlinuz-next
Aug 31 17:21:59 lnicosia kernel: [    4.096203] stty (101) used greatest stack depth: 13608 bytes left
Aug 31 17:21:59 lnicosia kernel: [    4.569138] dmesg (102) used greatest stack depth: 13496 bytes left
Aug 31 17:21:59 lnicosia kernel: [    6.047548] S00mountvirtfs (105) used greatest stack depth: 13392 bytes left
Aug 31 17:21:59 lnicosia kernel: [    6.979228] ip (153) used greatest stack depth: 13104 bytes left
Aug 31 17:21:59 lnicosia kernel: <30>[    7.900288] udevd[178]: starting version 3.2.10
Aug 31 17:21:59 lnicosia kernel: <30>[   10.602241] udevd[179]: starting eudev-3.2.10
Aug 31 17:21:59 lnicosia kernel: [   11.109111] e1000 0000:00:03.0 enp0s3: renamed from eth0
Aug 31 17:21:59 lnicosia kernel: [   11.240747] Adding 2097148k swap on /dev/sda2.  Priority:1 extents:1 across:2097148k 
Aug 31 17:21:59 lnicosia kernel: [   11.300856] EXT4-fs (sda4): re-mounted. Quota mode: none.
Aug 31 17:21:59 lnicosia kernel: [   12.259086] EXT4-fs (sda4): re-mounted. Quota mode: none.
Aug 31 17:21:59 lnicosia kernel: [   12.414230] EXT4-fs (sda3): warning: mounting unchecked fs, running e2fsck is recommended
Aug 31 17:21:59 lnicosia kernel: [   12.419881] EXT4-fs (sda3): mounted filesystem without journal. Quota mode: none.
Aug 31 17:21:59 lnicosia kernel: [   16.019572] e1000: enp0s3 NIC Link is Up 1000 Mbps Full Duplex, Flow Control: RX
Aug 31 17:21:59 lnicosia kernel: [   16.020471] IPv6: ADDRCONF(NETDEV_CHANGE): enp0s3: link becomes ready
