Aug 24 18:16:13 lnicosia kernel: klogd 1.5.1, log source = /proc/kmsg started.
Aug 24 18:16:13 lnicosia kernel: Cannot find map file.
Aug 24 18:16:13 lnicosia kernel: Loaded 129372 symbols from 1 module.
Aug 24 18:16:13 lnicosia kernel: [    0.000000] Linux version 6.0.0-rc2lnicosia-1.0 (root@lnicosia) (gcc (GCC) 11.2.0, GNU ld (GNU Binutils) 2.37) #1 SMP PREEMPT_DYNAMIC Wed Aug 24 14:19:24 CEST 2022
Aug 24 18:16:13 lnicosia kernel: [    0.000000] Command line: BOOT_IMAGE=/vmlinuz-latest-lnicosia-debug root=/dev/sda4 ro
Aug 24 18:16:13 lnicosia kernel: [    0.000000] x86/fpu: Supporting XSAVE feature 0x001: 'x87 floating point registers'
Aug 24 18:16:13 lnicosia kernel: [    0.000000] x86/fpu: Supporting XSAVE feature 0x002: 'SSE registers'
Aug 24 18:16:13 lnicosia kernel: [    0.000000] x86/fpu: Supporting XSAVE feature 0x004: 'AVX registers'
Aug 24 18:16:13 lnicosia kernel: [    0.000000] x86/fpu: xstate_offset[2]:  576, xstate_sizes[2]:  256
Aug 24 18:16:13 lnicosia kernel: [    0.000000] x86/fpu: Enabled xstate features 0x7, context size is 832 bytes, using 'standard' format.
Aug 24 18:16:13 lnicosia kernel: [    0.000000] signal: max sigframe size: 1776
Aug 24 18:16:13 lnicosia kernel: [    0.000000] BIOS-provided physical RAM map:
Aug 24 18:16:13 lnicosia kernel: [    0.000000] BIOS-e820: [mem 0x0000000000000000-0x000000000009fbff] usable
Aug 24 18:16:13 lnicosia kernel: [    0.000000] BIOS-e820: [mem 0x000000000009fc00-0x000000000009ffff] reserved
Aug 24 18:16:13 lnicosia kernel: [    0.000000] BIOS-e820: [mem 0x00000000000f0000-0x00000000000fffff] reserved
Aug 24 18:16:13 lnicosia kernel: [    0.000000] BIOS-e820: [mem 0x0000000000100000-0x000000007ffeffff] usable
Aug 24 18:16:13 lnicosia kernel: [    0.000000] BIOS-e820: [mem 0x000000007fff0000-0x000000007fffffff] ACPI data
Aug 24 18:16:13 lnicosia kernel: [    0.000000] BIOS-e820: [mem 0x00000000fec00000-0x00000000fec00fff] reserved
Aug 24 18:16:13 lnicosia kernel: [    0.000000] BIOS-e820: [mem 0x00000000fee00000-0x00000000fee00fff] reserved
Aug 24 18:16:13 lnicosia kernel: [    0.000000] BIOS-e820: [mem 0x00000000fffc0000-0x00000000ffffffff] reserved
Aug 24 18:16:13 lnicosia kernel: [    0.000000] NX (Execute Disable) protection: active
Aug 24 18:16:13 lnicosia kernel: [    0.000000] SMBIOS 2.5 present.
Aug 24 18:16:13 lnicosia kernel: [    0.000000] DMI: innotek GmbH VirtualBox/VirtualBox, BIOS VirtualBox 12/01/2006
Aug 24 18:16:13 lnicosia kernel: [    0.000000] Hypervisor detected: KVM
Aug 24 18:16:13 lnicosia kernel: [    0.000000] kvm-clock: Using msrs 4b564d01 and 4b564d00
Aug 24 18:16:13 lnicosia kernel: [    0.000003] kvm-clock: using sched offset of 6994891872 cycles
Aug 24 18:16:13 lnicosia kernel: [    0.000008] clocksource: kvm-clock: mask: 0xffffffffffffffff max_cycles: 0x1cd42e4dffb, max_idle_ns: 881590591483 ns
Aug 24 18:16:13 lnicosia kernel: [    0.000012] tsc: Detected 2891.208 MHz processor
Aug 24 18:16:13 lnicosia kernel: [    0.000748] e820: update [mem 0x00000000-0x00000fff] usable ==> reserved
Aug 24 18:16:13 lnicosia kernel: [    0.000753] e820: remove [mem 0x000a0000-0x000fffff] usable
Aug 24 18:16:13 lnicosia kernel: [    0.000759] last_pfn = 0x7fff0 max_arch_pfn = 0x400000000
Aug 24 18:16:13 lnicosia kernel: [    0.000773] Disabled
Aug 24 18:16:13 lnicosia kernel: [    0.000773] x86/PAT: MTRRs disabled, skipping PAT initialization too.
Aug 24 18:16:13 lnicosia kernel: [    0.000777] CPU MTRRs all blank - virtualized system.
Aug 24 18:16:13 lnicosia kernel: [    0.000780] x86/PAT: Configuration [0-7]: WB  WT  UC- UC  WB  WT  UC- UC  
Aug 24 18:16:13 lnicosia kernel: [    0.000882] found SMP MP-table at [mem 0x0009fff0-0x0009ffff]
Aug 24 18:16:13 lnicosia kernel: [    0.001052] ACPI: Early table checksum verification disabled
Aug 24 18:16:13 lnicosia kernel: [    0.001057] ACPI: RSDP 0x00000000000E0000 000024 (v02 VBOX  )
Aug 24 18:16:13 lnicosia kernel: [    0.001063] ACPI: XSDT 0x000000007FFF0030 00003C (v01 VBOX   VBOXXSDT 00000001 ASL  00000061)
Aug 24 18:16:13 lnicosia kernel: [    0.001072] ACPI: FACP 0x000000007FFF00F0 0000F4 (v04 VBOX   VBOXFACP 00000001 ASL  00000061)
Aug 24 18:16:13 lnicosia kernel: [    0.001080] ACPI: DSDT 0x000000007FFF0480 002325 (v02 VBOX   VBOXBIOS 00000002 INTL 20190509)
Aug 24 18:16:13 lnicosia kernel: [    0.001086] ACPI: FACS 0x000000007FFF0200 000040
Aug 24 18:16:13 lnicosia kernel: [    0.001091] ACPI: FACS 0x000000007FFF0200 000040
Aug 24 18:16:13 lnicosia kernel: [    0.001096] ACPI: APIC 0x000000007FFF0240 00006C (v02 VBOX   VBOXAPIC 00000001 ASL  00000061)
Aug 24 18:16:13 lnicosia kernel: [    0.001101] ACPI: SSDT 0x000000007FFF02B0 0001CC (v01 VBOX   VBOXCPUT 00000002 INTL 20190509)
Aug 24 18:16:13 lnicosia kernel: [    0.001105] ACPI: Reserving FACP table memory at [mem 0x7fff00f0-0x7fff01e3]
Aug 24 18:16:13 lnicosia kernel: [    0.001107] ACPI: Reserving DSDT table memory at [mem 0x7fff0480-0x7fff27a4]
Aug 24 18:16:13 lnicosia kernel: [    0.001108] ACPI: Reserving FACS table memory at [mem 0x7fff0200-0x7fff023f]
Aug 24 18:16:13 lnicosia kernel: [    0.001109] ACPI: Reserving FACS table memory at [mem 0x7fff0200-0x7fff023f]
Aug 24 18:16:13 lnicosia kernel: [    0.001110] ACPI: Reserving APIC table memory at [mem 0x7fff0240-0x7fff02ab]
Aug 24 18:16:13 lnicosia kernel: [    0.001111] ACPI: Reserving SSDT table memory at [mem 0x7fff02b0-0x7fff047b]
Aug 24 18:16:13 lnicosia kernel: [    0.001351] No NUMA configuration found
Aug 24 18:16:13 lnicosia kernel: [    0.001353] Faking a node at [mem 0x0000000000000000-0x000000007ffeffff]
Aug 24 18:16:13 lnicosia kernel: [    0.001356] NODE_DATA(0) allocated [mem 0x7ffec000-0x7ffeffff]
Aug 24 18:16:13 lnicosia kernel: [    0.001372] Zone ranges:
Aug 24 18:16:13 lnicosia kernel: [    0.001373]   DMA      [mem 0x0000000000001000-0x0000000000ffffff]
Aug 24 18:16:13 lnicosia kernel: [    0.001375]   DMA32    [mem 0x0000000001000000-0x000000007ffeffff]
Aug 24 18:16:13 lnicosia kernel: [    0.001377]   Normal   empty
Aug 24 18:16:13 lnicosia kernel: [    0.001378] Movable zone start for each node
Aug 24 18:16:13 lnicosia kernel: [    0.001379] Early memory node ranges
Aug 24 18:16:13 lnicosia kernel: [    0.001379]   node   0: [mem 0x0000000000001000-0x000000000009efff]
Aug 24 18:16:13 lnicosia kernel: [    0.001381]   node   0: [mem 0x0000000000100000-0x000000007ffeffff]
Aug 24 18:16:13 lnicosia kernel: [    0.001383] Initmem setup node 0 [mem 0x0000000000001000-0x000000007ffeffff]
Aug 24 18:16:13 lnicosia kernel: [    0.002116] On node 0, zone DMA: 1 pages in unavailable ranges
Aug 24 18:16:13 lnicosia kernel: [    0.002144] On node 0, zone DMA: 97 pages in unavailable ranges
Aug 24 18:16:13 lnicosia kernel: [    0.011509] On node 0, zone DMA32: 16 pages in unavailable ranges
Aug 24 18:16:13 lnicosia kernel: [    0.011967] ACPI: PM-Timer IO Port: 0x4008
Aug 24 18:16:13 lnicosia kernel: [    0.012036] IOAPIC[0]: apic_id 4, version 32, address 0xfec00000, GSI 0-23
Aug 24 18:16:13 lnicosia kernel: [    0.012041] ACPI: INT_SRC_OVR (bus 0 bus_irq 0 global_irq 2 dfl dfl)
Aug 24 18:16:13 lnicosia kernel: [    0.012043] ACPI: INT_SRC_OVR (bus 0 bus_irq 9 global_irq 9 low level)
Aug 24 18:16:13 lnicosia kernel: [    0.012048] ACPI: Using ACPI (MADT) for SMP configuration information
Aug 24 18:16:13 lnicosia kernel: [    0.012056] smpboot: Allowing 4 CPUs, 0 hotplug CPUs
Aug 24 18:16:13 lnicosia kernel: [    0.012079] PM: hibernation: Registered nosave memory: [mem 0x00000000-0x00000fff]
Aug 24 18:16:13 lnicosia kernel: [    0.012081] PM: hibernation: Registered nosave memory: [mem 0x0009f000-0x0009ffff]
Aug 24 18:16:13 lnicosia kernel: [    0.012082] PM: hibernation: Registered nosave memory: [mem 0x000a0000-0x000effff]
Aug 24 18:16:13 lnicosia kernel: [    0.012082] PM: hibernation: Registered nosave memory: [mem 0x000f0000-0x000fffff]
Aug 24 18:16:13 lnicosia kernel: [    0.012084] [mem 0x80000000-0xfebfffff] available for PCI devices
Aug 24 18:16:13 lnicosia kernel: [    0.012085] Booting paravirtualized kernel on KVM
Aug 24 18:16:13 lnicosia kernel: [    0.012087] clocksource: refined-jiffies: mask: 0xffffffff max_cycles: 0xffffffff, max_idle_ns: 1910969940391419 ns
Aug 24 18:16:13 lnicosia kernel: [    0.017580] setup_percpu: NR_CPUS:64 nr_cpumask_bits:64 nr_cpu_ids:4 nr_node_ids:1
Aug 24 18:16:13 lnicosia kernel: [    0.018355] percpu: Embedded 52 pages/cpu s176040 r8192 d28760 u524288
Aug 24 18:16:13 lnicosia kernel: [    0.018363] pcpu-alloc: s176040 r8192 d28760 u524288 alloc=1*2097152
Aug 24 18:16:13 lnicosia kernel: [    0.018366] pcpu-alloc: [0] 0 1 2 3 
Aug 24 18:16:13 lnicosia kernel: [    0.018386] Fallback order for Node 0: 0 
Aug 24 18:16:13 lnicosia kernel: [    0.018389] Built 1 zonelists, mobility grouping on.  Total pages: 515824
Aug 24 18:16:13 lnicosia kernel: [    0.018391] Policy zone: DMA32
Aug 24 18:16:13 lnicosia kernel: [    0.018392] Kernel command line: BOOT_IMAGE=/vmlinuz-latest-lnicosia-debug root=/dev/sda4 ro
Aug 24 18:16:13 lnicosia kernel: [    0.018418] Unknown kernel command line parameters "BOOT_IMAGE=/vmlinuz-latest-lnicosia-debug", will be passed to user space.
Aug 24 18:16:13 lnicosia kernel: [    0.019046] Dentry cache hash table entries: 262144 (order: 9, 2097152 bytes, linear)
Aug 24 18:16:13 lnicosia kernel: [    0.019096] Inode-cache hash table entries: 131072 (order: 8, 1048576 bytes, linear)
Aug 24 18:16:13 lnicosia kernel: [    0.019211] mem auto-init: stack:off, heap alloc:off, heap free:off
Aug 24 18:16:13 lnicosia kernel: [    0.023910] Memory: 2024184K/2096696K available (16396K kernel code, 2662K rwdata, 5164K rodata, 1528K init, 936K bss, 72252K reserved, 0K cma-reserved)
Aug 24 18:16:13 lnicosia kernel: [    0.023946] SLUB: HWalign=64, Order=0-3, MinObjects=0, CPUs=4, Nodes=1
Aug 24 18:16:13 lnicosia kernel: [    0.023953] Kernel/User page tables isolation: enabled
Aug 24 18:16:13 lnicosia kernel: [    0.024866] Dynamic Preempt: voluntary
Aug 24 18:16:13 lnicosia kernel: [    0.024891] rcu: Preemptible hierarchical RCU implementation.
Aug 24 18:16:13 lnicosia kernel: [    0.024891] rcu: ^IRCU event tracing is enabled.
Aug 24 18:16:13 lnicosia kernel: [    0.024892] rcu: ^IRCU restricting CPUs from NR_CPUS=64 to nr_cpu_ids=4.
Aug 24 18:16:13 lnicosia kernel: [    0.024893] ^ITrampoline variant of Tasks RCU enabled.
Aug 24 18:16:13 lnicosia kernel: [    0.024894] rcu: RCU calculated value of scheduler-enlistment delay is 100 jiffies.
Aug 24 18:16:13 lnicosia kernel: [    0.024895] rcu: Adjusting geometry for rcu_fanout_leaf=16, nr_cpu_ids=4
Aug 24 18:16:13 lnicosia kernel: [    0.026123] NR_IRQS: 4352, nr_irqs: 456, preallocated irqs: 16
Aug 24 18:16:13 lnicosia kernel: [    0.026302] rcu: srcu_init: Setting srcu_struct sizes based on contention.
Aug 24 18:16:13 lnicosia kernel: [    0.026591] random: crng init done
Aug 24 18:16:13 lnicosia kernel: [    0.032002] Console: colour VGA+ 80x25
Aug 24 18:16:13 lnicosia kernel: [    0.058346] printk: console [tty0] enabled
Aug 24 18:16:13 lnicosia kernel: [    0.058561] ACPI: Core revision 20220331
Aug 24 18:16:13 lnicosia kernel: [    0.058846] APIC: Switch to symmetric I/O mode setup
Aug 24 18:16:13 lnicosia kernel: [    0.060237] ..TIMER: vector=0x30 apic1=0 pin1=2 apic2=-1 pin2=-1
Aug 24 18:16:13 lnicosia kernel: [    0.060517] clocksource: tsc-early: mask: 0xffffffffffffffff max_cycles: 0x29acd15788d, max_idle_ns: 440795263640 ns
Aug 24 18:16:13 lnicosia kernel: [    0.060948] Calibrating delay loop (skipped) preset value.. 5782.41 BogoMIPS (lpj=2891208)
Aug 24 18:16:13 lnicosia kernel: [    0.061312] pid_max: default: 32768 minimum: 301
Aug 24 18:16:13 lnicosia kernel: [    0.061541] LSM: Security Framework initializing
Aug 24 18:16:13 lnicosia kernel: [    0.061769] SELinux:  Initializing.
Aug 24 18:16:13 lnicosia kernel: [    0.061945] Mount-cache hash table entries: 4096 (order: 3, 32768 bytes, linear)
Aug 24 18:16:13 lnicosia kernel: [    0.061945] Mountpoint-cache hash table entries: 4096 (order: 3, 32768 bytes, linear)
Aug 24 18:16:13 lnicosia kernel: [    0.061945] Last level iTLB entries: 4KB 512, 2MB 8, 4MB 8
Aug 24 18:16:13 lnicosia kernel: [    0.061945] Last level dTLB entries: 4KB 512, 2MB 32, 4MB 32, 1GB 0
Aug 24 18:16:13 lnicosia kernel: [    0.061945] Spectre V1 : Mitigation: usercopy/swapgs barriers and __user pointer sanitization
Aug 24 18:16:13 lnicosia kernel: [    0.061952] Spectre V2 : Mitigation: Retpolines
Aug 24 18:16:13 lnicosia kernel: [    0.062187] Spectre V2 : Spectre v2 / SpectreRSB mitigation: Filling RSB on context switch
Aug 24 18:16:13 lnicosia kernel: [    0.062548] Spectre V2 : Spectre v2 / SpectreRSB : Filling RSB on VMEXIT
Aug 24 18:16:13 lnicosia kernel: [    0.062822] Speculative Store Bypass: Vulnerable
Aug 24 18:16:13 lnicosia kernel: [    0.062945] MDS: Mitigation: Clear CPU buffers
Aug 24 18:16:13 lnicosia kernel: [    0.062945] SRBDS: Unknown: Dependent on hypervisor status
Aug 24 18:16:13 lnicosia kernel: [    0.075212] Freeing SMP alternatives memory: 44K
Aug 24 18:16:13 lnicosia kernel: [    0.180510] smpboot: CPU0: Intel(R) Core(TM) i5-3470S CPU @ 2.90GHz (family: 0x6, model: 0x3a, stepping: 0x9)
Aug 24 18:16:13 lnicosia kernel: [    0.180945] cblist_init_generic: Setting adjustable number of callback queues.
Aug 24 18:16:13 lnicosia kernel: [    0.180945] cblist_init_generic: Setting shift to 2 and lim to 1.
Aug 24 18:16:13 lnicosia kernel: [    0.180964] Performance Events: unsupported p6 CPU model 58 no PMU driver, software events only.
Aug 24 18:16:13 lnicosia kernel: [    0.181353] rcu: Hierarchical SRCU implementation.
Aug 24 18:16:13 lnicosia kernel: [    0.181562] rcu: ^IMax phase no-delay instances is 400.
Aug 24 18:16:13 lnicosia kernel: [    0.183011] smp: Bringing up secondary CPUs ...
Aug 24 18:16:13 lnicosia kernel: [    0.183304] x86: Booting SMP configuration:
Aug 24 18:16:13 lnicosia kernel: [    0.183510] .... node  #0, CPUs:      #1 #2 #3
Aug 24 18:16:13 lnicosia kernel: [    0.188138] smp: Brought up 1 node, 4 CPUs
Aug 24 18:16:13 lnicosia kernel: [    0.188945] smpboot: Max logical packages: 1
Aug 24 18:16:13 lnicosia kernel: [    0.188949] smpboot: Total of 4 processors activated (23129.66 BogoMIPS)
Aug 24 18:16:13 lnicosia kernel: [    0.190963] devtmpfs: initialized
Aug 24 18:16:13 lnicosia kernel: [    0.192168] clocksource: jiffies: mask: 0xffffffff max_cycles: 0xffffffff, max_idle_ns: 1911260446275000 ns
Aug 24 18:16:13 lnicosia kernel: [    0.192952] futex hash table entries: 1024 (order: 4, 65536 bytes, linear)
Aug 24 18:16:13 lnicosia kernel: [    0.193949] PM: RTC time: 16:16:05, date: 2022-08-24
Aug 24 18:16:13 lnicosia kernel: [    0.194988] NET: Registered PF_NETLINK/PF_ROUTE protocol family
Aug 24 18:16:13 lnicosia kernel: [    0.195447] audit: initializing netlink subsys (disabled)
Aug 24 18:16:13 lnicosia kernel: [    0.196011] audit: type=2000 audit(1661357774.011:1): state=initialized audit_enabled=0 res=1
Aug 24 18:16:13 lnicosia kernel: [    0.196080] thermal_sys: Registered thermal governor 'step_wise'
Aug 24 18:16:13 lnicosia kernel: [    0.196951] thermal_sys: Registered thermal governor 'user_space'
Aug 24 18:16:13 lnicosia kernel: [    0.197379] cpuidle: using governor menu
Aug 24 18:16:13 lnicosia kernel: [    0.198072] PCI: Using configuration type 1 for base access
Aug 24 18:16:13 lnicosia kernel: [    0.200590] kprobes: kprobe jump-optimization is enabled. All kprobes are optimized if possible.
Aug 24 18:16:13 lnicosia kernel: [    0.286058] HugeTLB: registered 2.00 MiB page size, pre-allocated 0 pages
Aug 24 18:16:13 lnicosia kernel: [    0.286948] HugeTLB: 28 KiB vmemmap can be freed for a 2.00 MiB page
Aug 24 18:16:13 lnicosia kernel: [    0.288056] ACPI: Added _OSI(Module Device)
Aug 24 18:16:13 lnicosia kernel: [    0.288238] ACPI: Added _OSI(Processor Device)
Aug 24 18:16:13 lnicosia kernel: [    0.288949] ACPI: Added _OSI(3.0 _SCP Extensions)
Aug 24 18:16:13 lnicosia kernel: [    0.289173] ACPI: Added _OSI(Processor Aggregator Device)
Aug 24 18:16:13 lnicosia kernel: [    0.289509] ACPI: Added _OSI(Linux-Dell-Video)
Aug 24 18:16:13 lnicosia kernel: [    0.289730] ACPI: Added _OSI(Linux-Lenovo-NV-HDMI-Audio)
Aug 24 18:16:13 lnicosia kernel: [    0.289948] ACPI: Added _OSI(Linux-HPI-Hybrid-Graphics)
Aug 24 18:16:13 lnicosia kernel: [    0.290487] ACPI: 2 ACPI AML tables successfully acquired and loaded
Aug 24 18:16:13 lnicosia kernel: [    0.308522] ACPI: Interpreter enabled
Aug 24 18:16:13 lnicosia kernel: [    0.308966] ACPI: PM: (supports S0 S5)
Aug 24 18:16:13 lnicosia kernel: [    0.309948] ACPI: Using IOAPIC for interrupt routing
Aug 24 18:16:13 lnicosia kernel: [    0.310510] PCI: Using host bridge windows from ACPI; if necessary, use "pci=nocrs" and report a bug
Aug 24 18:16:13 lnicosia kernel: [    0.310510] PCI: Using E820 reservations for host bridge windows
Aug 24 18:16:13 lnicosia kernel: [    0.310510] ACPI: Enabled 2 GPEs in block 00 to 07
Aug 24 18:16:13 lnicosia kernel: [    0.315194] ACPI: PCI Root Bridge [PCI0] (domain 0000 [bus 00-ff])
Aug 24 18:16:13 lnicosia kernel: [    0.315475] acpi PNP0A03:00: _OSC: OS supports [ASPM ClockPM Segments MSI HPX-Type3]
Aug 24 18:16:13 lnicosia kernel: [    0.315832] acpi PNP0A03:00: _OSC: not requesting OS control; OS requires [ExtendedConfig ASPM ClockPM MSI]
Aug 24 18:16:13 lnicosia kernel: [    0.317224] acpi PNP0A03:00: fail to add MMCONFIG information, can't access extended PCI configuration space under this bridge.
Aug 24 18:16:13 lnicosia kernel: [    0.317224] PCI host bridge to bus 0000:00
Aug 24 18:16:13 lnicosia kernel: [    0.317271] pci_bus 0000:00: root bus resource [io  0x0000-0x0cf7 window]
Aug 24 18:16:13 lnicosia kernel: [    0.317554] pci_bus 0000:00: root bus resource [io  0x0d00-0xffff window]
Aug 24 18:16:13 lnicosia kernel: [    0.317883] pci_bus 0000:00: root bus resource [mem 0x000a0000-0x000bffff window]
Aug 24 18:16:13 lnicosia kernel: [    0.318948] pci_bus 0000:00: root bus resource [mem 0x80000000-0xfdffffff window]
Aug 24 18:16:13 lnicosia kernel: [    0.319357] pci_bus 0000:00: root bus resource [bus 00-ff]
Aug 24 18:16:13 lnicosia kernel: [    0.320164] pci 0000:00:00.0: [8086:1237] type 00 class 0x060000
Aug 24 18:16:13 lnicosia kernel: [    0.320164] pci 0000:00:01.0: [8086:7000] type 00 class 0x060100
Aug 24 18:16:13 lnicosia kernel: [    0.321127] pci 0000:00:01.1: [8086:7111] type 00 class 0x01018a
Aug 24 18:16:13 lnicosia kernel: [    0.321864] pci 0000:00:01.1: reg 0x20: [io  0xd000-0xd00f]
Aug 24 18:16:13 lnicosia kernel: [    0.323113] pci 0000:00:01.1: legacy IDE quirk: reg 0x10: [io  0x01f0-0x01f7]
Aug 24 18:16:13 lnicosia kernel: [    0.323463] pci 0000:00:01.1: legacy IDE quirk: reg 0x14: [io  0x03f6]
Aug 24 18:16:13 lnicosia kernel: [    0.323948] pci 0000:00:01.1: legacy IDE quirk: reg 0x18: [io  0x0170-0x0177]
Aug 24 18:16:13 lnicosia kernel: [    0.324292] pci 0000:00:01.1: legacy IDE quirk: reg 0x1c: [io  0x0376]
Aug 24 18:16:13 lnicosia kernel: [    0.324800] pci 0000:00:02.0: [15ad:0405] type 00 class 0x030000
Aug 24 18:16:13 lnicosia kernel: [    0.325970] pci 0000:00:02.0: reg 0x10: [io  0xd010-0xd01f]
Aug 24 18:16:13 lnicosia kernel: [    0.328968] pci 0000:00:02.0: reg 0x14: [mem 0xe0000000-0xe7ffffff pref]
Aug 24 18:16:13 lnicosia kernel: [    0.331965] pci 0000:00:02.0: reg 0x18: [mem 0xf0000000-0xf01fffff]
Aug 24 18:16:13 lnicosia kernel: [    0.344044] pci 0000:00:02.0: Video device with shadowed ROM at [mem 0x000c0000-0x000dffff]
Aug 24 18:16:13 lnicosia kernel: [    0.345235] pci 0000:00:03.0: [8086:100e] type 00 class 0x020000
Aug 24 18:16:13 lnicosia kernel: [    0.347109] pci 0000:00:03.0: reg 0x10: [mem 0xf0200000-0xf021ffff]
Aug 24 18:16:13 lnicosia kernel: [    0.352100] pci 0000:00:03.0: reg 0x18: [io  0xd020-0xd027]
Aug 24 18:16:13 lnicosia kernel: [    0.359806] pci 0000:00:04.0: [80ee:cafe] type 00 class 0x088000
Aug 24 18:16:13 lnicosia kernel: [    0.361101] pci 0000:00:04.0: reg 0x10: [io  0xd040-0xd05f]
Aug 24 18:16:13 lnicosia kernel: [    0.362020] pci 0000:00:04.0: reg 0x14: [mem 0xf0400000-0xf07fffff]
Aug 24 18:16:13 lnicosia kernel: [    0.363995] pci 0000:00:04.0: reg 0x18: [mem 0xf0800000-0xf0803fff pref]
Aug 24 18:16:13 lnicosia kernel: [    0.373382] pci 0000:00:05.0: [8086:2415] type 00 class 0x040100
Aug 24 18:16:13 lnicosia kernel: [    0.373382] pci 0000:00:05.0: reg 0x10: [io  0xd100-0xd1ff]
Aug 24 18:16:13 lnicosia kernel: [    0.373424] pci 0000:00:05.0: reg 0x14: [io  0xd200-0xd23f]
Aug 24 18:16:13 lnicosia kernel: [    0.374646] pci 0000:00:06.0: [106b:003f] type 00 class 0x0c0310
Aug 24 18:16:13 lnicosia kernel: [    0.377050] pci 0000:00:06.0: reg 0x10: [mem 0xf0804000-0xf0804fff]
Aug 24 18:16:13 lnicosia kernel: [    0.385130] pci 0000:00:07.0: [8086:7113] type 00 class 0x068000
Aug 24 18:16:13 lnicosia kernel: [    0.387319] pci 0000:00:07.0: quirk: [io  0x4000-0x403f] claimed by PIIX4 ACPI
Aug 24 18:16:13 lnicosia kernel: [    0.387319] pci 0000:00:07.0: quirk: [io  0x4100-0x410f] claimed by PIIX4 SMB
Aug 24 18:16:13 lnicosia kernel: [    0.388130] pci 0000:00:0b.0: [8086:265c] type 00 class 0x0c0320
Aug 24 18:16:13 lnicosia kernel: [    0.389988] pci 0000:00:0b.0: reg 0x10: [mem 0xf0805000-0xf0805fff]
Aug 24 18:16:13 lnicosia kernel: [    0.400377] pci 0000:00:0d.0: [8086:2829] type 00 class 0x010601
Aug 24 18:16:13 lnicosia kernel: [    0.401945] pci 0000:00:0d.0: reg 0x10: [io  0xd240-0xd247]
Aug 24 18:16:13 lnicosia kernel: [    0.403138] pci 0000:00:0d.0: reg 0x14: [io  0xd248-0xd24b]
Aug 24 18:16:13 lnicosia kernel: [    0.406038] pci 0000:00:0d.0: reg 0x18: [io  0xd250-0xd257]
Aug 24 18:16:13 lnicosia kernel: [    0.406038] pci 0000:00:0d.0: reg 0x1c: [io  0xd258-0xd25b]
Aug 24 18:16:13 lnicosia kernel: [    0.407984] pci 0000:00:0d.0: reg 0x20: [io  0xd260-0xd26f]
Aug 24 18:16:13 lnicosia kernel: [    0.410040] pci 0000:00:0d.0: reg 0x24: [mem 0xf0806000-0xf0807fff]
Aug 24 18:16:13 lnicosia kernel: [    0.415055] ACPI: PCI: Interrupt link LNKA configured for IRQ 11
Aug 24 18:16:13 lnicosia kernel: [    0.415926] ACPI: PCI: Interrupt link LNKB configured for IRQ 10
Aug 24 18:16:13 lnicosia kernel: [    0.417101] ACPI: PCI: Interrupt link LNKC configured for IRQ 9
Aug 24 18:16:13 lnicosia kernel: [    0.417101] ACPI: PCI: Interrupt link LNKD configured for IRQ 11
Aug 24 18:16:13 lnicosia kernel: [    0.417869] iommu: Default domain type: Translated 
Aug 24 18:16:13 lnicosia kernel: [    0.418949] iommu: DMA domain TLB invalidation policy: lazy mode 
Aug 24 18:16:13 lnicosia kernel: [    0.419573] SCSI subsystem initialized
Aug 24 18:16:13 lnicosia kernel: [    0.420034] libata version 3.00 loaded.
Aug 24 18:16:13 lnicosia kernel: [    0.420070] ACPI: bus type USB registered
Aug 24 18:16:13 lnicosia kernel: [    0.420070] usbcore: registered new interface driver usbfs
Aug 24 18:16:13 lnicosia kernel: [    0.420225] usbcore: registered new interface driver hub
Aug 24 18:16:13 lnicosia kernel: [    0.420469] usbcore: registered new device driver usb
Aug 24 18:16:13 lnicosia kernel: [    0.420711] pps_core: LinuxPPS API ver. 1 registered
Aug 24 18:16:13 lnicosia kernel: [    0.420945] pps_core: Software ver. 5.3.6 - Copyright 2005-2007 Rodolfo Giometti <giometti@linux.it>
Aug 24 18:16:13 lnicosia kernel: [    0.421952] PTP clock support registered
Aug 24 18:16:13 lnicosia kernel: [    0.422237] Advanced Linux Sound Architecture Driver Initialized.
Aug 24 18:16:13 lnicosia kernel: [    0.423086] NetLabel: Initializing
Aug 24 18:16:13 lnicosia kernel: [    0.423273] NetLabel:  domain hash size = 128
Aug 24 18:16:13 lnicosia kernel: [    0.423494] NetLabel:  protocols = UNLABELED CIPSOv4 CALIPSO
Aug 24 18:16:13 lnicosia kernel: [    0.423968] NetLabel:  unlabeled traffic allowed by default
Aug 24 18:16:13 lnicosia kernel: [    0.424287] PCI: Using ACPI for IRQ routing
Aug 24 18:16:13 lnicosia kernel: [    0.424506] PCI: pci_cache_line_size set to 64 bytes
Aug 24 18:16:13 lnicosia kernel: [    0.424697] e820: reserve RAM buffer [mem 0x0009fc00-0x0009ffff]
Aug 24 18:16:13 lnicosia kernel: [    0.424702] e820: reserve RAM buffer [mem 0x7fff0000-0x7fffffff]
Aug 24 18:16:13 lnicosia kernel: [    0.424744] pci 0000:00:02.0: vgaarb: setting as boot VGA device
Aug 24 18:16:13 lnicosia kernel: [    0.424945] pci 0000:00:02.0: vgaarb: bridge control possible
Aug 24 18:16:13 lnicosia kernel: [    0.424945] pci 0000:00:02.0: vgaarb: VGA device added: decodes=io+mem,owns=io+mem,locks=none
Aug 24 18:16:13 lnicosia kernel: [    0.425950] vgaarb: loaded
Aug 24 18:16:13 lnicosia kernel: [    0.431991] clocksource: Switched to clocksource kvm-clock
Aug 24 18:16:13 lnicosia kernel: [    0.432581] VFS: Disk quotas dquot_6.6.0
Aug 24 18:16:13 lnicosia kernel: [    0.432802] VFS: Dquot-cache hash table entries: 512 (order 0, 4096 bytes)
Aug 24 18:16:13 lnicosia kernel: [    0.433323] pnp: PnP ACPI init
Aug 24 18:16:13 lnicosia kernel: [    0.434240] pnp: PnP ACPI: found 2 devices
Aug 24 18:16:13 lnicosia kernel: [    0.440244] clocksource: acpi_pm: mask: 0xffffff max_cycles: 0xffffff, max_idle_ns: 2085701024 ns
Aug 24 18:16:13 lnicosia kernel: [    0.440641] NET: Registered PF_INET protocol family
Aug 24 18:16:13 lnicosia kernel: [    0.440904] IP idents hash table entries: 32768 (order: 6, 262144 bytes, linear)
Aug 24 18:16:13 lnicosia kernel: [    0.441213] tcp_listen_portaddr_hash hash table entries: 1024 (order: 2, 16384 bytes, linear)
Aug 24 18:16:13 lnicosia kernel: [    0.441213] Table-perturb hash table entries: 65536 (order: 6, 262144 bytes, linear)
Aug 24 18:16:13 lnicosia kernel: [    0.441213] TCP established hash table entries: 16384 (order: 5, 131072 bytes, linear)
Aug 24 18:16:13 lnicosia kernel: [    0.441213] TCP bind hash table entries: 16384 (order: 6, 262144 bytes, linear)
Aug 24 18:16:13 lnicosia kernel: [    0.441213] TCP: Hash tables configured (established 16384 bind 16384)
Aug 24 18:16:13 lnicosia kernel: [    0.441213] UDP hash table entries: 1024 (order: 3, 32768 bytes, linear)
Aug 24 18:16:13 lnicosia kernel: [    0.441213] UDP-Lite hash table entries: 1024 (order: 3, 32768 bytes, linear)
Aug 24 18:16:13 lnicosia kernel: [    0.441213] NET: Registered PF_UNIX/PF_LOCAL protocol family
Aug 24 18:16:13 lnicosia kernel: [    0.444901] RPC: Registered named UNIX socket transport module.
Aug 24 18:16:13 lnicosia kernel: [    0.445229] RPC: Registered udp transport module.
Aug 24 18:16:13 lnicosia kernel: [    0.445435] RPC: Registered tcp transport module.
Aug 24 18:16:13 lnicosia kernel: [    0.445692] RPC: Registered tcp NFSv4.1 backchannel transport module.
Aug 24 18:16:13 lnicosia kernel: [    0.446508] pci_bus 0000:00: resource 4 [io  0x0000-0x0cf7 window]
Aug 24 18:16:13 lnicosia kernel: [    0.446788] pci_bus 0000:00: resource 5 [io  0x0d00-0xffff window]
Aug 24 18:16:13 lnicosia kernel: [    0.447071] pci_bus 0000:00: resource 6 [mem 0x000a0000-0x000bffff window]
Aug 24 18:16:13 lnicosia kernel: [    0.447364] pci_bus 0000:00: resource 7 [mem 0x80000000-0xfdffffff window]
Aug 24 18:16:13 lnicosia kernel: [    0.447674] pci 0000:00:00.0: Limiting direct PCI/PCI transfers
Aug 24 18:16:13 lnicosia kernel: [    0.449750] PCI: CLS 0 bytes, default 64
Aug 24 18:16:13 lnicosia kernel: [    0.450378] RAPL PMU: API unit is 2^-32 Joules, 0 fixed counters, 10737418240 ms ovfl timer
Aug 24 18:16:13 lnicosia kernel: [    0.450770] clocksource: tsc: mask: 0xffffffffffffffff max_cycles: 0x29acd15788d, max_idle_ns: 440795263640 ns
Aug 24 18:16:13 lnicosia kernel: [    0.452078] clocksource: Switched to clocksource tsc
Aug 24 18:16:13 lnicosia kernel: [    0.452346] platform rtc_cmos: registered platform RTC device (no PNP device found)
Aug 24 18:16:13 lnicosia kernel: [    0.455697] Initialise system trusted keyrings
Aug 24 18:16:13 lnicosia kernel: [    0.456161] workingset: timestamp_bits=56 max_order=19 bucket_order=0
Aug 24 18:16:13 lnicosia kernel: [    0.457913] NFS: Registering the id_resolver key type
Aug 24 18:16:13 lnicosia kernel: [    0.458171] Key type id_resolver registered
Aug 24 18:16:13 lnicosia kernel: [    0.458376] Key type id_legacy registered
Aug 24 18:16:13 lnicosia kernel: [    0.458606] 9p: Installing v9fs 9p2000 file system support
Aug 24 18:16:13 lnicosia kernel: [    0.460989] Key type asymmetric registered
Aug 24 18:16:13 lnicosia kernel: [    0.460989] Asymmetric key parser 'x509' registered
Aug 24 18:16:13 lnicosia kernel: [    0.460989] Block layer SCSI generic (bsg) driver version 0.4 loaded (major 251)
Aug 24 18:16:13 lnicosia kernel: [    0.460989] io scheduler mq-deadline registered
Aug 24 18:16:13 lnicosia kernel: [    0.460989] io scheduler kyber registered
Aug 24 18:16:13 lnicosia kernel: [    0.470713] ACPI: AC: AC Adapter [AC] (on-line)
Aug 24 18:16:13 lnicosia kernel: [    0.470983] input: Power Button as /devices/LNXSYSTM:00/LNXPWRBN:00/input/input0
Aug 24 18:16:13 lnicosia kernel: [    0.471588] ACPI: button: Power Button [PWRF]
Aug 24 18:16:13 lnicosia kernel: [    0.471907] input: Sleep Button as /devices/LNXSYSTM:00/LNXSLPBN:00/input/input1
Aug 24 18:16:13 lnicosia kernel: [    0.472295] ACPI: button: Sleep Button [SLPF]
Aug 24 18:16:13 lnicosia kernel: [    0.472602] ACPI: video: Video Device [GFX0] (multi-head: yes  rom: no  post: no)
Aug 24 18:16:13 lnicosia kernel: [    0.472988] input: Video Bus as /devices/LNXSYSTM:00/LNXSYBUS:00/PNP0A03:00/LNXVIDEO:00/input/input2
Aug 24 18:16:13 lnicosia kernel: [    0.473829] Serial: 8250/16550 driver, 4 ports, IRQ sharing enabled
Aug 24 18:16:13 lnicosia kernel: [    0.474404] Non-volatile memory driver v1.3
Aug 24 18:16:13 lnicosia kernel: [    0.474611] Linux agpgart interface v0.103
Aug 24 18:16:13 lnicosia kernel: [    0.474893] ACPI: bus type drm_connector registered
Aug 24 18:16:13 lnicosia kernel: [    0.477024] loop: module loaded
Aug 24 18:16:13 lnicosia kernel: [    0.477024] ahci 0000:00:0d.0: version 3.0
Aug 24 18:16:13 lnicosia kernel: [    0.477812] ahci 0000:00:0d.0: SSS flag set, parallel bus scan disabled
Aug 24 18:16:13 lnicosia kernel: [    0.478184] ahci 0000:00:0d.0: AHCI 0001.0100 32 slots 1 ports 3 Gbps 0x1 impl SATA mode
Aug 24 18:16:13 lnicosia kernel: [    0.478522] ahci 0000:00:0d.0: flags: 64bit ncq stag only ccc 
Aug 24 18:16:13 lnicosia kernel: [    0.479401] scsi host0: ahci
Aug 24 18:16:13 lnicosia kernel: [    0.479659] ata1: SATA max UDMA/133 abar m8192@0xf0806000 port 0xf0806100 irq 21
Aug 24 18:16:13 lnicosia kernel: [    0.480030] ata_piix 0000:00:01.1: version 2.13
Aug 24 18:16:13 lnicosia kernel: [    0.480662] scsi host1: ata_piix
Aug 24 18:16:13 lnicosia kernel: [    0.481303] scsi host2: ata_piix
Aug 24 18:16:13 lnicosia kernel: [    0.481560] ata2: PATA max UDMA/33 cmd 0x1f0 ctl 0x3f6 bmdma 0xd000 irq 14
Aug 24 18:16:13 lnicosia kernel: [    0.481855] ata3: PATA max UDMA/33 cmd 0x170 ctl 0x376 bmdma 0xd008 irq 15
Aug 24 18:16:13 lnicosia kernel: [    0.482407] e100: Intel(R) PRO/100 Network Driver
Aug 24 18:16:13 lnicosia kernel: [    0.482720] e100: Copyright(c) 1999-2006 Intel Corporation
Aug 24 18:16:13 lnicosia kernel: [    0.482994] e1000: Intel(R) PRO/1000 Network Driver
Aug 24 18:16:13 lnicosia kernel: [    0.483348] e1000: Copyright (c) 1999-2006 Intel Corporation.
Aug 24 18:16:13 lnicosia kernel: [    0.649700] ata3.00: ATAPI: VBOX CD-ROM, 1.0, max UDMA/133
Aug 24 18:16:13 lnicosia kernel: [    0.785421] ata1: SATA link up 3.0 Gbps (SStatus 123 SControl 300)
Aug 24 18:16:13 lnicosia kernel: [    0.786093] ata1.00: ATA-6: VBOX HARDDISK, 1.0, max UDMA/133
Aug 24 18:16:13 lnicosia kernel: [    0.786506] ata1.00: 134217728 sectors, multi 128: LBA48 NCQ (depth 32)
Aug 24 18:16:13 lnicosia kernel: [    0.789150] ata1.00: configured for UDMA/133
Aug 24 18:16:13 lnicosia kernel: [    0.790368] scsi 0:0:0:0: Direct-Access     ATA      VBOX HARDDISK    1.0  PQ: 0 ANSI: 5
Aug 24 18:16:13 lnicosia kernel: [    0.791742] scsi 0:0:0:0: Attached scsi generic sg0 type 0
Aug 24 18:16:13 lnicosia kernel: [    0.791891] sd 0:0:0:0: [sda] 134217728 512-byte logical blocks: (68.7 GB/64.0 GiB)
Aug 24 18:16:13 lnicosia kernel: [    0.792669] sd 0:0:0:0: [sda] Write Protect is off
Aug 24 18:16:13 lnicosia kernel: [    0.793016] sd 0:0:0:0: [sda] Mode Sense: 00 3a 00 00
Aug 24 18:16:13 lnicosia kernel: [    0.793035] sd 0:0:0:0: [sda] Write cache: enabled, read cache: enabled, doesn't support DPO or FUA
Aug 24 18:16:13 lnicosia kernel: [    0.793230] scsi 2:0:0:0: CD-ROM            VBOX     CD-ROM           1.0  PQ: 0 ANSI: 5
Aug 24 18:16:13 lnicosia kernel: [    0.794312] sd 0:0:0:0: [sda] Preferred minimum I/O size 512 bytes
Aug 24 18:16:13 lnicosia kernel: [    0.812718] sr 2:0:0:0: [sr0] scsi3-mmc drive: 32x/32x xa/form2 tray
Aug 24 18:16:13 lnicosia kernel: [    0.813068] cdrom: Uniform CD-ROM driver Revision: 3.20
Aug 24 18:16:13 lnicosia kernel: [    0.813913]  sda: sda1 sda2 sda3 sda4
Aug 24 18:16:13 lnicosia kernel: [    0.814352] sd 0:0:0:0: [sda] Attached SCSI disk
Aug 24 18:16:13 lnicosia kernel: [    0.833889] sr 2:0:0:0: Attached scsi CD-ROM sr0
Aug 24 18:16:13 lnicosia kernel: [    0.834141] sr 2:0:0:0: Attached scsi generic sg1 type 5
Aug 24 18:16:13 lnicosia kernel: [    1.004067] e1000 0000:00:03.0 eth0: (PCI:33MHz:32-bit) 08:00:27:64:f3:dd
Aug 24 18:16:13 lnicosia kernel: [    1.004067] e1000 0000:00:03.0 eth0: Intel(R) PRO/1000 Network Connection
Aug 24 18:16:13 lnicosia kernel: [    1.004067] e1000e: Intel(R) PRO/1000 Network Driver
Aug 24 18:16:13 lnicosia kernel: [    1.004067] e1000e: Copyright(c) 1999 - 2015 Intel Corporation.
Aug 24 18:16:13 lnicosia kernel: [    1.004067] sky2: driver version 1.30
Aug 24 18:16:13 lnicosia kernel: [    1.006593] ehci_hcd: USB 2.0 'Enhanced' Host Controller (EHCI) Driver
Aug 24 18:16:13 lnicosia kernel: [    1.007035] ehci-pci: EHCI PCI platform driver
Aug 24 18:16:13 lnicosia kernel: [    1.007805] ehci-pci 0000:00:0b.0: EHCI Host Controller
Aug 24 18:16:13 lnicosia kernel: [    1.008242] ehci-pci 0000:00:0b.0: new USB bus registered, assigned bus number 1
Aug 24 18:16:13 lnicosia kernel: [    1.009172] ehci-pci 0000:00:0b.0: irq 19, io mem 0xf0805000
Aug 24 18:16:13 lnicosia kernel: [    1.294265] ehci-pci 0000:00:0b.0: USB 2.0 started, EHCI 1.00
Aug 24 18:16:13 lnicosia kernel: [    1.294900] usb usb1: New USB device found, idVendor=1d6b, idProduct=0002, bcdDevice= 6.00
Aug 24 18:16:13 lnicosia kernel: [    1.295713] usb usb1: New USB device strings: Mfr=3, Product=2, SerialNumber=1
Aug 24 18:16:13 lnicosia kernel: [    1.296396] usb usb1: Product: EHCI Host Controller
Aug 24 18:16:13 lnicosia kernel: [    1.296667] usb usb1: Manufacturer: Linux 6.0.0-rc2lnicosia-1.0 ehci_hcd
Aug 24 18:16:13 lnicosia kernel: [    1.296667] usb usb1: SerialNumber: 0000:00:0b.0
Aug 24 18:16:13 lnicosia kernel: [    1.298366] hub 1-0:1.0: USB hub found
Aug 24 18:16:13 lnicosia kernel: [    1.298790] hub 1-0:1.0: 12 ports detected
Aug 24 18:16:13 lnicosia kernel: [    1.299788] ohci_hcd: USB 1.1 'Open' Host Controller (OHCI) Driver
Aug 24 18:16:13 lnicosia kernel: [    1.300419] ohci-pci: OHCI PCI platform driver
Aug 24 18:16:13 lnicosia kernel: [    1.301828] ohci-pci 0000:00:06.0: OHCI PCI host controller
Aug 24 18:16:13 lnicosia kernel: [    1.302656] ohci-pci 0000:00:06.0: new USB bus registered, assigned bus number 2
Aug 24 18:16:13 lnicosia kernel: [    1.303631] ohci-pci 0000:00:06.0: irq 22, io mem 0xf0804000
Aug 24 18:16:13 lnicosia kernel: [    1.426369] usb usb2: New USB device found, idVendor=1d6b, idProduct=0001, bcdDevice= 6.00
Aug 24 18:16:13 lnicosia kernel: [    1.427139] usb usb2: New USB device strings: Mfr=3, Product=2, SerialNumber=1
Aug 24 18:16:13 lnicosia kernel: [    1.427139] usb usb2: Product: OHCI PCI host controller
Aug 24 18:16:13 lnicosia kernel: [    1.427139] usb usb2: Manufacturer: Linux 6.0.0-rc2lnicosia-1.0 ohci_hcd
Aug 24 18:16:13 lnicosia kernel: [    1.427139] usb usb2: SerialNumber: 0000:00:06.0
Aug 24 18:16:13 lnicosia kernel: [    1.429635] hub 2-0:1.0: USB hub found
Aug 24 18:16:13 lnicosia kernel: [    1.430118] hub 2-0:1.0: 12 ports detected
Aug 24 18:16:13 lnicosia kernel: [    1.431165] uhci_hcd: USB Universal Host Controller Interface driver
Aug 24 18:16:13 lnicosia kernel: [    1.431643] usbcore: registered new interface driver usblp
Aug 24 18:16:13 lnicosia kernel: [    1.432035] usbcore: registered new interface driver usb-storage
Aug 24 18:16:13 lnicosia kernel: [    1.432468] i8042: PNP: PS/2 Controller [PNP0303:PS2K,PNP0f03:PS2M] at 0x60,0x64 irq 1,12
Aug 24 18:16:13 lnicosia kernel: [    1.433823] serio: i8042 KBD port at 0x60,0x64 irq 1
Aug 24 18:16:13 lnicosia kernel: [    1.434228] serio: i8042 AUX port at 0x60,0x64 irq 12
Aug 24 18:16:13 lnicosia kernel: [    1.436293] input: AT Translated Set 2 keyboard as /devices/platform/i8042/serio0/input/input3
Aug 24 18:16:13 lnicosia kernel: [    1.437065] rtc_cmos rtc_cmos: registered as rtc0
Aug 24 18:16:13 lnicosia kernel: [    1.437459] rtc_cmos rtc_cmos: alarms up to one day, 114 bytes nvram
Aug 24 18:16:13 lnicosia kernel: [    1.438127] fail to initialize ptp_kvm
Aug 24 18:16:13 lnicosia kernel: [    1.438353] device-mapper: ioctl: 4.47.0-ioctl (2022-07-28) initialised: dm-devel@redhat.com
Aug 24 18:16:13 lnicosia kernel: [    1.439328] intel_pstate: CPU model not supported
Aug 24 18:16:13 lnicosia kernel: [    1.439708] hid: raw HID events driver (C) Jiri Kosina
Aug 24 18:16:13 lnicosia kernel: [    1.440397] usbcore: registered new interface driver usbhid
Aug 24 18:16:13 lnicosia kernel: [    1.440775] usbhid: USB HID core driver
Aug 24 18:16:13 lnicosia kernel: [    1.441780] Initializing XFRM netlink socket
Aug 24 18:16:13 lnicosia kernel: [    1.442189] NET: Registered PF_INET6 protocol family
Aug 24 18:16:13 lnicosia kernel: [    1.443202] Segment Routing with IPv6
Aug 24 18:16:13 lnicosia kernel: [    1.443432] In-situ OAM (IOAM) with IPv6
Aug 24 18:16:13 lnicosia kernel: [    1.443709] sit: IPv6, IPv4 and MPLS over IPv4 tunneling driver
Aug 24 18:16:13 lnicosia kernel: [    1.444194] NET: Registered PF_PACKET protocol family
Aug 24 18:16:13 lnicosia kernel: [    1.444505] 9pnet: Installing 9P2000 support
Aug 24 18:16:13 lnicosia kernel: [    1.444749] Key type dns_resolver registered
Aug 24 18:16:13 lnicosia kernel: [    1.445806] IPI shorthand broadcast: enabled
Aug 24 18:16:13 lnicosia kernel: [    1.446104] sched_clock: Marking stable (1411687874, 34378872)->(1465351717, -19284971)
Aug 24 18:16:13 lnicosia kernel: [    1.446917] registered taskstats version 1
Aug 24 18:16:13 lnicosia kernel: [    1.447304] Loading compiled-in X.509 certificates
Aug 24 18:16:13 lnicosia kernel: [    1.448070] cryptomgr_test (68) used greatest stack depth: 15736 bytes left
Aug 24 18:16:13 lnicosia kernel: [    1.449245] cryptomgr_test (71) used greatest stack depth: 15528 bytes left
Aug 24 18:16:13 lnicosia kernel: [    1.452083] cryptomgr_test (88) used greatest stack depth: 15224 bytes left
Aug 24 18:16:13 lnicosia kernel: [    1.452840] PM:   Magic number: 2:234:288
Aug 24 18:16:13 lnicosia kernel: [    1.453145] tty tty21: hash matches
Aug 24 18:16:13 lnicosia kernel: [    1.453361] acpi PNP0400:01: hash matches
Aug 24 18:16:13 lnicosia kernel: [    1.453595] printk: console [netcon0] enabled
Aug 24 18:16:13 lnicosia kernel: [    1.453828] netconsole: network logging started
Aug 24 18:16:13 lnicosia kernel: [    1.454383] cfg80211: Loading compiled-in X.509 certificates for regulatory database
Aug 24 18:16:13 lnicosia kernel: [    1.454957] kworker/u8:2 (90) used greatest stack depth: 14776 bytes left
Aug 24 18:16:13 lnicosia kernel: [    1.456206] cfg80211: Loaded X.509 cert 'sforshee: 00b28ddf47aef9cea7'
Aug 24 18:16:13 lnicosia kernel: [    1.456537] platform regulatory.0: Direct firmware load for regulatory.db failed with error -2
Aug 24 18:16:13 lnicosia kernel: [    1.456948] cfg80211: failed to load regulatory.db
Aug 24 18:16:13 lnicosia kernel: [    1.457246] ALSA device list:
Aug 24 18:16:13 lnicosia kernel: [    1.457442]   No soundcards found.
Aug 24 18:16:13 lnicosia kernel: [    1.659799] input: ImExPS/2 Generic Explorer Mouse as /devices/platform/i8042/serio1/input/input5
Aug 24 18:16:13 lnicosia kernel: [    1.660713] md: Waiting for all devices to be available before autodetect
Aug 24 18:16:13 lnicosia kernel: [    1.661328] md: If you don't use raid, use raid=noautodetect
Aug 24 18:16:13 lnicosia kernel: [    1.661587] md: Autodetecting RAID arrays.
Aug 24 18:16:13 lnicosia kernel: [    1.661882] md: autorun ...
Aug 24 18:16:13 lnicosia kernel: [    1.662055] md: ... autorun DONE.
Aug 24 18:16:13 lnicosia kernel: [    1.720096] EXT4-fs (sda4): INFO: recovery required on readonly filesystem
Aug 24 18:16:13 lnicosia kernel: [    1.720718] EXT4-fs (sda4): write access will be enabled during recovery
Aug 24 18:16:13 lnicosia kernel: [    1.772152] usb 2-1: new full-speed USB device number 2 using ohci-pci
Aug 24 18:16:13 lnicosia kernel: [    2.032872] usb 2-1: New USB device found, idVendor=80ee, idProduct=0021, bcdDevice= 1.00
Aug 24 18:16:13 lnicosia kernel: [    2.033659] usb 2-1: New USB device strings: Mfr=1, Product=3, SerialNumber=0
Aug 24 18:16:13 lnicosia kernel: [    2.034307] usb 2-1: Product: USB Tablet
Aug 24 18:16:13 lnicosia kernel: [    2.034718] usb 2-1: Manufacturer: VirtualBox
Aug 24 18:16:13 lnicosia kernel: [    2.045874] input: VirtualBox USB Tablet as /devices/pci0000:00/0000:00:06.0/usb2/2-1/2-1:1.0/0003:80EE:0021.0001/input/input6
Aug 24 18:16:13 lnicosia kernel: [    2.047092] hid-generic 0003:80EE:0021.0001: input,hidraw0: USB HID v1.10 Mouse [VirtualBox USB Tablet] on usb-0000:00:06.0-1/input0
Aug 24 18:16:13 lnicosia kernel: [    2.584882] EXT4-fs (sda4): recovery complete
Aug 24 18:16:13 lnicosia kernel: [    2.588669] EXT4-fs (sda4): mounted filesystem with ordered data mode. Quota mode: none.
Aug 24 18:16:13 lnicosia kernel: [    2.589451] VFS: Mounted root (ext4 filesystem) readonly on device 8:4.
Aug 24 18:16:13 lnicosia kernel: [    2.653843] devtmpfs: mounted
Aug 24 18:16:13 lnicosia kernel: [    2.655859] Freeing unused kernel image (initmem) memory: 1528K
Aug 24 18:16:13 lnicosia kernel: [    2.656719] Write protecting the kernel read-only data: 24576k
Aug 24 18:16:13 lnicosia kernel: [    2.658644] Freeing unused kernel image (text/rodata gap) memory: 2032K
Aug 24 18:16:13 lnicosia kernel: [    2.660059] Freeing unused kernel image (rodata/data gap) memory: 980K
Aug 24 18:16:13 lnicosia kernel: [    2.660764] Run /sbin/init as init process
Aug 24 18:16:13 lnicosia kernel: [    2.661215]   with arguments:
Aug 24 18:16:13 lnicosia kernel: [    2.661217]     /sbin/init
Aug 24 18:16:13 lnicosia kernel: [    2.661218]   with environment:
Aug 24 18:16:13 lnicosia kernel: [    2.661219]     HOME=/
Aug 24 18:16:13 lnicosia kernel: [    2.661220]     TERM=linux
Aug 24 18:16:13 lnicosia kernel: [    2.661222]     BOOT_IMAGE=/vmlinuz-latest-lnicosia-debug
Aug 24 18:16:13 lnicosia kernel: [    4.206346] stty (100) used greatest stack depth: 13720 bytes left
Aug 24 18:16:13 lnicosia kernel: [    4.414571] dmesg (101) used greatest stack depth: 13704 bytes left
Aug 24 18:16:13 lnicosia kernel: [    4.450798] ls (103) used greatest stack depth: 13600 bytes left
Aug 24 18:16:13 lnicosia kernel: [    5.357833] ip (152) used greatest stack depth: 13104 bytes left
Aug 24 18:16:13 lnicosia kernel: <30>[    5.671558] udevd[177]: starting version 3.2.10
Aug 24 18:16:13 lnicosia kernel: <30>[    6.155685] udevd[178]: starting eudev-3.2.10
Aug 24 18:16:13 lnicosia kernel: [    6.347716] e1000 0000:00:03.0 enp0s3: renamed from eth0
Aug 24 18:16:13 lnicosia kernel: [    6.392834] Adding 2097148k swap on /dev/sda2.  Priority:1 extents:1 across:2097148k 
Aug 24 18:16:13 lnicosia kernel: [    6.440470] EXT4-fs (sda4): re-mounted. Quota mode: none.
Aug 24 18:16:13 lnicosia kernel: [    6.848882] EXT4-fs (sda4): re-mounted. Quota mode: none.
Aug 24 18:16:13 lnicosia kernel: [    7.148318] EXT4-fs (sda3): warning: mounting unchecked fs, running e2fsck is recommended
Aug 24 18:16:13 lnicosia kernel: [    7.151791] EXT4-fs (sda3): mounted filesystem without journal. Quota mode: none.
Aug 24 18:16:13 lnicosia kernel: [    8.916494] e1000: enp0s3 NIC Link is Up 1000 Mbps Full Duplex, Flow Control: RX
Aug 24 18:16:13 lnicosia kernel: [    8.916883] IPv6: ADDRCONF(NETDEV_CHANGE): enp0s3: link becomes ready
