Aug 26 13:20:40 lnicosia kernel: klogd 1.5.1, log source = /proc/kmsg started.
Aug 26 13:20:41 lnicosia kernel: Cannot find map file.
Aug 26 13:20:41 lnicosia kernel: Loaded 129373 symbols from 1 module.
Aug 26 13:20:41 lnicosia kernel: [    0.000000] Linux version 6.0.0-rc2-00159-g4c612826bec1 (root@lnicosia) (gcc (GCC) 11.2.0, GNU ld (GNU Binutils) 2.37) #1 SMP PREEMPT_DYNAMIC Fri Aug 26 11:21:17 CEST 2022
Aug 26 13:20:41 lnicosia kernel: [    0.000000] Command line: BOOT_IMAGE=/vmlinuz-master-debug root=/dev/sda4 ro
Aug 26 13:20:41 lnicosia kernel: [    0.000000] x86/fpu: Supporting XSAVE feature 0x001: 'x87 floating point registers'
Aug 26 13:20:41 lnicosia kernel: [    0.000000] x86/fpu: Supporting XSAVE feature 0x002: 'SSE registers'
Aug 26 13:20:41 lnicosia kernel: [    0.000000] x86/fpu: Supporting XSAVE feature 0x004: 'AVX registers'
Aug 26 13:20:41 lnicosia kernel: [    0.000000] x86/fpu: xstate_offset[2]:  576, xstate_sizes[2]:  256
Aug 26 13:20:41 lnicosia kernel: [    0.000000] x86/fpu: Enabled xstate features 0x7, context size is 832 bytes, using 'standard' format.
Aug 26 13:20:41 lnicosia kernel: [    0.000000] signal: max sigframe size: 1776
Aug 26 13:20:41 lnicosia kernel: [    0.000000] BIOS-provided physical RAM map:
Aug 26 13:20:41 lnicosia kernel: [    0.000000] BIOS-e820: [mem 0x0000000000000000-0x000000000009fbff] usable
Aug 26 13:20:41 lnicosia kernel: [    0.000000] BIOS-e820: [mem 0x000000000009fc00-0x000000000009ffff] reserved
Aug 26 13:20:41 lnicosia kernel: [    0.000000] BIOS-e820: [mem 0x00000000000f0000-0x00000000000fffff] reserved
Aug 26 13:20:41 lnicosia kernel: [    0.000000] BIOS-e820: [mem 0x0000000000100000-0x000000007ffeffff] usable
Aug 26 13:20:41 lnicosia kernel: [    0.000000] BIOS-e820: [mem 0x000000007fff0000-0x000000007fffffff] ACPI data
Aug 26 13:20:41 lnicosia kernel: [    0.000000] BIOS-e820: [mem 0x00000000fec00000-0x00000000fec00fff] reserved
Aug 26 13:20:41 lnicosia kernel: [    0.000000] BIOS-e820: [mem 0x00000000fee00000-0x00000000fee00fff] reserved
Aug 26 13:20:41 lnicosia kernel: [    0.000000] BIOS-e820: [mem 0x00000000fffc0000-0x00000000ffffffff] reserved
Aug 26 13:20:41 lnicosia kernel: [    0.000000] NX (Execute Disable) protection: active
Aug 26 13:20:41 lnicosia kernel: [    0.000000] SMBIOS 2.5 present.
Aug 26 13:20:41 lnicosia kernel: [    0.000000] DMI: innotek GmbH VirtualBox/VirtualBox, BIOS VirtualBox 12/01/2006
Aug 26 13:20:41 lnicosia kernel: [    0.000000] Hypervisor detected: KVM
Aug 26 13:20:41 lnicosia kernel: [    0.000000] kvm-clock: Using msrs 4b564d01 and 4b564d00
Aug 26 13:20:41 lnicosia kernel: [    0.000002] kvm-clock: using sched offset of 6970324169 cycles
Aug 26 13:20:41 lnicosia kernel: [    0.000005] clocksource: kvm-clock: mask: 0xffffffffffffffff max_cycles: 0x1cd42e4dffb, max_idle_ns: 881590591483 ns
Aug 26 13:20:41 lnicosia kernel: [    0.000008] tsc: Detected 2906.230 MHz processor
Aug 26 13:20:41 lnicosia kernel: [    0.000644] e820: update [mem 0x00000000-0x00000fff] usable ==> reserved
Aug 26 13:20:41 lnicosia kernel: [    0.000647] e820: remove [mem 0x000a0000-0x000fffff] usable
Aug 26 13:20:41 lnicosia kernel: [    0.000651] last_pfn = 0x7fff0 max_arch_pfn = 0x400000000
Aug 26 13:20:41 lnicosia kernel: [    0.000661] Disabled
Aug 26 13:20:41 lnicosia kernel: [    0.000662] x86/PAT: MTRRs disabled, skipping PAT initialization too.
Aug 26 13:20:41 lnicosia kernel: [    0.000664] CPU MTRRs all blank - virtualized system.
Aug 26 13:20:41 lnicosia kernel: [    0.000666] x86/PAT: Configuration [0-7]: WB  WT  UC- UC  WB  WT  UC- UC  
Aug 26 13:20:41 lnicosia kernel: [    0.000740] found SMP MP-table at [mem 0x0009fff0-0x0009ffff]
Aug 26 13:20:41 lnicosia kernel: [    0.000842] ACPI: Early table checksum verification disabled
Aug 26 13:20:41 lnicosia kernel: [    0.000846] ACPI: RSDP 0x00000000000E0000 000024 (v02 VBOX  )
Aug 26 13:20:41 lnicosia kernel: [    0.000851] ACPI: XSDT 0x000000007FFF0030 00003C (v01 VBOX   VBOXXSDT 00000001 ASL  00000061)
Aug 26 13:20:41 lnicosia kernel: [    0.000857] ACPI: FACP 0x000000007FFF00F0 0000F4 (v04 VBOX   VBOXFACP 00000001 ASL  00000061)
Aug 26 13:20:41 lnicosia kernel: [    0.000863] ACPI: DSDT 0x000000007FFF0480 002325 (v02 VBOX   VBOXBIOS 00000002 INTL 20190509)
Aug 26 13:20:41 lnicosia kernel: [    0.000867] ACPI: FACS 0x000000007FFF0200 000040
Aug 26 13:20:41 lnicosia kernel: [    0.000871] ACPI: FACS 0x000000007FFF0200 000040
Aug 26 13:20:41 lnicosia kernel: [    0.000874] ACPI: APIC 0x000000007FFF0240 00006C (v02 VBOX   VBOXAPIC 00000001 ASL  00000061)
Aug 26 13:20:41 lnicosia kernel: [    0.000878] ACPI: SSDT 0x000000007FFF02B0 0001CC (v01 VBOX   VBOXCPUT 00000002 INTL 20190509)
Aug 26 13:20:41 lnicosia kernel: [    0.000881] ACPI: Reserving FACP table memory at [mem 0x7fff00f0-0x7fff01e3]
Aug 26 13:20:41 lnicosia kernel: [    0.000883] ACPI: Reserving DSDT table memory at [mem 0x7fff0480-0x7fff27a4]
Aug 26 13:20:41 lnicosia kernel: [    0.000883] ACPI: Reserving FACS table memory at [mem 0x7fff0200-0x7fff023f]
Aug 26 13:20:41 lnicosia kernel: [    0.000884] ACPI: Reserving FACS table memory at [mem 0x7fff0200-0x7fff023f]
Aug 26 13:20:41 lnicosia kernel: [    0.000885] ACPI: Reserving APIC table memory at [mem 0x7fff0240-0x7fff02ab]
Aug 26 13:20:41 lnicosia kernel: [    0.000885] ACPI: Reserving SSDT table memory at [mem 0x7fff02b0-0x7fff047b]
Aug 26 13:20:41 lnicosia kernel: [    0.001060] No NUMA configuration found
Aug 26 13:20:41 lnicosia kernel: [    0.001062] Faking a node at [mem 0x0000000000000000-0x000000007ffeffff]
Aug 26 13:20:41 lnicosia kernel: [    0.001065] NODE_DATA(0) allocated [mem 0x7ffec000-0x7ffeffff]
Aug 26 13:20:41 lnicosia kernel: [    0.001077] Zone ranges:
Aug 26 13:20:41 lnicosia kernel: [    0.001077]   DMA      [mem 0x0000000000001000-0x0000000000ffffff]
Aug 26 13:20:41 lnicosia kernel: [    0.001079]   DMA32    [mem 0x0000000001000000-0x000000007ffeffff]
Aug 26 13:20:41 lnicosia kernel: [    0.001080]   Normal   empty
Aug 26 13:20:41 lnicosia kernel: [    0.001081] Movable zone start for each node
Aug 26 13:20:41 lnicosia kernel: [    0.001081] Early memory node ranges
Aug 26 13:20:41 lnicosia kernel: [    0.001082]   node   0: [mem 0x0000000000001000-0x000000000009efff]
Aug 26 13:20:41 lnicosia kernel: [    0.001083]   node   0: [mem 0x0000000000100000-0x000000007ffeffff]
Aug 26 13:20:41 lnicosia kernel: [    0.001085] Initmem setup node 0 [mem 0x0000000000001000-0x000000007ffeffff]
Aug 26 13:20:41 lnicosia kernel: [    0.001685] On node 0, zone DMA: 1 pages in unavailable ranges
Aug 26 13:20:41 lnicosia kernel: [    0.001706] On node 0, zone DMA: 97 pages in unavailable ranges
Aug 26 13:20:41 lnicosia kernel: [    0.009483] On node 0, zone DMA32: 16 pages in unavailable ranges
Aug 26 13:20:41 lnicosia kernel: [    0.009923] ACPI: PM-Timer IO Port: 0x4008
Aug 26 13:20:41 lnicosia kernel: [    0.009993] IOAPIC[0]: apic_id 4, version 32, address 0xfec00000, GSI 0-23
Aug 26 13:20:41 lnicosia kernel: [    0.009998] ACPI: INT_SRC_OVR (bus 0 bus_irq 0 global_irq 2 dfl dfl)
Aug 26 13:20:41 lnicosia kernel: [    0.010000] ACPI: INT_SRC_OVR (bus 0 bus_irq 9 global_irq 9 low level)
Aug 26 13:20:41 lnicosia kernel: [    0.010005] ACPI: Using ACPI (MADT) for SMP configuration information
Aug 26 13:20:41 lnicosia kernel: [    0.010013] smpboot: Allowing 4 CPUs, 0 hotplug CPUs
Aug 26 13:20:41 lnicosia kernel: [    0.010034] PM: hibernation: Registered nosave memory: [mem 0x00000000-0x00000fff]
Aug 26 13:20:41 lnicosia kernel: [    0.010036] PM: hibernation: Registered nosave memory: [mem 0x0009f000-0x0009ffff]
Aug 26 13:20:41 lnicosia kernel: [    0.010037] PM: hibernation: Registered nosave memory: [mem 0x000a0000-0x000effff]
Aug 26 13:20:41 lnicosia kernel: [    0.010038] PM: hibernation: Registered nosave memory: [mem 0x000f0000-0x000fffff]
Aug 26 13:20:41 lnicosia kernel: [    0.010039] [mem 0x80000000-0xfebfffff] available for PCI devices
Aug 26 13:20:41 lnicosia kernel: [    0.010040] Booting paravirtualized kernel on KVM
Aug 26 13:20:41 lnicosia kernel: [    0.010043] clocksource: refined-jiffies: mask: 0xffffffff max_cycles: 0xffffffff, max_idle_ns: 1910969940391419 ns
Aug 26 13:20:41 lnicosia kernel: [    0.015431] setup_percpu: NR_CPUS:64 nr_cpumask_bits:64 nr_cpu_ids:4 nr_node_ids:1
Aug 26 13:20:41 lnicosia kernel: [    0.016194] percpu: Embedded 52 pages/cpu s176040 r8192 d28760 u524288
Aug 26 13:20:41 lnicosia kernel: [    0.016201] pcpu-alloc: s176040 r8192 d28760 u524288 alloc=1*2097152
Aug 26 13:20:41 lnicosia kernel: [    0.016204] pcpu-alloc: [0] 0 1 2 3 
Aug 26 13:20:41 lnicosia kernel: [    0.016224] Fallback order for Node 0: 0 
Aug 26 13:20:41 lnicosia kernel: [    0.016227] Built 1 zonelists, mobility grouping on.  Total pages: 515824
Aug 26 13:20:41 lnicosia kernel: [    0.016228] Policy zone: DMA32
Aug 26 13:20:41 lnicosia kernel: [    0.016230] Kernel command line: BOOT_IMAGE=/vmlinuz-master-debug root=/dev/sda4 ro
Aug 26 13:20:41 lnicosia kernel: [    0.016254] Unknown kernel command line parameters "BOOT_IMAGE=/vmlinuz-master-debug", will be passed to user space.
Aug 26 13:20:41 lnicosia kernel: [    0.016910] Dentry cache hash table entries: 262144 (order: 9, 2097152 bytes, linear)
Aug 26 13:20:41 lnicosia kernel: [    0.016958] Inode-cache hash table entries: 131072 (order: 8, 1048576 bytes, linear)
Aug 26 13:20:41 lnicosia kernel: [    0.017045] mem auto-init: stack:off, heap alloc:off, heap free:off
Aug 26 13:20:41 lnicosia kernel: [    0.021737] Memory: 2024184K/2096696K available (16396K kernel code, 2662K rwdata, 5164K rodata, 1528K init, 936K bss, 72252K reserved, 0K cma-reserved)
Aug 26 13:20:41 lnicosia kernel: [    0.021774] SLUB: HWalign=64, Order=0-3, MinObjects=0, CPUs=4, Nodes=1
Aug 26 13:20:41 lnicosia kernel: [    0.021783] Kernel/User page tables isolation: enabled
Aug 26 13:20:41 lnicosia kernel: [    0.022741] Dynamic Preempt: voluntary
Aug 26 13:20:41 lnicosia kernel: [    0.022848] rcu: Preemptible hierarchical RCU implementation.
Aug 26 13:20:41 lnicosia kernel: [    0.022849] rcu: ^IRCU event tracing is enabled.
Aug 26 13:20:41 lnicosia kernel: [    0.022850] rcu: ^IRCU restricting CPUs from NR_CPUS=64 to nr_cpu_ids=4.
Aug 26 13:20:41 lnicosia kernel: [    0.022851] ^ITrampoline variant of Tasks RCU enabled.
Aug 26 13:20:41 lnicosia kernel: [    0.022852] rcu: RCU calculated value of scheduler-enlistment delay is 100 jiffies.
Aug 26 13:20:41 lnicosia kernel: [    0.022853] rcu: Adjusting geometry for rcu_fanout_leaf=16, nr_cpu_ids=4
Aug 26 13:20:41 lnicosia kernel: [    0.024192] NR_IRQS: 4352, nr_irqs: 456, preallocated irqs: 16
Aug 26 13:20:41 lnicosia kernel: [    0.024381] rcu: srcu_init: Setting srcu_struct sizes based on contention.
Aug 26 13:20:41 lnicosia kernel: [    0.024860] random: crng init done
Aug 26 13:20:41 lnicosia kernel: [    0.030371] Console: colour VGA+ 80x25
Aug 26 13:20:41 lnicosia kernel: [    0.030385] printk: console [tty0] enabled
Aug 26 13:20:41 lnicosia kernel: [    0.030408] ACPI: Core revision 20220331
Aug 26 13:20:41 lnicosia kernel: [    0.030528] APIC: Switch to symmetric I/O mode setup
Aug 26 13:20:41 lnicosia kernel: [    0.032804] ..TIMER: vector=0x30 apic1=0 pin1=2 apic2=-1 pin2=-1
Aug 26 13:20:41 lnicosia kernel: [    0.032852] clocksource: tsc-early: mask: 0xffffffffffffffff max_cycles: 0x29e440a6bee, max_idle_ns: 440795348980 ns
Aug 26 13:20:41 lnicosia kernel: [    0.032861] Calibrating delay loop (skipped) preset value.. 5812.46 BogoMIPS (lpj=2906230)
Aug 26 13:20:41 lnicosia kernel: [    0.032864] pid_max: default: 32768 minimum: 301
Aug 26 13:20:41 lnicosia kernel: [    0.032881] LSM: Security Framework initializing
Aug 26 13:20:41 lnicosia kernel: [    0.032888] SELinux:  Initializing.
Aug 26 13:20:41 lnicosia kernel: [    0.032918] Mount-cache hash table entries: 4096 (order: 3, 32768 bytes, linear)
Aug 26 13:20:41 lnicosia kernel: [    0.032924] Mountpoint-cache hash table entries: 4096 (order: 3, 32768 bytes, linear)
Aug 26 13:20:41 lnicosia kernel: [    0.034045] Last level iTLB entries: 4KB 512, 2MB 8, 4MB 8
Aug 26 13:20:41 lnicosia kernel: [    0.034047] Last level dTLB entries: 4KB 512, 2MB 32, 4MB 32, 1GB 0
Aug 26 13:20:41 lnicosia kernel: [    0.034051] Spectre V1 : Mitigation: usercopy/swapgs barriers and __user pointer sanitization
Aug 26 13:20:41 lnicosia kernel: [    0.034052] Spectre V2 : Mitigation: Retpolines
Aug 26 13:20:41 lnicosia kernel: [    0.034053] Spectre V2 : Spectre v2 / SpectreRSB mitigation: Filling RSB on context switch
Aug 26 13:20:41 lnicosia kernel: [    0.034054] Spectre V2 : Spectre v2 / SpectreRSB : Filling RSB on VMEXIT
Aug 26 13:20:41 lnicosia kernel: [    0.034054] Speculative Store Bypass: Vulnerable
Aug 26 13:20:41 lnicosia kernel: [    0.034057] MDS: Mitigation: Clear CPU buffers
Aug 26 13:20:41 lnicosia kernel: [    0.034058] SRBDS: Unknown: Dependent on hypervisor status
Aug 26 13:20:41 lnicosia kernel: [    0.049278] Freeing SMP alternatives memory: 44K
Aug 26 13:20:41 lnicosia kernel: [    0.152126] smpboot: CPU0: Intel(R) Core(TM) i5-3470S CPU @ 2.90GHz (family: 0x6, model: 0x3a, stepping: 0x9)
Aug 26 13:20:41 lnicosia kernel: [    0.152286] cblist_init_generic: Setting adjustable number of callback queues.
Aug 26 13:20:41 lnicosia kernel: [    0.152288] cblist_init_generic: Setting shift to 2 and lim to 1.
Aug 26 13:20:41 lnicosia kernel: [    0.152303] Performance Events: unsupported p6 CPU model 58 no PMU driver, software events only.
Aug 26 13:20:41 lnicosia kernel: [    0.152344] rcu: Hierarchical SRCU implementation.
Aug 26 13:20:41 lnicosia kernel: [    0.152345] rcu: ^IMax phase no-delay instances is 400.
Aug 26 13:20:41 lnicosia kernel: [    0.152592] smp: Bringing up secondary CPUs ...
Aug 26 13:20:41 lnicosia kernel: [    0.152666] x86: Booting SMP configuration:
Aug 26 13:20:41 lnicosia kernel: [    0.152668] .... node  #0, CPUs:      #1 #2 #3
Aug 26 13:20:41 lnicosia kernel: [    0.157012] smp: Brought up 1 node, 4 CPUs
Aug 26 13:20:41 lnicosia kernel: [    0.157015] smpboot: Max logical packages: 1
Aug 26 13:20:41 lnicosia kernel: [    0.157017] smpboot: Total of 4 processors activated (23249.84 BogoMIPS)
Aug 26 13:20:41 lnicosia kernel: [    0.157861] devtmpfs: initialized
Aug 26 13:20:41 lnicosia kernel: [    0.158024] clocksource: jiffies: mask: 0xffffffff max_cycles: 0xffffffff, max_idle_ns: 1911260446275000 ns
Aug 26 13:20:41 lnicosia kernel: [    0.158024] futex hash table entries: 1024 (order: 4, 65536 bytes, linear)
Aug 26 13:20:41 lnicosia kernel: [    0.158024] PM: RTC time: 11:20:30, date: 2022-08-26
Aug 26 13:20:41 lnicosia kernel: [    0.158192] NET: Registered PF_NETLINK/PF_ROUTE protocol family
Aug 26 13:20:41 lnicosia kernel: [    0.158264] audit: initializing netlink subsys (disabled)
Aug 26 13:20:41 lnicosia kernel: [    0.158308] audit: type=2000 audit(1661512839.231:1): state=initialized audit_enabled=0 res=1
Aug 26 13:20:41 lnicosia kernel: [    0.158308] thermal_sys: Registered thermal governor 'step_wise'
Aug 26 13:20:41 lnicosia kernel: [    0.158308] thermal_sys: Registered thermal governor 'user_space'
Aug 26 13:20:41 lnicosia kernel: [    0.158308] cpuidle: using governor menu
Aug 26 13:20:41 lnicosia kernel: [    0.158950] PCI: Using configuration type 1 for base access
Aug 26 13:20:41 lnicosia kernel: [    0.161170] kprobes: kprobe jump-optimization is enabled. All kprobes are optimized if possible.
Aug 26 13:20:41 lnicosia kernel: [    0.258898] HugeTLB: registered 2.00 MiB page size, pre-allocated 0 pages
Aug 26 13:20:41 lnicosia kernel: [    0.258902] HugeTLB: 28 KiB vmemmap can be freed for a 2.00 MiB page
Aug 26 13:20:41 lnicosia kernel: [    0.258989] ACPI: Added _OSI(Module Device)
Aug 26 13:20:41 lnicosia kernel: [    0.258989] ACPI: Added _OSI(Processor Device)
Aug 26 13:20:41 lnicosia kernel: [    0.258989] ACPI: Added _OSI(3.0 _SCP Extensions)
Aug 26 13:20:41 lnicosia kernel: [    0.258989] ACPI: Added _OSI(Processor Aggregator Device)
Aug 26 13:20:41 lnicosia kernel: [    0.258989] ACPI: Added _OSI(Linux-Dell-Video)
Aug 26 13:20:41 lnicosia kernel: [    0.258989] ACPI: Added _OSI(Linux-Lenovo-NV-HDMI-Audio)
Aug 26 13:20:41 lnicosia kernel: [    0.258989] ACPI: Added _OSI(Linux-HPI-Hybrid-Graphics)
Aug 26 13:20:41 lnicosia kernel: [    0.259714] ACPI: 2 ACPI AML tables successfully acquired and loaded
Aug 26 13:20:41 lnicosia kernel: [    0.271483] ACPI: Interpreter enabled
Aug 26 13:20:41 lnicosia kernel: [    0.271483] ACPI: PM: (supports S0 S5)
Aug 26 13:20:41 lnicosia kernel: [    0.271483] ACPI: Using IOAPIC for interrupt routing
Aug 26 13:20:41 lnicosia kernel: [    0.271483] PCI: Using host bridge windows from ACPI; if necessary, use "pci=nocrs" and report a bug
Aug 26 13:20:41 lnicosia kernel: [    0.271483] PCI: Using E820 reservations for host bridge windows
Aug 26 13:20:41 lnicosia kernel: [    0.271483] ACPI: Enabled 2 GPEs in block 00 to 07
Aug 26 13:20:41 lnicosia kernel: [    0.275433] ACPI: PCI Root Bridge [PCI0] (domain 0000 [bus 00-ff])
Aug 26 13:20:41 lnicosia kernel: [    0.275440] acpi PNP0A03:00: _OSC: OS supports [ASPM ClockPM Segments MSI HPX-Type3]
Aug 26 13:20:41 lnicosia kernel: [    0.275443] acpi PNP0A03:00: _OSC: not requesting OS control; OS requires [ExtendedConfig ASPM ClockPM MSI]
Aug 26 13:20:41 lnicosia kernel: [    0.275711] acpi PNP0A03:00: fail to add MMCONFIG information, can't access extended PCI configuration space under this bridge.
Aug 26 13:20:41 lnicosia kernel: [    0.275860] PCI host bridge to bus 0000:00
Aug 26 13:20:41 lnicosia kernel: [    0.275862] pci_bus 0000:00: root bus resource [io  0x0000-0x0cf7 window]
Aug 26 13:20:41 lnicosia kernel: [    0.275864] pci_bus 0000:00: root bus resource [io  0x0d00-0xffff window]
Aug 26 13:20:41 lnicosia kernel: [    0.275866] pci_bus 0000:00: root bus resource [mem 0x000a0000-0x000bffff window]
Aug 26 13:20:41 lnicosia kernel: [    0.275867] pci_bus 0000:00: root bus resource [mem 0x80000000-0xfdffffff window]
Aug 26 13:20:41 lnicosia kernel: [    0.275869] pci_bus 0000:00: root bus resource [bus 00-ff]
Aug 26 13:20:41 lnicosia kernel: [    0.276050] pci 0000:00:00.0: [8086:1237] type 00 class 0x060000
Aug 26 13:20:41 lnicosia kernel: [    0.276512] pci 0000:00:01.0: [8086:7000] type 00 class 0x060100
Aug 26 13:20:41 lnicosia kernel: [    0.277137] pci 0000:00:01.1: [8086:7111] type 00 class 0x01018a
Aug 26 13:20:41 lnicosia kernel: [    0.277500] pci 0000:00:01.1: reg 0x20: [io  0xd000-0xd00f]
Aug 26 13:20:41 lnicosia kernel: [    0.277635] pci 0000:00:01.1: legacy IDE quirk: reg 0x10: [io  0x01f0-0x01f7]
Aug 26 13:20:41 lnicosia kernel: [    0.277637] pci 0000:00:01.1: legacy IDE quirk: reg 0x14: [io  0x03f6]
Aug 26 13:20:41 lnicosia kernel: [    0.277638] pci 0000:00:01.1: legacy IDE quirk: reg 0x18: [io  0x0170-0x0177]
Aug 26 13:20:41 lnicosia kernel: [    0.277639] pci 0000:00:01.1: legacy IDE quirk: reg 0x1c: [io  0x0376]
Aug 26 13:20:41 lnicosia kernel: [    0.277787] pci 0000:00:02.0: [15ad:0405] type 00 class 0x030000
Aug 26 13:20:41 lnicosia kernel: [    0.278889] pci 0000:00:02.0: reg 0x10: [io  0xd010-0xd01f]
Aug 26 13:20:41 lnicosia kernel: [    0.281042] pci 0000:00:02.0: reg 0x14: [mem 0xe0000000-0xe7ffffff pref]
Aug 26 13:20:41 lnicosia kernel: [    0.284890] pci 0000:00:02.0: reg 0x18: [mem 0xf0000000-0xf01fffff]
Aug 26 13:20:41 lnicosia kernel: [    0.294871] pci 0000:00:02.0: Video device with shadowed ROM at [mem 0x000c0000-0x000dffff]
Aug 26 13:20:41 lnicosia kernel: [    0.295208] pci 0000:00:03.0: [8086:100e] type 00 class 0x020000
Aug 26 13:20:41 lnicosia kernel: [    0.296008] pci 0000:00:03.0: reg 0x10: [mem 0xf0200000-0xf021ffff]
Aug 26 13:20:41 lnicosia kernel: [    0.298967] pci 0000:00:03.0: reg 0x18: [io  0xd020-0xd027]
Aug 26 13:20:41 lnicosia kernel: [    0.303153] pci 0000:00:04.0: [80ee:cafe] type 00 class 0x088000
Aug 26 13:20:41 lnicosia kernel: [    0.303994] pci 0000:00:04.0: reg 0x10: [io  0xd040-0xd05f]
Aug 26 13:20:41 lnicosia kernel: [    0.304976] pci 0000:00:04.0: reg 0x14: [mem 0xf0400000-0xf07fffff]
Aug 26 13:20:41 lnicosia kernel: [    0.306963] pci 0000:00:04.0: reg 0x18: [mem 0xf0800000-0xf0803fff pref]
Aug 26 13:20:41 lnicosia kernel: [    0.312042] pci 0000:00:05.0: [8086:2415] type 00 class 0x040100
Aug 26 13:20:41 lnicosia kernel: [    0.312166] pci 0000:00:05.0: reg 0x10: [io  0xd100-0xd1ff]
Aug 26 13:20:41 lnicosia kernel: [    0.312226] pci 0000:00:05.0: reg 0x14: [io  0xd200-0xd23f]
Aug 26 13:20:41 lnicosia kernel: [    0.312226] pci 0000:00:06.0: [106b:003f] type 00 class 0x0c0310
Aug 26 13:20:41 lnicosia kernel: [    0.314006] pci 0000:00:06.0: reg 0x10: [mem 0xf0804000-0xf0804fff]
Aug 26 13:20:41 lnicosia kernel: [    0.323233] pci 0000:00:07.0: [8086:7113] type 00 class 0x068000
Aug 26 13:20:41 lnicosia kernel: [    0.324121] pci 0000:00:07.0: quirk: [io  0x4000-0x403f] claimed by PIIX4 ACPI
Aug 26 13:20:41 lnicosia kernel: [    0.324134] pci 0000:00:07.0: quirk: [io  0x4100-0x410f] claimed by PIIX4 SMB
Aug 26 13:20:41 lnicosia kernel: [    0.324363] pci 0000:00:0b.0: [8086:265c] type 00 class 0x0c0320
Aug 26 13:20:41 lnicosia kernel: [    0.325975] pci 0000:00:0b.0: reg 0x10: [mem 0xf0805000-0xf0805fff]
Aug 26 13:20:41 lnicosia kernel: [    0.335297] pci 0000:00:0d.0: [8086:2829] type 00 class 0x010601
Aug 26 13:20:41 lnicosia kernel: [    0.336882] pci 0000:00:0d.0: reg 0x10: [io  0xd240-0xd247]
Aug 26 13:20:41 lnicosia kernel: [    0.337875] pci 0000:00:0d.0: reg 0x14: [io  0xd248-0xd24b]
Aug 26 13:20:41 lnicosia kernel: [    0.338996] pci 0000:00:0d.0: reg 0x18: [io  0xd250-0xd257]
Aug 26 13:20:41 lnicosia kernel: [    0.342026] pci 0000:00:0d.0: reg 0x1c: [io  0xd258-0xd25b]
Aug 26 13:20:41 lnicosia kernel: [    0.342975] pci 0000:00:0d.0: reg 0x20: [io  0xd260-0xd26f]
Aug 26 13:20:41 lnicosia kernel: [    0.344013] pci 0000:00:0d.0: reg 0x24: [mem 0xf0806000-0xf0807fff]
Aug 26 13:20:41 lnicosia kernel: [    0.347666] ACPI: PCI: Interrupt link LNKA configured for IRQ 11
Aug 26 13:20:41 lnicosia kernel: [    0.347897] ACPI: PCI: Interrupt link LNKB configured for IRQ 10
Aug 26 13:20:41 lnicosia kernel: [    0.347977] ACPI: PCI: Interrupt link LNKC configured for IRQ 9
Aug 26 13:20:41 lnicosia kernel: [    0.348054] ACPI: PCI: Interrupt link LNKD configured for IRQ 11
Aug 26 13:20:41 lnicosia kernel: [    0.348260] iommu: Default domain type: Translated 
Aug 26 13:20:41 lnicosia kernel: [    0.348264] iommu: DMA domain TLB invalidation policy: lazy mode 
Aug 26 13:20:41 lnicosia kernel: [    0.348357] SCSI subsystem initialized
Aug 26 13:20:41 lnicosia kernel: [    0.349900] libata version 3.00 loaded.
Aug 26 13:20:41 lnicosia kernel: [    0.349900] ACPI: bus type USB registered
Aug 26 13:20:41 lnicosia kernel: [    0.350164] usbcore: registered new interface driver usbfs
Aug 26 13:20:41 lnicosia kernel: [    0.350175] usbcore: registered new interface driver hub
Aug 26 13:20:41 lnicosia kernel: [    0.350181] usbcore: registered new device driver usb
Aug 26 13:20:41 lnicosia kernel: [    0.350198] pps_core: LinuxPPS API ver. 1 registered
Aug 26 13:20:41 lnicosia kernel: [    0.350199] pps_core: Software ver. 5.3.6 - Copyright 2005-2007 Rodolfo Giometti <giometti@linux.it>
Aug 26 13:20:41 lnicosia kernel: [    0.350202] PTP clock support registered
Aug 26 13:20:41 lnicosia kernel: [    0.350900] Advanced Linux Sound Architecture Driver Initialized.
Aug 26 13:20:41 lnicosia kernel: [    0.351080] NetLabel: Initializing
Aug 26 13:20:41 lnicosia kernel: [    0.351082] NetLabel:  domain hash size = 128
Aug 26 13:20:41 lnicosia kernel: [    0.351083] NetLabel:  protocols = UNLABELED CIPSOv4 CALIPSO
Aug 26 13:20:41 lnicosia kernel: [    0.351099] NetLabel:  unlabeled traffic allowed by default
Aug 26 13:20:41 lnicosia kernel: [    0.351160] PCI: Using ACPI for IRQ routing
Aug 26 13:20:41 lnicosia kernel: [    0.351162] PCI: pci_cache_line_size set to 64 bytes
Aug 26 13:20:41 lnicosia kernel: [    0.351350] e820: reserve RAM buffer [mem 0x0009fc00-0x0009ffff]
Aug 26 13:20:41 lnicosia kernel: [    0.351355] e820: reserve RAM buffer [mem 0x7fff0000-0x7fffffff]
Aug 26 13:20:41 lnicosia kernel: [    0.351398] pci 0000:00:02.0: vgaarb: setting as boot VGA device
Aug 26 13:20:41 lnicosia kernel: [    0.351401] pci 0000:00:02.0: vgaarb: bridge control possible
Aug 26 13:20:41 lnicosia kernel: [    0.351402] pci 0000:00:02.0: vgaarb: VGA device added: decodes=io+mem,owns=io+mem,locks=none
Aug 26 13:20:41 lnicosia kernel: [    0.351405] vgaarb: loaded
Aug 26 13:20:41 lnicosia kernel: [    0.360937] clocksource: Switched to clocksource kvm-clock
Aug 26 13:20:41 lnicosia kernel: [    0.361074] VFS: Disk quotas dquot_6.6.0
Aug 26 13:20:41 lnicosia kernel: [    0.361086] VFS: Dquot-cache hash table entries: 512 (order 0, 4096 bytes)
Aug 26 13:20:41 lnicosia kernel: [    0.361136] pnp: PnP ACPI init
Aug 26 13:20:41 lnicosia kernel: [    0.369421] pnp: PnP ACPI: found 2 devices
Aug 26 13:20:41 lnicosia kernel: [    0.382812] clocksource: acpi_pm: mask: 0xffffff max_cycles: 0xffffff, max_idle_ns: 2085701024 ns
Aug 26 13:20:41 lnicosia kernel: [    0.382851] NET: Registered PF_INET protocol family
Aug 26 13:20:41 lnicosia kernel: [    0.382874] IP idents hash table entries: 32768 (order: 6, 262144 bytes, linear)
Aug 26 13:20:41 lnicosia kernel: [    0.382874] tcp_listen_portaddr_hash hash table entries: 1024 (order: 2, 16384 bytes, linear)
Aug 26 13:20:41 lnicosia kernel: [    0.382874] Table-perturb hash table entries: 65536 (order: 6, 262144 bytes, linear)
Aug 26 13:20:41 lnicosia kernel: [    0.382874] TCP established hash table entries: 16384 (order: 5, 131072 bytes, linear)
Aug 26 13:20:41 lnicosia kernel: [    0.382874] TCP bind hash table entries: 16384 (order: 6, 262144 bytes, linear)
Aug 26 13:20:41 lnicosia kernel: [    0.383438] TCP: Hash tables configured (established 16384 bind 16384)
Aug 26 13:20:41 lnicosia kernel: [    0.383477] UDP hash table entries: 1024 (order: 3, 32768 bytes, linear)
Aug 26 13:20:41 lnicosia kernel: [    0.383486] UDP-Lite hash table entries: 1024 (order: 3, 32768 bytes, linear)
Aug 26 13:20:41 lnicosia kernel: [    0.383516] NET: Registered PF_UNIX/PF_LOCAL protocol family
Aug 26 13:20:41 lnicosia kernel: [    0.384055] RPC: Registered named UNIX socket transport module.
Aug 26 13:20:41 lnicosia kernel: [    0.384058] RPC: Registered udp transport module.
Aug 26 13:20:41 lnicosia kernel: [    0.384059] RPC: Registered tcp transport module.
Aug 26 13:20:41 lnicosia kernel: [    0.384059] RPC: Registered tcp NFSv4.1 backchannel transport module.
Aug 26 13:20:41 lnicosia kernel: [    0.384432] pci_bus 0000:00: resource 4 [io  0x0000-0x0cf7 window]
Aug 26 13:20:41 lnicosia kernel: [    0.384436] pci_bus 0000:00: resource 5 [io  0x0d00-0xffff window]
Aug 26 13:20:41 lnicosia kernel: [    0.384437] pci_bus 0000:00: resource 6 [mem 0x000a0000-0x000bffff window]
Aug 26 13:20:41 lnicosia kernel: [    0.384439] pci_bus 0000:00: resource 7 [mem 0x80000000-0xfdffffff window]
Aug 26 13:20:41 lnicosia kernel: [    0.384473] pci 0000:00:00.0: Limiting direct PCI/PCI transfers
Aug 26 13:20:41 lnicosia kernel: [    0.386567] PCI: CLS 0 bytes, default 64
Aug 26 13:20:41 lnicosia kernel: [    0.386918] RAPL PMU: API unit is 2^-32 Joules, 0 fixed counters, 10737418240 ms ovfl timer
Aug 26 13:20:41 lnicosia kernel: [    0.386927] clocksource: tsc: mask: 0xffffffffffffffff max_cycles: 0x29e440a6bee, max_idle_ns: 440795348980 ns
Aug 26 13:20:41 lnicosia kernel: [    0.410407] clocksource: Switched to clocksource tsc
Aug 26 13:20:41 lnicosia kernel: [    0.410437] platform rtc_cmos: registered platform RTC device (no PNP device found)
Aug 26 13:20:41 lnicosia kernel: [    0.412343] Initialise system trusted keyrings
Aug 26 13:20:41 lnicosia kernel: [    0.412450] workingset: timestamp_bits=56 max_order=19 bucket_order=0
Aug 26 13:20:41 lnicosia kernel: [    0.413796] NFS: Registering the id_resolver key type
Aug 26 13:20:41 lnicosia kernel: [    0.413801] Key type id_resolver registered
Aug 26 13:20:41 lnicosia kernel: [    0.413802] Key type id_legacy registered
Aug 26 13:20:41 lnicosia kernel: [    0.413836] 9p: Installing v9fs 9p2000 file system support
Aug 26 13:20:41 lnicosia kernel: [    0.424952] Key type asymmetric registered
Aug 26 13:20:41 lnicosia kernel: [    0.424952] Asymmetric key parser 'x509' registered
Aug 26 13:20:41 lnicosia kernel: [    0.424952] Block layer SCSI generic (bsg) driver version 0.4 loaded (major 251)
Aug 26 13:20:41 lnicosia kernel: [    0.424952] io scheduler mq-deadline registered
Aug 26 13:20:41 lnicosia kernel: [    0.424952] io scheduler kyber registered
Aug 26 13:20:41 lnicosia kernel: [    0.427461] ACPI: AC: AC Adapter [AC] (on-line)
Aug 26 13:20:41 lnicosia kernel: [    0.427503] input: Power Button as /devices/LNXSYSTM:00/LNXPWRBN:00/input/input0
Aug 26 13:20:41 lnicosia kernel: [    0.427656] ACPI: button: Power Button [PWRF]
Aug 26 13:20:41 lnicosia kernel: [    0.427717] input: Sleep Button as /devices/LNXSYSTM:00/LNXSLPBN:00/input/input1
Aug 26 13:20:41 lnicosia kernel: [    0.427734] ACPI: button: Sleep Button [SLPF]
Aug 26 13:20:41 lnicosia kernel: [    0.427816] ACPI: video: Video Device [GFX0] (multi-head: yes  rom: no  post: no)
Aug 26 13:20:41 lnicosia kernel: [    0.427889] input: Video Bus as /devices/LNXSYSTM:00/LNXSYBUS:00/PNP0A03:00/LNXVIDEO:00/input/input2
Aug 26 13:20:41 lnicosia kernel: [    0.428235] Serial: 8250/16550 driver, 4 ports, IRQ sharing enabled
Aug 26 13:20:41 lnicosia kernel: [    0.428515] Non-volatile memory driver v1.3
Aug 26 13:20:41 lnicosia kernel: [    0.428516] Linux agpgart interface v0.103
Aug 26 13:20:41 lnicosia kernel: [    0.428588] ACPI: bus type drm_connector registered
Aug 26 13:20:41 lnicosia kernel: [    0.430412] loop: module loaded
Aug 26 13:20:41 lnicosia kernel: [    0.430467] ahci 0000:00:0d.0: version 3.0
Aug 26 13:20:41 lnicosia kernel: [    0.430932] ahci 0000:00:0d.0: SSS flag set, parallel bus scan disabled
Aug 26 13:20:41 lnicosia kernel: [    0.431037] ahci 0000:00:0d.0: AHCI 0001.0100 32 slots 1 ports 3 Gbps 0x1 impl SATA mode
Aug 26 13:20:41 lnicosia kernel: [    0.431041] ahci 0000:00:0d.0: flags: 64bit ncq stag only ccc 
Aug 26 13:20:41 lnicosia kernel: [    0.431629] scsi host0: ahci
Aug 26 13:20:41 lnicosia kernel: [    0.431687] ata1: SATA max UDMA/133 abar m8192@0xf0806000 port 0xf0806100 irq 21
Aug 26 13:20:41 lnicosia kernel: [    0.431723] ata_piix 0000:00:01.1: version 2.13
Aug 26 13:20:41 lnicosia kernel: [    0.432364] scsi host1: ata_piix
Aug 26 13:20:41 lnicosia kernel: [    0.432692] scsi host2: ata_piix
Aug 26 13:20:41 lnicosia kernel: [    0.432719] ata2: PATA max UDMA/33 cmd 0x1f0 ctl 0x3f6 bmdma 0xd000 irq 14
Aug 26 13:20:41 lnicosia kernel: [    0.432720] ata3: PATA max UDMA/33 cmd 0x170 ctl 0x376 bmdma 0xd008 irq 15
Aug 26 13:20:41 lnicosia kernel: [    0.432951] e100: Intel(R) PRO/100 Network Driver
Aug 26 13:20:41 lnicosia kernel: [    0.432952] e100: Copyright(c) 1999-2006 Intel Corporation
Aug 26 13:20:41 lnicosia kernel: [    0.433006] e1000: Intel(R) PRO/1000 Network Driver
Aug 26 13:20:41 lnicosia kernel: [    0.433008] e1000: Copyright (c) 1999-2006 Intel Corporation.
Aug 26 13:20:41 lnicosia kernel: [    0.604349] ata3.00: ATAPI: VBOX CD-ROM, 1.0, max UDMA/133
Aug 26 13:20:41 lnicosia kernel: [    0.744962] ata1: SATA link up 3.0 Gbps (SStatus 123 SControl 300)
Aug 26 13:20:41 lnicosia kernel: [    0.745118] ata1.00: ATA-6: VBOX HARDDISK, 1.0, max UDMA/133
Aug 26 13:20:41 lnicosia kernel: [    0.745121] ata1.00: 134217728 sectors, multi 128: LBA48 NCQ (depth 32)
Aug 26 13:20:41 lnicosia kernel: [    0.745342] ata1.00: configured for UDMA/133
Aug 26 13:20:41 lnicosia kernel: [    0.745417] scsi 0:0:0:0: Direct-Access     ATA      VBOX HARDDISK    1.0  PQ: 0 ANSI: 5
Aug 26 13:20:41 lnicosia kernel: [    0.745836] scsi 0:0:0:0: Attached scsi generic sg0 type 0
Aug 26 13:20:41 lnicosia kernel: [    0.746111] sd 0:0:0:0: [sda] 134217728 512-byte logical blocks: (68.7 GB/64.0 GiB)
Aug 26 13:20:41 lnicosia kernel: [    0.746121] sd 0:0:0:0: [sda] Write Protect is off
Aug 26 13:20:41 lnicosia kernel: [    0.746123] sd 0:0:0:0: [sda] Mode Sense: 00 3a 00 00
Aug 26 13:20:41 lnicosia kernel: [    0.746135] sd 0:0:0:0: [sda] Write cache: enabled, read cache: enabled, doesn't support DPO or FUA
Aug 26 13:20:41 lnicosia kernel: [    0.746149] sd 0:0:0:0: [sda] Preferred minimum I/O size 512 bytes
Aug 26 13:20:41 lnicosia kernel: [    0.751515] scsi 2:0:0:0: CD-ROM            VBOX     CD-ROM           1.0  PQ: 0 ANSI: 5
Aug 26 13:20:41 lnicosia kernel: [    0.769621] sr 2:0:0:0: [sr0] scsi3-mmc drive: 32x/32x xa/form2 tray
Aug 26 13:20:41 lnicosia kernel: [    0.769626] cdrom: Uniform CD-ROM driver Revision: 3.20
Aug 26 13:20:41 lnicosia kernel: [    0.770717]  sda: sda1 sda2 sda3 sda4
Aug 26 13:20:41 lnicosia kernel: [    0.770879] sd 0:0:0:0: [sda] Attached SCSI disk
Aug 26 13:20:41 lnicosia kernel: [    0.786635] sr 2:0:0:0: Attached scsi CD-ROM sr0
Aug 26 13:20:41 lnicosia kernel: [    0.786952] sr 2:0:0:0: Attached scsi generic sg1 type 5
Aug 26 13:20:41 lnicosia kernel: [    1.017944] e1000 0000:00:03.0 eth0: (PCI:33MHz:32-bit) 08:00:27:64:f3:dd
Aug 26 13:20:41 lnicosia kernel: [    1.017944] e1000 0000:00:03.0 eth0: Intel(R) PRO/1000 Network Connection
Aug 26 13:20:41 lnicosia kernel: [    1.017944] e1000e: Intel(R) PRO/1000 Network Driver
Aug 26 13:20:41 lnicosia kernel: [    1.017944] e1000e: Copyright(c) 1999 - 2015 Intel Corporation.
Aug 26 13:20:41 lnicosia kernel: [    1.017944] sky2: driver version 1.30
Aug 26 13:20:41 lnicosia kernel: [    1.019128] ehci_hcd: USB 2.0 'Enhanced' Host Controller (EHCI) Driver
Aug 26 13:20:41 lnicosia kernel: [    1.019130] ehci-pci: EHCI PCI platform driver
Aug 26 13:20:41 lnicosia kernel: [    1.019601] ehci-pci 0000:00:0b.0: EHCI Host Controller
Aug 26 13:20:41 lnicosia kernel: [    1.019738] ehci-pci 0000:00:0b.0: new USB bus registered, assigned bus number 1
Aug 26 13:20:41 lnicosia kernel: [    1.019985] ehci-pci 0000:00:0b.0: irq 19, io mem 0xf0805000
Aug 26 13:20:41 lnicosia kernel: [    1.031865] ehci-pci 0000:00:0b.0: USB 2.0 started, EHCI 1.00
Aug 26 13:20:41 lnicosia kernel: [    1.031914] usb usb1: New USB device found, idVendor=1d6b, idProduct=0002, bcdDevice= 6.00
Aug 26 13:20:41 lnicosia kernel: [    1.031916] usb usb1: New USB device strings: Mfr=3, Product=2, SerialNumber=1
Aug 26 13:20:41 lnicosia kernel: [    1.031918] usb usb1: Product: EHCI Host Controller
Aug 26 13:20:41 lnicosia kernel: [    1.031919] usb usb1: Manufacturer: Linux 6.0.0-rc2-00159-g4c612826bec1 ehci_hcd
Aug 26 13:20:41 lnicosia kernel: [    1.031920] usb usb1: SerialNumber: 0000:00:0b.0
Aug 26 13:20:41 lnicosia kernel: [    1.032357] hub 1-0:1.0: USB hub found
Aug 26 13:20:41 lnicosia kernel: [    1.032363] hub 1-0:1.0: 12 ports detected
Aug 26 13:20:41 lnicosia kernel: [    1.032631] ohci_hcd: USB 1.1 'Open' Host Controller (OHCI) Driver
Aug 26 13:20:41 lnicosia kernel: [    1.032646] ohci-pci: OHCI PCI platform driver
Aug 26 13:20:41 lnicosia kernel: [    1.034041] ohci-pci 0000:00:06.0: OHCI PCI host controller
Aug 26 13:20:41 lnicosia kernel: [    1.034946] ohci-pci 0000:00:06.0: new USB bus registered, assigned bus number 2
Aug 26 13:20:41 lnicosia kernel: [    1.035474] ohci-pci 0000:00:06.0: irq 22, io mem 0xf0804000
Aug 26 13:20:41 lnicosia kernel: [    1.227845] usb usb2: New USB device found, idVendor=1d6b, idProduct=0001, bcdDevice= 6.00
Aug 26 13:20:41 lnicosia kernel: [    1.227851] usb usb2: New USB device strings: Mfr=3, Product=2, SerialNumber=1
Aug 26 13:20:41 lnicosia kernel: [    1.227853] usb usb2: Product: OHCI PCI host controller
Aug 26 13:20:41 lnicosia kernel: [    1.227854] usb usb2: Manufacturer: Linux 6.0.0-rc2-00159-g4c612826bec1 ohci_hcd
Aug 26 13:20:41 lnicosia kernel: [    1.227855] usb usb2: SerialNumber: 0000:00:06.0
Aug 26 13:20:41 lnicosia kernel: [    1.228178] hub 2-0:1.0: USB hub found
Aug 26 13:20:41 lnicosia kernel: [    1.228195] hub 2-0:1.0: 12 ports detected
Aug 26 13:20:41 lnicosia kernel: [    1.228657] uhci_hcd: USB Universal Host Controller Interface driver
Aug 26 13:20:41 lnicosia kernel: [    1.228701] usbcore: registered new interface driver usblp
Aug 26 13:20:41 lnicosia kernel: [    1.228712] usbcore: registered new interface driver usb-storage
Aug 26 13:20:41 lnicosia kernel: [    1.228747] i8042: PNP: PS/2 Controller [PNP0303:PS2K,PNP0f03:PS2M] at 0x60,0x64 irq 1,12
Aug 26 13:20:41 lnicosia kernel: [    1.229353] serio: i8042 KBD port at 0x60,0x64 irq 1
Aug 26 13:20:41 lnicosia kernel: [    1.229360] serio: i8042 AUX port at 0x60,0x64 irq 12
Aug 26 13:20:41 lnicosia kernel: [    1.230554] rtc_cmos rtc_cmos: registered as rtc0
Aug 26 13:20:41 lnicosia kernel: [    1.230597] input: AT Translated Set 2 keyboard as /devices/platform/i8042/serio0/input/input3
Aug 26 13:20:41 lnicosia kernel: [    1.230664] rtc_cmos rtc_cmos: alarms up to one day, 114 bytes nvram
Aug 26 13:20:41 lnicosia kernel: [    1.230725] fail to initialize ptp_kvm
Aug 26 13:20:41 lnicosia kernel: [    1.231031] device-mapper: ioctl: 4.47.0-ioctl (2022-07-28) initialised: dm-devel@redhat.com
Aug 26 13:20:41 lnicosia kernel: [    1.231221] intel_pstate: CPU model not supported
Aug 26 13:20:41 lnicosia kernel: [    1.231236] hid: raw HID events driver (C) Jiri Kosina
Aug 26 13:20:41 lnicosia kernel: [    1.231464] usbcore: registered new interface driver usbhid
Aug 26 13:20:41 lnicosia kernel: [    1.231466] usbhid: USB HID core driver
Aug 26 13:20:41 lnicosia kernel: [    1.232288] Initializing XFRM netlink socket
Aug 26 13:20:41 lnicosia kernel: [    1.232441] NET: Registered PF_INET6 protocol family
Aug 26 13:20:41 lnicosia kernel: [    1.233025] Segment Routing with IPv6
Aug 26 13:20:41 lnicosia kernel: [    1.233030] In-situ OAM (IOAM) with IPv6
Aug 26 13:20:41 lnicosia kernel: [    1.233055] sit: IPv6, IPv4 and MPLS over IPv4 tunneling driver
Aug 26 13:20:41 lnicosia kernel: [    1.233155] NET: Registered PF_PACKET protocol family
Aug 26 13:20:41 lnicosia kernel: [    1.233182] 9pnet: Installing 9P2000 support
Aug 26 13:20:41 lnicosia kernel: [    1.233193] Key type dns_resolver registered
Aug 26 13:20:41 lnicosia kernel: [    1.233747] IPI shorthand broadcast: enabled
Aug 26 13:20:41 lnicosia kernel: [    1.233767] sched_clock: Marking stable (1226661547, 7017316)->(1255656387, -21977524)
Aug 26 13:20:41 lnicosia kernel: [    1.234113] registered taskstats version 1
Aug 26 13:20:41 lnicosia kernel: [    1.234114] Loading compiled-in X.509 certificates
Aug 26 13:20:41 lnicosia kernel: [    1.234746] cryptomgr_test (67) used greatest stack depth: 15736 bytes left
Aug 26 13:20:41 lnicosia kernel: [    1.235065] cryptomgr_test (69) used greatest stack depth: 15672 bytes left
Aug 26 13:20:41 lnicosia kernel: [    1.235188] cryptomgr_test (70) used greatest stack depth: 15528 bytes left
Aug 26 13:20:41 lnicosia kernel: [    1.238608] PM:   Magic number: 2:404:328
Aug 26 13:20:41 lnicosia kernel: [    1.238653] printk: console [netcon0] enabled
Aug 26 13:20:41 lnicosia kernel: [    1.238654] netconsole: network logging started
Aug 26 13:20:41 lnicosia kernel: [    1.238840] cfg80211: Loading compiled-in X.509 certificates for regulatory database
Aug 26 13:20:41 lnicosia kernel: [    1.239037] kworker/u8:2 (89) used greatest stack depth: 14256 bytes left
Aug 26 13:20:41 lnicosia kernel: [    1.239767] cfg80211: Loaded X.509 cert 'sforshee: 00b28ddf47aef9cea7'
Aug 26 13:20:41 lnicosia kernel: [    1.239774] ALSA device list:
Aug 26 13:20:41 lnicosia kernel: [    1.239775]   No soundcards found.
Aug 26 13:20:41 lnicosia kernel: [    1.239814] platform regulatory.0: Direct firmware load for regulatory.db failed with error -2
Aug 26 13:20:41 lnicosia kernel: [    1.239817] cfg80211: failed to load regulatory.db
Aug 26 13:20:41 lnicosia kernel: [    1.637621] input: ImExPS/2 Generic Explorer Mouse as /devices/platform/i8042/serio1/input/input5
Aug 26 13:20:41 lnicosia kernel: [    1.637943] md: Waiting for all devices to be available before autodetect
Aug 26 13:20:41 lnicosia kernel: [    1.637945] md: If you don't use raid, use raid=noautodetect
Aug 26 13:20:41 lnicosia kernel: [    1.638014] md: Autodetecting RAID arrays.
Aug 26 13:20:41 lnicosia kernel: [    1.638016] md: autorun ...
Aug 26 13:20:41 lnicosia kernel: [    1.638017] md: ... autorun DONE.
Aug 26 13:20:41 lnicosia kernel: [    1.702314] EXT4-fs (sda4): INFO: recovery required on readonly filesystem
Aug 26 13:20:41 lnicosia kernel: [    1.702319] EXT4-fs (sda4): write access will be enabled during recovery
Aug 26 13:20:41 lnicosia kernel: [    1.848584] usb 2-1: new full-speed USB device number 2 using ohci-pci
Aug 26 13:20:41 lnicosia kernel: [    1.861619] EXT4-fs (sda4): recovery complete
Aug 26 13:20:41 lnicosia kernel: [    1.871066] EXT4-fs (sda4): mounted filesystem with ordered data mode. Quota mode: none.
Aug 26 13:20:41 lnicosia kernel: [    1.871099] VFS: Mounted root (ext4 filesystem) readonly on device 8:4.
Aug 26 13:20:41 lnicosia kernel: [    1.923988] devtmpfs: mounted
Aug 26 13:20:41 lnicosia kernel: [    1.924601] Freeing unused kernel image (initmem) memory: 1528K
Aug 26 13:20:41 lnicosia kernel: [    1.924715] Write protecting the kernel read-only data: 24576k
Aug 26 13:20:41 lnicosia kernel: [    1.925871] Freeing unused kernel image (text/rodata gap) memory: 2032K
Aug 26 13:20:41 lnicosia kernel: [    1.932992] Freeing unused kernel image (rodata/data gap) memory: 980K
Aug 26 13:20:41 lnicosia kernel: [    1.933079] Run /sbin/init as init process
Aug 26 13:20:41 lnicosia kernel: [    1.933081]   with arguments:
Aug 26 13:20:41 lnicosia kernel: [    1.933082]     /sbin/init
Aug 26 13:20:41 lnicosia kernel: [    1.933083]   with environment:
Aug 26 13:20:41 lnicosia kernel: [    1.933083]     HOME=/
Aug 26 13:20:41 lnicosia kernel: [    1.933084]     TERM=linux
Aug 26 13:20:41 lnicosia kernel: [    1.933084]     BOOT_IMAGE=/vmlinuz-master-debug
Aug 26 13:20:41 lnicosia kernel: [    2.125301] usb 2-1: New USB device found, idVendor=80ee, idProduct=0021, bcdDevice= 1.00
Aug 26 13:20:41 lnicosia kernel: [    2.125307] usb 2-1: New USB device strings: Mfr=1, Product=3, SerialNumber=0
Aug 26 13:20:41 lnicosia kernel: [    2.125309] usb 2-1: Product: USB Tablet
Aug 26 13:20:41 lnicosia kernel: [    2.125310] usb 2-1: Manufacturer: VirtualBox
Aug 26 13:20:41 lnicosia kernel: [    2.145025] input: VirtualBox USB Tablet as /devices/pci0000:00/0000:00:06.0/usb2/2-1/2-1:1.0/0003:80EE:0021.0001/input/input6
Aug 26 13:20:41 lnicosia kernel: [    2.145371] hid-generic 0003:80EE:0021.0001: input,hidraw0: USB HID v1.10 Mouse [VirtualBox USB Tablet] on usb-0000:00:06.0-1/input0
Aug 26 13:20:41 lnicosia kernel: [    4.080239] stty (100) used greatest stack depth: 12984 bytes left
Aug 26 13:20:41 lnicosia kernel: <30>[    6.571014] udevd[177]: starting version 3.2.10
Aug 26 13:20:41 lnicosia kernel: <30>[    7.177034] udevd[178]: starting eudev-3.2.10
Aug 26 13:20:41 lnicosia kernel: [    7.644824] e1000 0000:00:03.0 enp0s3: renamed from eth0
Aug 26 13:20:41 lnicosia kernel: [    7.778943] Adding 2097148k swap on /dev/sda2.  Priority:1 extents:1 across:2097148k 
Aug 26 13:20:41 lnicosia kernel: [    7.825822] EXT4-fs (sda4): re-mounted. Quota mode: none.
Aug 26 13:20:41 lnicosia kernel: [    8.562709] EXT4-fs (sda4): re-mounted. Quota mode: none.
Aug 26 13:20:41 lnicosia kernel: [    8.867497] EXT4-fs (sda3): warning: mounting unchecked fs, running e2fsck is recommended
Aug 26 13:20:41 lnicosia kernel: [    8.878020] EXT4-fs (sda3): mounted filesystem without journal. Quota mode: none.
Aug 26 13:20:41 lnicosia kernel: [   11.565025] e1000: enp0s3 NIC Link is Up 1000 Mbps Full Duplex, Flow Control: RX
Aug 26 13:20:41 lnicosia kernel: [   11.565679] IPv6: ADDRCONF(NETDEV_CHANGE): enp0s3: link becomes ready
